Microchip MPLAB XC8 Compiler V1.42 ()

Linker command line:

-W-3 --edf=C:\Program Files (x86)\Microchip\xc8\v1.42\dat\en_msgs.txt -cs \
  -h+dist/BOOTLOADER/production\Week_4_-_Motors.production.sym \
  --cmf=dist/BOOTLOADER/production\Week_4_-_Motors.production.cmf -z \
  -Q18F67J50 -oC:\Users\Endor\AppData\Local\Temp\s7s8.2 \
  -Mdist/BOOTLOADER/production/Week_4_-_Motors.production.map -E1 -ver=XC8 \
  --acfsm=1493 -ASTACK=0372h-0f3fh -pstack=STACK \
  -ACODE=01400h-01405h,01408h-01415h,01418h-01FFF7h \
  -ACONST=01400h-01405h,01408h-01415h,01418h-01FFF7h \
  -ASMALLCONST=01400h-01405h,01408h-01415h,01418h-014FFh,01500h-015FFhx490,01FF00h-01FFF7h \
  -AMEDIUMCONST=01400h-01405h,01408h-01415h,01418h-0FFFFh,011000h-01FFF7h \
  -ACOMRAM=01h-05Fh -AABS1=00h-0F3Fh -ABIGRAM=01h-0F3Fh \
  -ARAM=060h-0FFh,0100h-01FFhx14,0F00h-0F3Fh -ABANK0=060h-0FFh \
  -ABANK1=0100h-01FFh -ABANK2=0200h-02FFh -ABANK3=0300h-03FFh \
  -ABANK4=0400h-04FFh -ABANK5=0500h-05FFh -ABANK6=0600h-06FFh \
  -ABANK7=0700h-07FFh -ABANK8=0800h-08FFh -ABANK9=0900h-09FFh \
  -ABANK10=0A00h-0AFFh -ABANK11=0B00h-0BFFh -ABANK12=0C00h-0CFFh \
  -ABANK13=0D00h-0DFFh -ABANK14=0E00h-0EFFh -ABANK15=0F00h-0F3Fh \
  -ASFR=0F40h-0F5Fh,0F60h-0FFFh \
  -preset_vec=01400h,intcode=01408h,intcodelo,powerup,init -pramtop=01000h \
  -psmallconst=SMALLCONST -pmediumconst=MEDIUMCONST -pconst=CONST \
  -AFARRAM=00h-00h -ACONFIG=01FFF8h-01FFFDh -pconfig=CONFIG \
  -pjflash_buffer=01F800h \
  -prdata=COMRAM,nvrram=COMRAM,nvbit=COMRAM,rbss=COMRAM,rbit=COMRAM \
  -pfarbss=FARRAM,fardata=FARRAM,nvFARRAM=FARRAM \
  -pintsave_regs=BIGRAM,bigbss=BIGRAM,bigdata=BIGRAM -pbss=RAM \
  -pidata=CODE,irdata=CODE,ibigdata=CODE,ifardata=CODE -prparam=COMRAM \
  C:\Users\Endor\AppData\Local\Temp\s7s8.obj \
  dist/BOOTLOADER/production\Week_4_-_Motors.production.obj 

Object code version is 3.11

Machine type is 18F67J50

Call graph: (short form)




                Name                               Link     Load   Length Selector   Space Scale
C:\Users\Endor\AppData\Local\Temp\s7s8.obj
                init                               148A     148A        4      A04       0
                reset_vec                          1400     1400        4      A00       0
                config                            1FFF8    1FFF8        6    1FFF8       0
dist/BOOTLOADER/production\Week_4_-_Motors.production.obj
                intcode                            1408     1408       82      A04       0
                temp                                 49       49        1        1       1
                mediumconst                        FD18     FD18      2E8     7E8C       0
                text137                           146E8    146E8        E     8000       0
                text136                           14764    14764        6     A3A9       0
                text135                           13F9A    13F9A       40     8000       0
                text134                           1417C    1417C       36     8000       0
                text133                           13D1E    13D1E       4C     8000       0
                text132                           134E6    134E6       76     8000       0
                text131                           14564    14564       1A     8000       0
                text130                           142D8    142D8       30     8000       0
                text129                           12C32    12C32       AA     8000       0
                text128                           1470E    1470E        C     8000       0
                text127                           1475E    1475E        6     A3A9       0
                text126                           121E8    121E8       FE     8000       0
                text125                           14336    14336       2E     8000       0
                text123                           132EA    132EA       86     8000       0
                text122                           141B2    141B2       34     8000       0
                text121                           12654    12654       D0     8000       0
                text120                           146AC    146AC       12     8000       0
                text119                           13808    13808       6C     8000       0
                text118                           14474    14474       22     8000       0
                text117                           1452C    1452C       1E     8000       0
                text116                           12B88    12B88       AA     8000       0
                text115                           14146    14146       36     8000       0
                text114                           12ECE    12ECE       A4     8000       0
                text113                           136B8    136B8       74     8000       0
                text112                           110E8    110E8      20C     8000       0
                text111                           14738    14738        A     8000       0
                text110                           12A24    12A24       B6     8000       0
                text109                           14452    14452       22     8000       0
                text108                           12F72    12F72       9C     8000       0
                text107                           1450E    1450E       1E     8000       0
                text106                           14056    14056       3E     8000       0
                text105                           133F2    133F2       7C     8000       0
                text104                           138DE    138DE       6A     8000       0
                text103                           13AD4    13AD4       5A     8000       0
                text102                           14430    14430       22     8000       0
                text101                           13E8A    13E8A       46     8000       0
                text100                           10A5C    10A5C      256     8000       0
                text99                            139AC    139AC       64     8000       0
                text98                            114EE    114EE      1C0     8000       0
                text97                            144F0    144F0       1E     8000       0
                text96                            1476A    1476A        4     A3A9       0
                text95                            144D2    144D2       1E     8000       0
                text94                            12580    12580       D4     8000       0
                text93                            142A8    142A8       30     8000       0
                text92                            143E4    143E4       28     8000       0
                text91                            14742    14742        8     8000       0
                text90                            12968    12968       BC     8000       0
                text89                            11F72    11F72      152     8000       0
                text88                            10000    10000      41E     8000       0
                text87                            13644    13644       74     8000       0
                text86                            112F4    112F4      1FA     8000       0
                text85                            14758    14758        6     A3A9       0
                text84                            1472E    1472E        A     8000       0
                text83                            13E44    13E44       46     8000       0
                text82                            12724    12724       C4     8000       0
                text81                            14278    14278       30     8000       0
                text80                            13DFC    13DFC       48     8000       0
                text79                            14696    14696       16     8000       0
                text78                            107D8    107D8      284     8000       0
                text77                            122E6    122E6       EC     8000       0
                text76                            1346E    1346E       78     8000       0
                text75                            13A72    13A72       62     8000       0
                text74                            1379C    1379C       6C     8000       0
                text73                            123D2    123D2       D8     8000       0
                text72                            143BA    143BA       2A     8000       0
                text71                            14680    14680       16     8000       0
                text70                            1466A    1466A       16     8000       0
                text69                            14654    14654       16     8000       0
                text68                            131D0    131D0       90     8000       0
                text67                            140D0    140D0       3C     8000       0
                text66                            14364    14364       2C     8000       0
                text65                            13B86    13B86       58     8000       0
                text64                            13F14    13F14       44     8000       0
                text63                            14248    14248       30     8000       0
                text62                            141E6    141E6       32     8000       0
                text61                            14308    14308       2E     8000       0
                text60                            13D6A    13D6A       4A     8000       0
                text59                            14626    14626       18     8000       0
                text58                            1460E    1460E       18     8000       0
                text57                            145F6    145F6       18     8000       0
                text56                            145DE    145DE       18     8000       0
                text55                            145C6    145C6       18     8000       0
                text54                            145AE    145AE       18     8000       0
                text53                            14596    14596       18     8000       0
                text52                            11CB8    11CB8      166     8000       0
                text51                            135D0    135D0       74     8000       0
                text50                            13370    13370       82     8000       0
                text49                            14018    14018       3E     8000       0
                text48                            14724    14724        A     8000       0
                text47                            144B4    144B4       1E     8000       0
                text46                            14496    14496       1E     8000       0
                text45                            13874    13874       6A     8000       0
                text44                            13C80    13C80       50     8000       0
                text43                            1355C    1355C       74     8000       0
                text42                            1372C    1372C       70     8000       0
                text41                            13B2E    13B2E       58     8000       0
                text40                            130A6    130A6       98     8000       0
                text39                            11B46    11B46      172     8000       0
                text38                            13BDE    13BDE       52     8000       0
                text37                            13FDA    13FDA       3E     8000       0
                text36                            146DA    146DA        E     8000       0
                text35                            1463E    1463E       16     8000       0
                text34                            13F58    13F58       42     8000       0
                text33                            14702    14702        C     8000       0
                text32                            14752    14752        6     A3A9       0
                text31                            120C4    120C4      124     8000       0
                text30                            14218    14218       30     8000       0
                text29                            13C30    13C30       50     8000       0
                text28                            13A10    13A10       62     8000       0
                text27                            12E28    12E28       A6     8000       0
                text26                            12D82    12D82       A6     8000       0
                text25                            12CDC    12CDC       A6     8000       0
                text24                            146CC    146CC        E     8000       0
                text23                            1041E    1041E      3BA     8000       0
                text22                            13DB4    13DB4       48     8000       0
                text21                            10CB2    10CB2      22A     8000       0
                text20                            116AE    116AE      192     8000       0
                text19                            119CC    119CC      17A     8000       0
                text18                            13ED0    13ED0       44     8000       0
                text17                            146F6    146F6        C     8000       0
                text16                            11E1E    11E1E      154     8000       0
                text15                            124AA    124AA       D6     8000       0
                text14                            1440C    1440C       24     8000       0
                text13                            1410C    1410C       3A     8000       0
                text12                            14390    14390       2A     8000       0
                text11                            14094    14094       3C     8000       0
                text10                            13CD0    13CD0       4E     8000       0
                text9                             1454A    1454A       1A     8000       0
                text8                             13260    13260       8A     8000       0
                text7                             1313E    1313E       92     8000       0
                text6                             13948    13948       64     8000       0
                text5                             128AA    128AA       BE     8000       0
                text4                             127E8    127E8       C2     8000       0
                text3                             11840    11840      18C     8000       0
                text2                             146BE    146BE        E     8000       0
                text1                             1300E    1300E       98     8000       0
                text0                             10EDC    10EDC      20C     8000       0
                cstackCOMRAM                          1        1       24        1       1
                cstackBANK0                          B1       B1       48       60       1
                cstackBANK1                         1E2      1E2       16      100       1
                bssBIGRAM                           246      246      12C      246       1
                bssBANK2                            200      200       46      200       1
                dataBANK1                           1CA      1CA       18      100       1
                bssBANK1                            100      100       CA      100       1
                dataBANK0                            F9       F9        7       60       1
                bssBANK0                             60       60       51       60       1
                dataCOMRAM                           3F       3F        A        1       1
                bssCOMRAM                            25       25       1A        1       1
                cinit                             12ADA    12ADA       AE     8000       0
                idataBANK1                        1457E    1457E       18     8000       0
                idataBANK0                        1474A    1474A        7     8000       0
                idataCOMRAM                       1471A    1471A        A     8000       0

TOTAL           Name                               Link     Load   Length     Space
        CLASS   STACK          

        CLASS   CODE           
                intcode                            1408     1408       82         0
                init                               148A     148A        4         0
                reset_vec                          1400     1400        4         0
                text137                           146E8    146E8        E         0
                text136                           14764    14764        6         0
                text135                           13F9A    13F9A       40         0
                text134                           1417C    1417C       36         0
                text133                           13D1E    13D1E       4C         0
                text132                           134E6    134E6       76         0
                text131                           14564    14564       1A         0
                text130                           142D8    142D8       30         0
                text129                           12C32    12C32       AA         0
                text128                           1470E    1470E        C         0
                text127                           1475E    1475E        6         0
                text126                           121E8    121E8       FE         0
                text125                           14336    14336       2E         0
                text123                           132EA    132EA       86         0
                text122                           141B2    141B2       34         0
                text121                           12654    12654       D0         0
                text120                           146AC    146AC       12         0
                text119                           13808    13808       6C         0
                text118                           14474    14474       22         0
                text117                           1452C    1452C       1E         0
                text116                           12B88    12B88       AA         0
                text115                           14146    14146       36         0
                text114                           12ECE    12ECE       A4         0
                text113                           136B8    136B8       74         0
                text112                           110E8    110E8      20C         0
                text111                           14738    14738        A         0
                text110                           12A24    12A24       B6         0
                text109                           14452    14452       22         0
                text108                           12F72    12F72       9C         0
                text107                           1450E    1450E       1E         0
                text106                           14056    14056       3E         0
                text105                           133F2    133F2       7C         0
                text104                           138DE    138DE       6A         0
                text103                           13AD4    13AD4       5A         0
                text102                           14430    14430       22         0
                text101                           13E8A    13E8A       46         0
                text100                           10A5C    10A5C      256         0
                text99                            139AC    139AC       64         0
                text98                            114EE    114EE      1C0         0
                text97                            144F0    144F0       1E         0
                text96                            1476A    1476A        4         0
                text95                            144D2    144D2       1E         0
                text94                            12580    12580       D4         0
                text93                            142A8    142A8       30         0
                text92                            143E4    143E4       28         0
                text91                            14742    14742        8         0
                text90                            12968    12968       BC         0
                text89                            11F72    11F72      152         0
                text88                            10000    10000      41E         0
                text87                            13644    13644       74         0
                text86                            112F4    112F4      1FA         0
                text85                            14758    14758        6         0
                text84                            1472E    1472E        A         0
                text83                            13E44    13E44       46         0
                text82                            12724    12724       C4         0
                text81                            14278    14278       30         0
                text80                            13DFC    13DFC       48         0
                text79                            14696    14696       16         0
                text78                            107D8    107D8      284         0
                text77                            122E6    122E6       EC         0
                text76                            1346E    1346E       78         0
                text75                            13A72    13A72       62         0
                text74                            1379C    1379C       6C         0
                text73                            123D2    123D2       D8         0
                text72                            143BA    143BA       2A         0
                text71                            14680    14680       16         0
                text70                            1466A    1466A       16         0
                text69                            14654    14654       16         0
                text68                            131D0    131D0       90         0
                text67                            140D0    140D0       3C         0
                text66                            14364    14364       2C         0
                text65                            13B86    13B86       58         0
                text64                            13F14    13F14       44         0
                text63                            14248    14248       30         0
                text62                            141E6    141E6       32         0
                text61                            14308    14308       2E         0
                text60                            13D6A    13D6A       4A         0
                text59                            14626    14626       18         0
                text58                            1460E    1460E       18         0
                text57                            145F6    145F6       18         0
                text56                            145DE    145DE       18         0
                text55                            145C6    145C6       18         0
                text54                            145AE    145AE       18         0
                text53                            14596    14596       18         0
                text52                            11CB8    11CB8      166         0
                text51                            135D0    135D0       74         0
                text50                            13370    13370       82         0
                text49                            14018    14018       3E         0
                text48                            14724    14724        A         0
                text47                            144B4    144B4       1E         0
                text46                            14496    14496       1E         0
                text45                            13874    13874       6A         0
                text44                            13C80    13C80       50         0
                text43                            1355C    1355C       74         0
                text42                            1372C    1372C       70         0
                text41                            13B2E    13B2E       58         0
                text40                            130A6    130A6       98         0
                text39                            11B46    11B46      172         0
                text38                            13BDE    13BDE       52         0
                text37                            13FDA    13FDA       3E         0
                text36                            146DA    146DA        E         0
                text35                            1463E    1463E       16         0
                text34                            13F58    13F58       42         0
                text33                            14702    14702        C         0
                text32                            14752    14752        6         0
                text31                            120C4    120C4      124         0
                text30                            14218    14218       30         0
                text29                            13C30    13C30       50         0
                text28                            13A10    13A10       62         0
                text27                            12E28    12E28       A6         0
                text26                            12D82    12D82       A6         0
                text25                            12CDC    12CDC       A6         0
                text24                            146CC    146CC        E         0
                text23                            1041E    1041E      3BA         0
                text22                            13DB4    13DB4       48         0
                text21                            10CB2    10CB2      22A         0
                text20                            116AE    116AE      192         0
                text19                            119CC    119CC      17A         0
                text18                            13ED0    13ED0       44         0
                text17                            146F6    146F6        C         0
                text16                            11E1E    11E1E      154         0
                text15                            124AA    124AA       D6         0
                text14                            1440C    1440C       24         0
                text13                            1410C    1410C       3A         0
                text12                            14390    14390       2A         0
                text11                            14094    14094       3C         0
                text10                            13CD0    13CD0       4E         0
                text9                             1454A    1454A       1A         0
                text8                             13260    13260       8A         0
                text7                             1313E    1313E       92         0
                text6                             13948    13948       64         0
                text5                             128AA    128AA       BE         0
                text4                             127E8    127E8       C2         0
                text3                             11840    11840      18C         0
                text2                             146BE    146BE        E         0
                text1                             1300E    1300E       98         0
                text0                             10EDC    10EDC      20C         0
                cinit                             12ADA    12ADA       AE         0
                idataBANK1                        1457E    1457E       18         0
                idataBANK0                        1474A    1474A        7         0
                idataCOMRAM                       1471A    1471A        A         0

        CLASS   CONST          

        CLASS   SMALLCONST     

        CLASS   MEDIUMCONST    
                mediumconst                        FD18     FD18      2E8         0

        CLASS   COMRAM         
                temp                                 49       49        1         1
                cstackCOMRAM                          1        1       24         1
                dataCOMRAM                           3F       3F        A         1
                bssCOMRAM                            25       25       1A         1

        CLASS   ABS1           

        CLASS   BIGRAM         
                bssBIGRAM                           246      246      12C         1

        CLASS   RAM            

        CLASS   BANK0          
                cstackBANK0                          B1       B1       48         1
                dataBANK0                            F9       F9        7         1
                bssBANK0                             60       60       51         1

        CLASS   BANK1          
                cstackBANK1                         1E2      1E2       16         1
                dataBANK1                           1CA      1CA       18         1
                bssBANK1                            100      100       CA         1

        CLASS   BANK2          
                bssBANK2                            200      200       46         1

        CLASS   BANK3          

        CLASS   BANK4          

        CLASS   BANK5          

        CLASS   BANK6          

        CLASS   BANK7          

        CLASS   BANK8          

        CLASS   BANK9          

        CLASS   BANK10         

        CLASS   BANK11         

        CLASS   BANK12         

        CLASS   BANK13         

        CLASS   BANK14         

        CLASS   BANK15         

        CLASS   SFR            

        CLASS   FARRAM         

        CLASS   CONFIG         
                config                            1FFF8    1FFF8        6         0

        CLASS   IDLOC          



SEGMENTS        Name                           Load    Length   Top    Selector   Space  Class

                cstackCOMRAM                   000001  000049  00004A         1       1  COMRAM  
                bssBANK0                       000060  0000A0  000100        60       1  BANK0   
                bssBANK1                       000100  0000F8  0001F8       100       1  BANK1   
                bssBANK2                       000200  000046  000246       200       1  BANK2   
                bssBIGRAM                      000246  00012C  000372       246       1  BIGRAM  
                reset_vec                      001400  000004  001404       A00       0  CODE    
                intcode                        001408  000086  00148E       A04       0  CODE    
                mediumconst                    00FD18  0002E8  010000      7E8C       0  MEDIUMCO
                text88                         010000  004751  014751      8000       0  CODE    
                text32                         014752  00001C  01476E      A3A9       0  CODE    
                config                         01FFF8  000006  01FFFE     1FFF8       0  CONFIG  


UNUSED ADDRESS RANGES

        Name                Unused          Largest block    Delta
        BANK1            001F8-001FF               8
        BANK10           00A00-00AFF             100
        BANK11           00B00-00BFF             100
        BANK12           00C00-00CFF             100
        BANK13           00D00-00DFF             100
        BANK14           00E00-00EFF             100
        BANK15           00F00-00F3F              40
        BANK3            00372-003FF              8E
        BANK4            00400-004FF             100
        BANK5            00500-005FF             100
        BANK6            00600-006FF             100
        BANK7            00700-007FF             100
        BANK8            00800-008FF             100
        BANK9            00900-009FF             100
        BIGRAM           0004A-0005F              16
                         001F8-001FF               8
                         00372-00F3F             BCE
        CODE             01404-01405               2
                         0148E-0FD17            E88A
                         14751-14751               1
                         1476E-1FFF7            B88A
        COMRAM           0004A-0005F              16
        CONST            01404-01405               2
                         0148E-0FD17            E88A
                         14751-14751               1
                         1476E-1FFF7            B88A
        FARRAM           00000-00000               1
        MEDIUMCONST      01404-01405               2
                         0148E-0FD17            E88A
                         14751-14751               1
                         1476E-1FFF7            B88A
        RAM              001F8-001FF               8
                         00372-00F3F             100
        SFR              00F40-00FFF              20
        SMALLCONST       01404-01405               2
                         0148E-0FD17             100
                         14751-14751               1
                         1476E-1FFF7             100
        STACK            00372-00F3F             BCE

                                  Symbol Table

?_Console_MakeField               cstackBANK0   000B6
?_GetPortPORT                     cstackBANK0   000B1
?_GetPortProperties               cstackBANK0   000B1
?_GetPortTRIS                     cstackBANK0   000B1
?___awdiv                         cstackBANK0   000B1
?___lldiv                         cstackBANK0   000B1
?___lwdiv                         cstackBANK0   000B1
?___lwmod                         cstackBANK0   000B1
?___wmul                          cstackBANK0   000B1
?_printf                          cstackBANK0   000C6
Button_Init@pFunction             cstackBANK0   000F6
Button_Init@pGetState             cstackBANK0   000F3
Button_Init@pInitIO               cstackBANK0   000F0
Button_Init@pInput                cstackBANK0   000EC
Button_Init@pThreshold            cstackBANK0   000EE
Button_Poll@Pin                   cstackBANK0   000D4
Button_Poll@pButton               cstackBANK0   000CC
Button_Poll@pIncrement            cstackBANK0   000CE
Byte_GetBit@Output                cstackBANK0   000B5
Byte_GetBit@pBit                  cstackBANK0   000B3
Byte_GetBit@pInput                cstackBANK0   000B1
Byte_GetPair@pInput               cstackBANK0   000BA
Byte_GetPair@pPair                cstackBANK0   000BC
Byte_GetZone@MASK                 cstackBANK0   000B7
Byte_GetZone@Offset               cstackBANK0   000B8
Byte_GetZone@Output               cstackBANK0   000B9
Byte_GetZone@pChunk               cstackBANK0   000B4
Byte_GetZone@pChunkSize           cstackBANK0   000B5
Byte_GetZone@pInput               cstackBANK0   000B1
Byte_GetZone@pMax                 cstackBANK0   000B3
Byte_SetBit@pBit                  cstackBANK0   000B3
Byte_SetBit@pInput                cstackBANK0   000B1
Byte_SetBit@pValue                cstackBANK0   000B4
Byte_SetByte@pInput               cstackBANK0   000B1
Byte_SetByte@pValue               cstackBANK0   000B3
Byte_SetPair@pInput               cstackBANK0   000BC
Byte_SetPair@pPair                cstackBANK0   000BE
Byte_SetPair@pValue               cstackBANK0   000BF
Byte_SetQuad@pInput               cstackBANK0   000BC
Byte_SetQuad@pQuad                cstackBANK0   000BE
Byte_SetQuad@pValue               cstackBANK0   000BF
Byte_SetZone@MASK                 cstackBANK0   000BB
Byte_SetZone@Offset               cstackBANK0   000BA
Byte_SetZone@pChunk               cstackBANK0   000B4
Byte_SetZone@pChunkSize           cstackBANK0   000B5
Byte_SetZone@pInput               cstackBANK0   000B1
Byte_SetZone@pMax                 cstackBANK0   000B3
Byte_SetZone@pValue               cstackBANK0   000B6
Console_FormFeed@x                cstackBANK0   000B3
Console_FormFeed@y                cstackBANK0   000B4
Console_Init@x                    cstackBANK0   000B3
Console_Init@y                    cstackBANK0   000B4
Console_MakeField@Column          cstackBANK0   000BD
Console_MakeField@Fill            bssBANK2      00200
Console_MakeField@Index           cstackBANK0   000BA
Console_MakeField@pInput          cstackBANK0   000BC
Console_MakeField@x               cstackBANK0   000C1
Console_MakeField@y               cstackBANK0   000C2
Console_PrintChar@pInput          cstackBANK0   000C4
Console_Render@F6956              dataBANK1     001DA
Console_Render@lCursor            cstackBANK0   000D7
Console_Render@temp               cstackBANK0   000D6
Console_Render@x                  cstackBANK0   000DB
Console_Render@y                  cstackBANK0   000DC
Console_SetForecolour@pColour     cstackBANK0   000B1
Console_Tab@c                     cstackBANK0   000C0
Console_Tab@i                     cstackBANK0   000BF
Console_Tab@t                     cstackBANK0   000BE
Event_DIPSwitch@Bar               cstackBANK0   000CB
Event_DIPSwitch@pState            cstackBANK0   000CA
Event_HMI_DIPSwitch@Bar           cstackBANK0   000CB
Event_HMI_DIPSwitch@pState        cstackBANK0   000CA
Event_HMI_DownButton@pState       cstackBANK0   000CA
Event_HMI_LeftButton@pState       cstackBANK0   000CA
Event_HMI_RightButton@pState      cstackBANK0   000CA
Event_HMI_UpButton@pState         cstackBANK0   000CA
Event_TestButton@j                bssBANK0      0007B
Event_TestButton@pState           cstackBANK0   000CA
GetPortPORT@pInput                cstackBANK0   000B3
GetPortProperties@pInput          cstackBANK0   000B3
GetPortTRIS@pInput                cstackBANK0   000B3
HMI_GRender@a                     bssCOMRAM     0002C
HMI_Init@in                       cstackBANK1   001E2
HMI_Render@a                      cstackBANK0   000B9
HMI_SetBar@pValue                 cstackBANK0   000B1
HMI_SetButton@F7211               mediumconst   0FDF4
HMI_SetButton@pValue              cstackBANK0   000B7
HMI_SetButton@reindex             cstackBANK0   000B3
HMI_SetButton@v                   cstackBANK0   000B8
HMI_SetDown@pValue                cstackBANK0   000B1
HMI_SetLeft@pValue                cstackBANK0   000B1
HMI_SetNumber@pInput              cstackBANK0   000C2
HMI_SetRight@pValue               cstackBANK0   000B1
HMI_SetSegments@in                cstackBANK0   000B5
HMI_SetSegments@pString           cstackBANK0   000B2
HMI_SetUp@pValue                  cstackBANK0   000B1
LCD_DrawField@count               cstackBANK0   000CF
LCD_DrawField@i                   cstackBANK0   000D3
LCD_DrawField@pField              cstackBANK0   000C3
LCD_DrawField@pPoint              cstackBANK0   000C5
LCD_DrawField@pSize               cstackBANK0   000C9
LCD_DrawField@xmax                cstackBANK0   000D1
LCD_DrawField@ymax                cstackBANK0   000D2
LCD_DrawRectangle@p2              bssBANK0      000AD
LCD_DrawRectangle@p4              bssBANK0      000A9
LCD_Fill@i                        cstackBANK0   000BC
LCD_Fill@j                        cstackBANK0   000BD
LCD_Fill@pColour                  cstackBANK0   000BA
LCD_FillRectangle@i               cstackBANK0   000C6
LCD_FillRectangle@j               cstackBANK0   000C7
LCD_FillRectangle@pColour         cstackBANK0   000BA
LCD_FillRectangle@pPoint          cstackBANK0   000BC
LCD_FillRectangle@pSize           cstackBANK0   000C0
LCD_Init@i                        cstackBANK0   000E8
LCD_Word_Write@value              cstackBANK0   000B6
LCD_Write@mode                    cstackBANK0   000B4
LCD_Write@value                   cstackBANK0   000B5
LED_Init@pLED                     cstackBANK0   000DE
LED_Set@pLED                      cstackBANK0   000C6
LED_Set@pValue                    cstackBANK0   000C5
LED_Toggle@pLED                   cstackBANK0   000C9
MXK_BlockSwitchTo@CUR             cstackBANK0   000B7
MXK_BlockSwitchTo@pModule         cstackBANK0   000B8
MXK_Queue@pCallback               cstackBANK0   000B1
MXK_SwitchTo@CUR                  cstackBANK0   000B7
MXK_SwitchTo@pModule              cstackBANK0   000B8
Mode_Set@pMode                    cstackBANK0   000B1
Motor_Continious@pDirection       cstackBANK0   000B3
Motor_Continious@pMotor           cstackBANK0   000B1
Motor_Init@pAddress               cstackBANK0   000E0
Motor_Init@pMotor                 cstackBANK0   000DE
Motor_Move@pDelta                 cstackBANK0   000B6
Motor_Move@pMotor                 cstackBANK0   000B4
Motor_Speed@pFrequency            cstackBANK0   000CE
Motor_Speed@pMotor                cstackBANK0   000CC
OutSeg@a                          bssCOMRAM     00033
OutSeg@cur                        bssCOMRAM     00035
OutSeg@out                        cstackBANK0   000B8
OutSeg@pInput                     cstackBANK0   000B7
OutSeg@pSegment                   cstackBANK0   000B4
OutSeg@segset                     bssCOMRAM     00034
PortProperty_Valid@Errors         cstackBANK0   000C6
PortProperty_Valid@F6830          mediumconst   0FDDB
PortProperty_Valid@Pair           cstackBANK0   000D6
PortProperty_Valid@pInput         cstackBANK0   000C0
PortProperty_Valid@pPin           cstackBANK0   000C3
PortProperty_Valid@pPinDrive      cstackBANK0   000C2
Port_CheckPairType@Output         cstackBANK0   000DD
Port_CheckPairType@Pin1           cstackBANK0   000DB
Port_CheckPairType@Pin2           cstackBANK0   000DC
Port_CheckPairType@Props          cstackBANK0   000DE
Port_CheckPairType@pDrive         cstackBANK0   000DA
Port_CheckPairType@pInput         cstackBANK0   000D7
Port_CheckPairType@pPair          cstackBANK0   000D9
Port_CheckPortType@Output         cstackBANK0   000EA
Port_CheckPortType@pDrive         cstackBANK0   000E9
Port_CheckPortType@pInput         cstackBANK0   000E7
Port_CheckQuadType@Output         cstackBANK0   000E6
Port_CheckQuadType@Pair1          cstackBANK0   000E4
Port_CheckQuadType@Pair2          cstackBANK0   000E5
Port_CheckQuadType@pDrive         cstackBANK0   000E3
Port_CheckQuadType@pInput         cstackBANK0   000E0
Port_CheckQuadType@pQuad          cstackBANK0   000E2
Port_GetPin@Output                cstackBANK0   000B6
Port_GetPin@pInput                cstackBANK0   000B1
Port_GetPin@pPin                  cstackBANK0   000B3
Port_GetQuad@Output               cstackBANK0   000B6
Port_GetQuad@pInput               cstackBANK0   000B1
Port_GetQuad@pQuad                cstackBANK0   000B3
Port_Init@i                       cstackBANK0   000F6
Port_Init@pInput                  cstackBANK0   000F1
Port_Init@pPort                   cstackBANK0   000F3
Port_Set@Type                     cstackBANK0   000D7
Port_Set@TypeActual               cstackBANK0   000D5
Port_Set@TypeRequired             cstackBANK0   000D3
Port_Set@pInput                   cstackBANK0   000C0
Port_Set@pValue                   cstackBANK0   000C2
Port_SetPin@Type                  cstackBANK0   000C4
Port_SetPin@pInput                cstackBANK0   000C0
Port_SetPin@pPin                  cstackBANK0   000C2
Port_SetPin@pValue                cstackBANK0   000C3
Port_SetPinType@Output            cstackBANK0   000DB
Port_SetPinType@Props             cstackBANK0   000DC
Port_SetPinType@pInput            cstackBANK0   000D7
Port_SetPinType@pPin              cstackBANK0   000D9
Port_SetPinType@pType             cstackBANK0   000DA
Port_SetQuadType@Output           cstackBANK0   000EB
Port_SetQuadType@pInput           cstackBANK0   000E7
Port_SetQuadType@pQuad            cstackBANK0   000E9
Port_SetQuadType@pType            cstackBANK0   000EA
Port_SetType@Output               cstackBANK0   000F0
Port_SetType@pInput               cstackBANK0   000EB
Port_SetType@pType                cstackBANK0   000ED
Port_TogglePin@Value              cstackBANK0   000C8
Port_TogglePin@pInput             cstackBANK0   000C5
Port_TogglePin@pPin               cstackBANK0   000C7
SPI_DCS@pInput                    cstackBANK0   000B1
SPI_DisableISR@pInput             cstackBANK0   000B1
SPI_Init@pChannel                 cstackBANK0   000E2
SPI_Init@pClock                   cstackBANK0   000DE
SPI_Init@pInput                   cstackBANK0   000E4
SPI_Init@pMode                    cstackBANK0   000E3
SPI_MaxSpeed@pInput               cstackBANK0   000C0
SPI_MinSpeed@pInput               cstackBANK0   000C0
SPI_Send9@dat                     bssBANK0      00079
SPI_Send@pData                    cstackBANK0   000B3
SPI_Send@pInput                   cstackBANK0   000B1
Set_Addr_Window@xe                cstackBANK0   000B7
Set_Addr_Window@xs                cstackBANK0   000B9
Set_Addr_Window@ye                cstackBANK0   000B8
Set_Addr_Window@ys                cstackBANK0   000B6
Set_Rotation@m                    cstackBANK0   000B6
Set_Rotation@rotation             cstackBANK0   000B7
Timer0_Init@DIV                   bssBANK0      00064
Timer0_Init@DIVIDE                cstackBANK0   000C8
Timer0_Init@PRE                   bssCOMRAM     00030
Timer0_Init@PRESCALE              mediumconst   0FDCB
Timer0_Init@pCPUClock             cstackBANK0   000C4
Timer0_Init@pFrequency            cstackBANK0   000BE
Timer0_Start@pFunction            cstackBANK0   000B1
Timer2_Init@DIV                   bssBANK0      00060
Timer2_Init@DIVIDE                cstackBANK0   000CB
Timer2_Init@INDEX                 bssCOMRAM     0002F
Timer2_Init@PRE                   bssCOMRAM     0002E
Timer2_Init@PRESCALE              mediumconst   0FDF8
Timer2_Init@RDIV                  cstackBANK0   000C3
Timer2_Init@pCPUClock             cstackBANK0   000C7
Timer2_Init@pFrequency            cstackBANK0   000BE
ToSegment@pCHR                    cstackBANK0   000B1
Word_GetPair@pInput               cstackBANK0   000BD
Word_GetPair@pPair                cstackBANK0   000BF
Word_SetPair@pInput               cstackBANK0   000C0
Word_SetPair@pPair                cstackBANK0   000C2
Word_SetPair@pValue               cstackBANK0   000C3
_ADCON0bits                       (abs)         00FC2
_ADCON1bits                       (abs)         00FC1
_ADC_AN0                          bssBANK0      000A4
_ADC_AN1                          bssBANK0      0009F
_ADC_AN2                          bssBANK1      001C5
_ADC_AN3                          bssBANK1      001C0
_ADC_Initialised                  bssBANK0      0007F
_ADRESH                           (abs)         00FC4
_ADRESL                           (abs)         00FC3
_ANCON0                           (abs)         00FC1
_Bus_State                        dataCOMRAM    00043
_Button_Init                      text94        12580
_Button_Poll                      text52        11CB8
_Byte_GetBit                      text122       141B2
_Byte_GetPair                     text107       1450E
_Byte_GetZone                     text108       12F72
_Byte_SetBit                      text99        139AC
_Byte_SetByte                     text24        146CC
_Byte_SetPair                     text102       14430
_Byte_SetQuad                     text109       14452
_Byte_SetZone                     text110       12A24
_COUNTER                          bssCOMRAM     00028
_Configure_GPIOs                  text42        1372C
_Console_Backspace                text10        13CD0
_Console_ClearCursor              text11        14094
_Console_FormFeed                 text8         13260
_Console_IncrementCursor          text6         13948
_Console_Init                     text123       132EA
_Console_MakeField                text121       12654
_Console_MakeField$10974          cstackBANK0   000BF
_Console_NewLine                  text7         1313E
_Console_PrintChar                text3         11840
_Console_Render                   text112       110E8
_Console_ResetCursor              text9         1454A
_Console_SetForecolour            text111       14738
_Console_Tab                      text4         127E8
_DIPSwitch                        bssBANK1      00177
_Event_DIPSwitch                  text61        14308
_Event_HMI_DIPSwitch              text66        14364
_Event_HMI_DownButton             text62        141E6
_Event_HMI_LeftButton             text65        13B86
_Event_HMI_RightButton            text64        13F14
_Event_HMI_UpButton               text63        14248
_Event_TestButton                 text67        140D0
_Font5x7                          mediumconst   0FDFB
_GetPortPORT                      text27        12E28
_GetPortProperties                text26        12D82
_GetPortTRIS                      text25        12CDC
_HMIBoard                         bssBANK1      00127
_HMI_DIPSwitch                    text54        145AE
_HMI_DownSwitch                   text55        145C6
_HMI_GetBar                       text85        14758
_HMI_Init                         text86        112F4
_HMI_InitButtons                  text96        1476A
_HMI_LeftSwitch                   text58        1460E
_HMI_Poll                         text51        135D0
_HMI_Render                       text49        14018
_HMI_RightSwitch                  text57        145F6
_HMI_SetBar                       text84        1472E
_HMI_SetButton                    text68        131D0
_HMI_SetDown                      text79        14696
_HMI_SetLeft                      text71        14680
_HMI_SetNumber                    text72        143BA
_HMI_SetRight                     text70        1466A
_HMI_SetSegments                  text77        122E6
_HMI_SetUp                        text69        14654
_HMI_UpSwitch                     text56        145DE
_I2C1T                            bssCOMRAM     00038
_I2C1_Done                        bssBANK0      0006E
_I2C1_More                        bssBANK1      00121
_I2C2T                            bssBANK1      001B3
_I2C2_Done                        bssBANK1      00124
_I2C2_More                        bssBANK1      0011E
_INDEX                            bssCOMRAM     00031
_INTCONbits                       (abs)         00FF2
_IPR1bits                         (abs)         00F9F
_IPR3bits                         (abs)         00FA5
_ISR_Enable                       text48        14724
_ISR_Function                     intcode       01408
_InitList                         mediumconst   0FD19
_LATA                             (abs)         00F89
_LATB                             (abs)         00F8A
_LATC                             (abs)         00F8B
_LATD                             (abs)         00F8C
_LATE                             (abs)         00F8D
_LATF                             (abs)         00F8E
_LATG                             (abs)         00F8F
_LCD_DrawField                    text114       12ECE
_LCD_Fill                         text41        13B2E
_LCD_FillRectangle                text113       136B8
_LCD_Init                         text39        11B46
_LCD_Reset                        text44        13C80
_LCD_Word_Write                   text117       1452C
_LCD_Write                        text118       14474
_LED_Init                         text28        13A10
_LED_Set                          text29        13C30
_LED_Toggle                       text80        13DFC
_MASKS                            mediumconst   0FDEB
_MXK_BlockSwitchTo                text37        13FDA
_MXK_DIPSwitch                    text53        14596
_MXK_Dequeue                      text30        14218
_MXK_Init                         text19        119CC
_MXK_InitDIPSwitch                text95        144D2
_MXK_InitTestButton               text97        144F0
_MXK_Queue                        text36        146DA
_MXK_Release                      text35        1463E
_MXK_SwitchTo                     text34        13F58
_MXK_TestButton                   text59        14626
_Mode_Set                         text120       146AC
_Motor_Continious                 text18        13ED0
_Motor_Init                       text15        124AA
_Motor_Move                       text13        1410C
_Motor_Speed                      text12        14390
_Motor_Step                       text31        120C4
_Motor_Step$intlevel0             text31        120CA
_OSCTUNEbits                      (abs)         00F9B
_OutSeg                           text50        13370
_PIE1bits                         (abs)         00F9D
_PIE3bits                         (abs)         00FA3
_PIR1                             (abs)         00F9E
_PIR1bits                         (abs)         00F9E
_PIR2                             (abs)         00FA1
_PIR3                             (abs)         00FA4
_PIR3bits                         (abs)         00FA4
_PORTA                            (abs)         00F80
_PORTB                            (abs)         00F81
_PORTC                            (abs)         00F82
_PORTD                            (abs)         00F83
_PORTE                            (abs)         00F84
_PORTF                            (abs)         00F85
_PORTFbits                        (abs)         00F85
_PORTG                            (abs)         00F86
_PR2                              (abs)         00FCB
_PortA                            bssBANK1      0019F
_PortA_Property                   mediumconst   0FFE7
_PortB                            bssBANK1      00195
_PortB_Property                   mediumconst   0FFE5
_PortC                            bssBANK0      00095
_PortC_Property                   mediumconst   0FFE3
_PortD                            bssBANK0      0008B
_PortD_Property                   mediumconst   0FFE1
_PortE                            bssBANK0      00081
_PortE_Property                   mediumconst   0FFDF
_PortF                            bssBANK1      001A9
_PortF_Property                   mediumconst   0FFDD
_PortG                            bssBANK1      0018B
_PortG_Property                   mediumconst   0FFDB
_PortProperty_Valid               text105       133F2
_Port_CheckPairType               text104       138DE
_Port_CheckPortType               text22        13DB4
_Port_CheckQuadType               text103       13AD4
_Port_GetPin                      text83        13E44
_Port_GetQuad                     text60        13D6A
_Port_Init                        text20        116AE
_Port_Set                         text23        1041E
_Port_SetPin                      text82        12724
_Port_SetPinType                  text98        114EE
_Port_SetQuadType                 text100       10A5C
_Port_SetType                     text21        10CB2
_Port_TogglePin                   text81        14278
_RCONbits                         (abs)         00FD0
_Reset_High                       text47        144B4
_Reset_Low                        text46        14496
_SPI1                             bssBANK1      00161
_SPI2                             bssBANK1      0016C
_SPI_DCS                          text93        142A8
_SPI_DisableISR                   text92        143E4
_SPI_Init                         text88        10000
_SPI_MaxSpeed                     text43        1355C
_SPI_MinSpeed                     text87        13644
_SPI_Send                         text119       13808
_SSP1ADD                          (abs)         00FC8
_SSP1BUF                          (abs)         00FC9
_SSP1CON1                         (abs)         00FC6
_SSP1CON1bits                     (abs)         00FC6
_SSP1CON2                         (abs)         00FC5
_SSP1CON2bits                     (abs)         00FC5
_SSP1STAT                         (abs)         00FC7
_SSP1STATbits                     (abs)         00FC7
_SSP2BUF                          (abs)         00F6F
_SSP2CON1                         (abs)         00F6C
_SSP2CON1bits                     (abs)         00F6C
_SSP2CON2                         (abs)         00F6B
_SSP2CON2bits                     (abs)         00F6B
_SSP2STAT                         (abs)         00F6D
_SSP2STATbits                     (abs)         00F6D
_Set_Addr_Window                  text116       12B88
_Set_Rotation                     text40        130A6
_T0CONbits                        (abs)         00FD5
_T2CONbits                        (abs)         00FCA
_TMR0                             (abs)         00FD6
_TRISA                            (abs)         00F92
_TRISB                            (abs)         00F93
_TRISC                            (abs)         00F94
_TRISD                            (abs)         00F95
_TRISE                            (abs)         00F96
_TRISF                            (abs)         00F97
_TRISG                            (abs)         00F98
_TestButton                       bssBANK1      00181
_Timer0_Clear                     text17        146F6
_Timer0_ISR                       text125       14336
_Timer0_Init                      text16        11E1E
_Timer0_Restart                   text33        14702
_Timer0_Start                     text14        1440C
_Timer0_Stop                      text32        14752
_Timer2_Clear                     text91        14742
_Timer2_Init                      text89        11F72
_ToSegment                        text78        107D8
_Word_GetPair                     text106       14056
_Word_SetPair                     text101       13E8A
__CFG_CCP2MX$DEFAULT              (abs)         00000
__CFG_CPUDIV$OSC1                 (abs)         00000
__CFG_FCMEN$OFF                   (abs)         00000
__CFG_FOSC$HSPLL                  (abs)         00000
__CFG_IESO$OFF                    (abs)         00000
__CFG_MSSPMSK$MSK5                (abs)         00000
__CFG_PLLDIV$3                    (abs)         00000
__CFG_STVREN$ON                   (abs)         00000
__CFG_WDTEN$OFF                   (abs)         00000
__CFG_WDTPS$32768                 (abs)         00000
__CFG_XINST$OFF                   (abs)         00000
__HRAM                            (abs)         00000
__Habs1                           abs1          00000
__Hbank0                          bank0         00000
__Hbank1                          bank1         00000
__Hbank10                         bank10        00000
__Hbank11                         bank11        00000
__Hbank12                         bank12        00000
__Hbank13                         bank13        00000
__Hbank14                         bank14        00000
__Hbank15                         bank15        00000
__Hbank2                          bank2         00000
__Hbank3                          bank3         00000
__Hbank4                          bank4         00000
__Hbank5                          bank5         00000
__Hbank6                          bank6         00000
__Hbank7                          bank7         00000
__Hbank8                          bank8         00000
__Hbank9                          bank9         00000
__Hbigbss                         bigbss        00000
__Hbigdata                        bigdata       00000
__Hbigram                         bigram        00000
__Hbss                            bss           00000
__HbssBANK0                       bssBANK0      00000
__HbssBANK1                       bssBANK1      00000
__HbssBANK2                       bssBANK2      00000
__HbssBIGRAM                      bssBIGRAM     00000
__HbssCOMRAM                      bssCOMRAM     00000
__Hcinit                          cinit         00000
__Hclrtext                        clrtext       00000
__Hcomram                         comram        00000
__Hconfig                         config        1FFFE
__Hconst                          const         00000
__HcstackBANK0                    cstackBANK0   00000
__HcstackBANK1                    cstackBANK1   00000
__HcstackCOMRAM                   cstackCOMRAM  00000
__Hdata                           data          00000
__HdataBANK0                      dataBANK0     00000
__HdataBANK1                      dataBANK1     00000
__HdataCOMRAM                     dataCOMRAM    00000
__Hfarbss                         farbss        00000
__Hfardata                        fardata       00000
__Hibigdata                       ibigdata      00000
__Hidata                          idata         00000
__HidataBANK0                     idataBANK0    00000
__HidataBANK1                     idataBANK1    00000
__HidataCOMRAM                    idataCOMRAM   00000
__Hidloc                          idloc         00000
__Hifardata                       ifardata      00000
__Hinit                           init          0148E
__Hintcode                        intcode       0148A
__Hintcode_body                   intcode_body  00000
__Hintcodelo                      intcodelo     0148A
__Hintentry                       intentry      00000
__Hintret                         intret        00000
__Hintsave_regs                   intsave_regs  00000
__Hirdata                         irdata        00000
__Hjflash_buffer                  jflash_buffer 1F800
__Hmediumconst                    mediumconst   10000
__HnvFARRAM                       nvFARRAM      00000
__Hnvbit                          nvbit         00000
__Hnvrram                         nvrram        00000
__Hparam                          rparam        00000
__Hpowerup                        powerup       0148A
__Hram                            ram           00000
__Hramtop                         ramtop        01000
__Hrbit                           rbit          00000
__Hrbss                           rbss          00000
__Hrdata                          rdata         00000
__Hreset_vec                      reset_vec     01404
__Hrparam                         rparam        00000
__Hsfr                            sfr           00000
__Hsmallconst                     smallconst    00000
__Hspace_0                        (abs)         1FFFE
__Hspace_1                        (abs)         00372
__Hspace_2                        (abs)         00000
__Hstack                          stack         00000
__Hstruct                         struct        00000
__Htemp                           temp          0004A
__Htext                           text          00000
__Htext0                          text0         00000
__Htext1                          text1         00000
__Htext10                         text10        00000
__Htext100                        text100       00000
__Htext101                        text101       00000
__Htext102                        text102       00000
__Htext103                        text103       00000
__Htext104                        text104       00000
__Htext105                        text105       00000
__Htext106                        text106       00000
__Htext107                        text107       00000
__Htext108                        text108       00000
__Htext109                        text109       00000
__Htext11                         text11        00000
__Htext110                        text110       00000
__Htext111                        text111       00000
__Htext112                        text112       00000
__Htext113                        text113       00000
__Htext114                        text114       00000
__Htext115                        text115       00000
__Htext116                        text116       00000
__Htext117                        text117       00000
__Htext118                        text118       00000
__Htext119                        text119       00000
__Htext12                         text12        00000
__Htext120                        text120       00000
__Htext121                        text121       00000
__Htext122                        text122       00000
__Htext123                        text123       00000
__Htext125                        text125       00000
__Htext126                        text126       00000
__Htext127                        text127       00000
__Htext128                        text128       00000
__Htext129                        text129       00000
__Htext13                         text13        00000
__Htext130                        text130       00000
__Htext131                        text131       00000
__Htext132                        text132       00000
__Htext133                        text133       00000
__Htext134                        text134       00000
__Htext135                        text135       00000
__Htext136                        text136       00000
__Htext137                        text137       00000
__Htext138                        text138       00000
__Htext14                         text14        00000
__Htext15                         text15        00000
__Htext16                         text16        00000
__Htext17                         text17        00000
__Htext18                         text18        00000
__Htext19                         text19        00000
__Htext2                          text2         00000
__Htext20                         text20        00000
__Htext21                         text21        00000
__Htext22                         text22        00000
__Htext23                         text23        00000
__Htext24                         text24        00000
__Htext25                         text25        00000
__Htext26                         text26        00000
__Htext27                         text27        00000
__Htext28                         text28        00000
__Htext29                         text29        00000
__Htext3                          text3         00000
__Htext30                         text30        00000
__Htext31                         text31        00000
__Htext32                         text32        00000
__Htext33                         text33        00000
__Htext34                         text34        00000
__Htext35                         text35        00000
__Htext36                         text36        00000
__Htext37                         text37        00000
__Htext38                         text38        00000
__Htext39                         text39        00000
__Htext4                          text4         00000
__Htext40                         text40        00000
__Htext41                         text41        00000
__Htext42                         text42        00000
__Htext43                         text43        00000
__Htext44                         text44        00000
__Htext45                         text45        00000
__Htext46                         text46        00000
__Htext47                         text47        00000
__Htext48                         text48        00000
__Htext49                         text49        00000
__Htext5                          text5         00000
__Htext50                         text50        00000
__Htext51                         text51        00000
__Htext52                         text52        00000
__Htext53                         text53        00000
__Htext54                         text54        00000
__Htext55                         text55        00000
__Htext56                         text56        00000
__Htext57                         text57        00000
__Htext58                         text58        00000
__Htext59                         text59        00000
__Htext6                          text6         00000
__Htext60                         text60        00000
__Htext61                         text61        00000
__Htext62                         text62        00000
__Htext63                         text63        00000
__Htext64                         text64        00000
__Htext65                         text65        00000
__Htext66                         text66        00000
__Htext67                         text67        00000
__Htext68                         text68        00000
__Htext69                         text69        00000
__Htext7                          text7         00000
__Htext70                         text70        00000
__Htext71                         text71        00000
__Htext72                         text72        00000
__Htext73                         text73        00000
__Htext74                         text74        00000
__Htext75                         text75        00000
__Htext76                         text76        00000
__Htext77                         text77        00000
__Htext78                         text78        00000
__Htext79                         text79        00000
__Htext8                          text8         00000
__Htext80                         text80        00000
__Htext81                         text81        00000
__Htext82                         text82        00000
__Htext83                         text83        00000
__Htext84                         text84        00000
__Htext85                         text85        00000
__Htext86                         text86        00000
__Htext87                         text87        00000
__Htext88                         text88        00000
__Htext89                         text89        00000
__Htext9                          text9         00000
__Htext90                         text90        00000
__Htext91                         text91        00000
__Htext92                         text92        00000
__Htext93                         text93        00000
__Htext94                         text94        00000
__Htext95                         text95        00000
__Htext96                         text96        00000
__Htext97                         text97        00000
__Htext98                         text98        00000
__Htext99                         text99        00000
__LRAM                            (abs)         00001
__Labs1                           abs1          00000
__Lbank0                          bank0         00000
__Lbank1                          bank1         00000
__Lbank10                         bank10        00000
__Lbank11                         bank11        00000
__Lbank12                         bank12        00000
__Lbank13                         bank13        00000
__Lbank14                         bank14        00000
__Lbank15                         bank15        00000
__Lbank2                          bank2         00000
__Lbank3                          bank3         00000
__Lbank4                          bank4         00000
__Lbank5                          bank5         00000
__Lbank6                          bank6         00000
__Lbank7                          bank7         00000
__Lbank8                          bank8         00000
__Lbank9                          bank9         00000
__Lbigbss                         bigbss        00000
__Lbigdata                        bigdata       00000
__Lbigram                         bigram        00000
__Lbss                            bss           00000
__LbssBANK0                       bssBANK0      00000
__LbssBANK1                       bssBANK1      00000
__LbssBANK2                       bssBANK2      00000
__LbssBIGRAM                      bssBIGRAM     00000
__LbssCOMRAM                      bssCOMRAM     00000
__Lcinit                          cinit         00000
__Lclrtext                        clrtext       00000
__Lcomram                         comram        00000
__Lconfig                         config        1FFF8
__Lconst                          const         00000
__LcstackBANK0                    cstackBANK0   00000
__LcstackBANK1                    cstackBANK1   00000
__LcstackCOMRAM                   cstackCOMRAM  00000
__Ldata                           data          00000
__LdataBANK0                      dataBANK0     00000
__LdataBANK1                      dataBANK1     00000
__LdataCOMRAM                     dataCOMRAM    00000
__Lfarbss                         farbss        00000
__Lfardata                        fardata       00000
__Libigdata                       ibigdata      00000
__Lidata                          idata         00000
__LidataBANK0                     idataBANK0    00000
__LidataBANK1                     idataBANK1    00000
__LidataCOMRAM                    idataCOMRAM   00000
__Lidloc                          idloc         00000
__Lifardata                       ifardata      00000
__Linit                           init          0148A
__Lintcode                        intcode       01408
__Lintcode_body                   intcode_body  00000
__Lintcodelo                      intcodelo     0148A
__Lintentry                       intentry      00000
__Lintret                         intret        00000
__Lintsave_regs                   intsave_regs  00000
__Lirdata                         irdata        00000
__Ljflash_buffer                  jflash_buffer 1F800
__Lmediumconst                    mediumconst   0FD18
__LnvFARRAM                       nvFARRAM      00000
__Lnvbit                          nvbit         00000
__Lnvrram                         nvrram        00000
__Lparam                          rparam        00000
__Lpowerup                        powerup       0148A
__Lram                            ram           00000
__Lramtop                         ramtop        01000
__Lrbit                           rbit          00000
__Lrbss                           rbss          00000
__Lrdata                          rdata         00000
__Lreset_vec                      reset_vec     01400
__Lrparam                         rparam        00000
__Lsfr                            sfr           00000
__Lsmallconst                     smallconst    00000
__Lspace_0                        (abs)         00000
__Lspace_1                        (abs)         00000
__Lspace_2                        (abs)         00000
__Lstack                          stack         00000
__Lstruct                         struct        00000
__Ltemp                           temp          00049
__Ltext                           text          00000
__Ltext0                          text0         00000
__Ltext1                          text1         00000
__Ltext10                         text10        00000
__Ltext100                        text100       00000
__Ltext101                        text101       00000
__Ltext102                        text102       00000
__Ltext103                        text103       00000
__Ltext104                        text104       00000
__Ltext105                        text105       00000
__Ltext106                        text106       00000
__Ltext107                        text107       00000
__Ltext108                        text108       00000
__Ltext109                        text109       00000
__Ltext11                         text11        00000
__Ltext110                        text110       00000
__Ltext111                        text111       00000
__Ltext112                        text112       00000
__Ltext113                        text113       00000
__Ltext114                        text114       00000
__Ltext115                        text115       00000
__Ltext116                        text116       00000
__Ltext117                        text117       00000
__Ltext118                        text118       00000
__Ltext119                        text119       00000
__Ltext12                         text12        00000
__Ltext120                        text120       00000
__Ltext121                        text121       00000
__Ltext122                        text122       00000
__Ltext123                        text123       00000
__Ltext125                        text125       00000
__Ltext126                        text126       00000
__Ltext127                        text127       00000
__Ltext128                        text128       00000
__Ltext129                        text129       00000
__Ltext13                         text13        00000
__Ltext130                        text130       00000
__Ltext131                        text131       00000
__Ltext132                        text132       00000
__Ltext133                        text133       00000
__Ltext134                        text134       00000
__Ltext135                        text135       00000
__Ltext136                        text136       00000
__Ltext137                        text137       00000
__Ltext138                        text138       00000
__Ltext14                         text14        00000
__Ltext15                         text15        00000
__Ltext16                         text16        00000
__Ltext17                         text17        00000
__Ltext18                         text18        00000
__Ltext19                         text19        00000
__Ltext2                          text2         00000
__Ltext20                         text20        00000
__Ltext21                         text21        00000
__Ltext22                         text22        00000
__Ltext23                         text23        00000
__Ltext24                         text24        00000
__Ltext25                         text25        00000
__Ltext26                         text26        00000
__Ltext27                         text27        00000
__Ltext28                         text28        00000
__Ltext29                         text29        00000
__Ltext3                          text3         00000
__Ltext30                         text30        00000
__Ltext31                         text31        00000
__Ltext32                         text32        00000
__Ltext33                         text33        00000
__Ltext34                         text34        00000
__Ltext35                         text35        00000
__Ltext36                         text36        00000
__Ltext37                         text37        00000
__Ltext38                         text38        00000
__Ltext39                         text39        00000
__Ltext4                          text4         00000
__Ltext40                         text40        00000
__Ltext41                         text41        00000
__Ltext42                         text42        00000
__Ltext43                         text43        00000
__Ltext44                         text44        00000
__Ltext45                         text45        00000
__Ltext46                         text46        00000
__Ltext47                         text47        00000
__Ltext48                         text48        00000
__Ltext49                         text49        00000
__Ltext5                          text5         00000
__Ltext50                         text50        00000
__Ltext51                         text51        00000
__Ltext52                         text52        00000
__Ltext53                         text53        00000
__Ltext54                         text54        00000
__Ltext55                         text55        00000
__Ltext56                         text56        00000
__Ltext57                         text57        00000
__Ltext58                         text58        00000
__Ltext59                         text59        00000
__Ltext6                          text6         00000
__Ltext60                         text60        00000
__Ltext61                         text61        00000
[...]
      Params:         3       0       0       0       0       0       0       0       0       0       0       0       0       0       0       0       0
      Locals:         0       0       0       0       0       0       0       0       0       0       0       0       0       0       0       0       0
      Temps:          0       0       0       0       0       0       0       0       0       0       0       0       0       0       0       0       0
      Totals:         3       0       0       0       0       0       0       0       0       0       0       0       0       0       0       0       0
Total ram usage:        3 bytes
 Hardware stack levels used:    1
 Hardware stack levels required when called:    1
 This function calls:
		i2_Byte_GetZone
 This function is called by:
		i2_Word_GetPair
 This function uses a non-reentrant model


 *************** function i2_Byte_GetZone *****************
 Defined at:
		line 64 in file "Library/Types.c"
 Parameters:    Size  Location     Type
  pInput          2    0[COMRAM] PTR struct Byte
		 -> PortA_Property..(2), PortB_Property..(2), PortC_Property..(2), PortD_Property..(2), 
		 -> PortE_Property..(2), PortF_Property..(2), PortG_Property..(2), PortF..(2), 
		 -> PortC..(2), PortD..(2), PortE..(2), PortB..(2), 
		 -> PortA..(2), PortG..(2), PortG(10), PortA(10), 
		 -> PortB(10), PortE(10), PortD(10), PortG_Property(2), 
		 -> PortF_Property(2), PortE_Property(2), PortD_Property(2), PortC_Property(2), 
		 -> PortB_Property(2), PortA_Property(2), PortC(10), PortF(10), 
		 -> NULL(0), 
  pMax            1    2[COMRAM] unsigned char 
  pChunk          1    3[COMRAM] unsigned char 
  pChunkSize      1    4[COMRAM] unsigned char 
 Auto vars:     Size  Location     Type
  Byte_GetZone    1    8[COMRAM] unsigned char 
  Byte_GetZone    1    7[COMRAM] unsigned char 
  Byte_GetZone    1    6[COMRAM] unsigned char 
 Return value:  Size  Location     Type
                  1    wreg      unsigned char 
 Registers used:
		wreg, fsr0l, fsr0h, status,2, status,0, tblptrl, tblptrh, tblptru, prodl, prodh
 Tracked objects:
		On entry : 
		On exit  : 
		Unchanged: 
 Data sizes:     COMRAM   BANK0   BANK1   BANK2   BANK3   BANK4   BANK5   BANK6   BANK7   BANK8   BANK9  BANK10  BANK11  BANK12  BANK13  BANK14  BANK15
      Params:         5       0       0       0       0       0       0       0       0       0       0       0       0       0       0       0       0
      Locals:         3       0       0       0       0       0       0       0       0       0       0       0       0       0       0       0       0
      Temps:          1       0       0       0       0       0       0       0       0       0       0       0       0       0       0       0       0
      Totals:         9       0       0       0       0       0       0       0       0       0       0       0       0       0       0       0       0
Total ram usage:        9 bytes
 Hardware stack levels used:    1
 This function calls:
		Nothing
 This function is called by:
		i2_Byte_GetPair
 This function uses a non-reentrant model


 *************** function i2_Byte_SetBit *****************
 Defined at:
		line 32 in file "Library/Types.c"
 Parameters:    Size  Location     Type
  pInput          2    0[COMRAM] PTR struct Byte
		 -> SSP2CON2(1), SSP1CON2(1), SSP2CON1(1), SSP2STAT(1), 
		 -> SSP1CON1(1), SSP1STAT(1), TRISG(1), TRISF(1), 
		 -> TRISE(1), TRISD(1), TRISC(1), TRISB(1), 
		 -> TRISA(1), PORTG(1), PORTF(1), PORTE(1), 
		 -> PORTD(1), PORTC(1), PORTB(1), PORTA(1), 
		 -> NULL(0), 
  pBit            1    2[COMRAM] unsigned char 
  pValue          1    3[COMRAM] unsigned char 
 Auto vars:     Size  Location     Type
		None
 Return value:  Size  Location     Type
                  1    wreg      void 
 Registers used:
		wreg, fsr2l, fsr2h, status,2, status,0
 Tracked objects:
		On entry : 
		On exit  : 
		Unchanged: 
 Data sizes:     COMRAM   BANK0   BANK1   BANK2   BANK3   BANK4   BANK5   BANK6   BANK7   BANK8   BANK9  BANK10  BANK11  BANK12  BANK13  BANK14  BANK15
      Params:         4       0       0       0       0       0       0       0       0       0       0       0       0       0       0       0       0
      Locals:         0       0       0       0       0       0       0       0       0       0       0       0       0       0       0       0       0
      Temps:          3       0       0       0       0       0       0       0       0       0       0       0       0       0       0       0       0
      Totals:         7       0       0       0       0       0       0       0       0       0       0       0       0       0       0       0       0
Total ram usage:        7 bytes
 Hardware stack levels used:    1
 This function calls:
		Nothing
 This function is called by:
		i2_Port_SetPin
 This function uses a non-reentrant model


 *************** function i2_MXK_SwitchTo *****************
 Defined at:
		line 105 in file "Library/MXK.c"
 Parameters:    Size  Location     Type
  pModule         1    wreg     enum E6925
 Auto vars:     Size  Location     Type
  pModule         1    7[COMRAM] enum E6925
  MXK_SwitchTo    1    6[COMRAM] unsigned char 
 Return value:  Size  Location     Type
                  1    wreg      unsigned char 
 Registers used:
		wreg, status,2, status,0, cstack
 Tracked objects:
		On entry : 
		On exit  : 
		Unchanged: 
 Data sizes:     COMRAM   BANK0   BANK1   BANK2   BANK3   BANK4   BANK5   BANK6   BANK7   BANK8   BANK9  BANK10  BANK11  BANK12  BANK13  BANK14  BANK15
      Params:         0       0       0       0       0       0       0       0       0       0       0       0       0       0       0       0       0
      Locals:         2       0       0       0       0       0       0       0       0       0       0       0       0       0       0       0       0
      Temps:          0       0       0       0       0       0       0       0       0       0       0       0       0       0       0       0       0
      Totals:         2       0       0       0       0       0       0       0       0       0       0       0       0       0       0       0       0
Total ram usage:        2 bytes
 Hardware stack levels used:    1
 Hardware stack levels required when called:    1
 This function calls:
		i2_delay_us
 This function is called by:
		i2_Motor_Step
 This function uses a non-reentrant model


 *************** function i2_delay_us *****************
 Defined at:
		line 255 in file "Library/Types.c"
 Parameters:    Size  Location     Type
  us              2    0[COMRAM] unsigned short 
 Auto vars:     Size  Location     Type
  delay_us        4    2[COMRAM] unsigned long 
 Return value:  Size  Location     Type
                  1    wreg      void 
 Registers used:
		wreg, status,2, status,0
 Tracked objects:
		On entry : 
		On exit  : 
		Unchanged: 
 Data sizes:     COMRAM   BANK0   BANK1   BANK2   BANK3   BANK4   BANK5   BANK6   BANK7   BANK8   BANK9  BANK10  BANK11  BANK12  BANK13  BANK14  BANK15
      Params:         2       0       0       0       0       0       0       0       0       0       0       0       0       0       0       0       0
      Locals:         4       0       0       0       0       0       0       0       0       0       0       0       0       0       0       0       0
      Temps:          0       0       0       0       0       0       0       0       0       0       0       0       0       0       0       0       0
      Totals:         6       0       0       0       0       0       0       0       0       0       0       0       0       0       0       0       0
Total ram usage:        6 bytes
 Hardware stack levels used:    1
 This function calls:
		Nothing
 This function is called by:
		i2_MXK_SwitchTo
 This function uses a non-reentrant model


 *************** function i2_MXK_Release *****************
 Defined at:
		line 130 in file "Library/MXK.c"
 Parameters:    Size  Location     Type
		None
 Auto vars:     Size  Location     Type
		None
 Return value:  Size  Location     Type
                  1    wreg      unsigned char 
 Registers used:
		wreg, status,2, status,0
 Tracked objects:
		On entry : 
		On exit  : 
		Unchanged: 
 Data sizes:     COMRAM   BANK0   BANK1   BANK2   BANK3   BANK4   BANK5   BANK6   BANK7   BANK8   BANK9  BANK10  BANK11  BANK12  BANK13  BANK14  BANK15
      Params:         0       0       0       0       0       0       0       0       0       0       0       0       0       0       0       0       0
      Locals:         0       0       0       0       0       0       0       0       0       0       0       0       0       0       0       0       0
      Temps:          0       0       0       0       0       0       0       0       0       0       0       0       0       0       0       0       0
      Totals:         0       0       0       0       0       0       0       0       0       0       0       0       0       0       0       0       0
Total ram usage:        0 bytes
 Hardware stack levels used:    1
 This function calls:
		Nothing
 This function is called by:
		i2_Motor_Step
 This function uses a non-reentrant model


 *************** function i2_MXK_Queue *****************
 Defined at:
		line 144 in file "Library/MXK.c"
 Parameters:    Size  Location     Type
  pCallback       3    0[COMRAM] PTR FTN()void 
		 -> Absolute function(1), Motor_Step(1), 
 Auto vars:     Size  Location     Type
		None
 Return value:  Size  Location     Type
                  1    wreg      void 
 Registers used:
		wreg, status,2, status,0
 Tracked objects:
		On entry : 
		On exit  : 
		Unchanged: 
 Data sizes:     COMRAM   BANK0   BANK1   BANK2   BANK3   BANK4   BANK5   BANK6   BANK7   BANK8   BANK9  BANK10  BANK11  BANK12  BANK13  BANK14  BANK15
      Params:         3       0       0       0       0       0       0       0       0       0       0       0       0       0       0       0       0
      Locals:         0       0       0       0       0       0       0       0       0       0       0       0       0       0       0       0       0
      Temps:          0       0       0       0       0       0       0       0       0       0       0       0       0       0       0       0       0
      Totals:         3       0       0       0       0       0       0       0       0       0       0       0       0       0       0       0       0
Total ram usage:        3 bytes
 Hardware stack levels used:    1
 This function calls:
		Nothing
 This function is called by:
		i2_Motor_Step
 This function uses a non-reentrant model



MODULE INFORMATION

Module		Function		Class		Link	Load	Size
Library/LCD.c
		_LCD_Init      		CODE           	11B46	0000	371
		_LCD_FillRectangle		CODE           	136B8	0000	117
		_Configure_GPIOs		CODE           	1372C	0000	113
		_LCD_DrawField 		CODE           	12ECE	0000	165
		_Set_Addr_Window		CODE           	12B88	0000	171
		_LCD_Word_Write		CODE           	1452C	0000	31
		_LCD_Reset     		CODE           	13C80	0000	81
		_Set_Rotation  		CODE           	130A6	0000	153
		_Mode_Set      		CODE           	146AC	0000	19
		_Reset_Low     		CODE           	14496	0000	31
		_LCD_Write     		CODE           	14474	0000	35
		_LCD_Fill      		CODE           	13B2E	0000	89
		_Reset_High    		CODE           	144B4	0000	31

Library/LCD.c estimated size: 1407

Library/MXK.c
		_MXK_InitDIPSwitch		CODE           	144D2	0000	31
		_MXK_DIPSwitch 		CODE           	14596	0000	25
		_MXK_BlockSwitchTo		CODE           	13FDA	0000	63
		_MXK_Release   		CODE           	1463E	0000	23
		_MXK_Dequeue   		CODE           	14218	0000	49
		_MXK_InitTestButton		CODE           	144F0	0000	31
		_MXK_SwitchTo  		CODE           	13F58	0000	67
		_MXK_TestButton		CODE           	14626	0000	25
		_MXK_Init      		CODE           	119CC	0000	379
		_MXK_Queue     		CODE           	146DA	0000	15

Library/MXK.c estimated size: 708

C:\Program Files (x86)\Microchip\xc8\v1.42\sources\common\lwdiv.c
		___lwdiv       		CODE           	1346E	0000	121

C:\Program Files (x86)\Microchip\xc8\v1.42\sources\common\lwdiv.c estimated size: 121

C:\Program Files (x86)\Microchip\xc8\v1.42\sources\common\awdiv.c
		___awdiv       		CODE           	128AA	0000	191

C:\Program Files (x86)\Microchip\xc8\v1.42\sources\common\awdiv.c estimated size: 191

Library/Port.c
		_GetPortTRIS   		CODE           	12CDC	0000	167
		_GetPortPORT   		CODE           	12E28	0000	167
		_Port_TogglePin		CODE           	14278	0000	49
		_Port_SetPinType		CODE           	114EE	0000	449
		_Port_Init     		CODE           	116AE	0000	403
		_GetPortProperties		CODE           	12D82	0000	167
		_Port_GetPin   		CODE           	13E44	0000	71
		_Port_GetQuad  		CODE           	13D6A	0000	75
		_Port_Set      		CODE           	1041E	0000	955
		_Port_SetPin   		CODE           	12724	0000	197
		_Port_SetType  		CODE           	10CB2	0000	555
		_Port_CheckQuadType		CODE           	13AD4	0000	91
		_Port_CheckPairType		CODE           	138DE	0000	107
		_Port_CheckPortType		CODE           	13DB4	0000	73
		_Port_SetQuadType		CODE           	10A5C	0000	599

Library/Port.c estimated size: 4125

C:\Program Files (x86)\Microchip\xc8\v1.42\sources\common\lldiv.c
		___lldiv       		CODE           	12968	0000	189

C:\Program Files (x86)\Microchip\xc8\v1.42\sources\common\lldiv.c estimated size: 189

Library/LED.c
		_LED_Init      		CODE           	13A10	0000	99
		_LED_Set       		CODE           	13C30	0000	81
		_LED_Toggle    		CODE           	13DFC	0000	73

Library/LED.c estimated size: 253

Library/Motor.c
		_Motor_Move    		CODE           	1410C	0000	59
		_Motor_Step    		CODE           	120C4	0000	293
		_Motor_Speed   		CODE           	14390	0000	43
		_Motor_Init    		CODE           	124AA	0000	215
		_Motor_Continious		CODE           	13ED0	0000	69

Library/Motor.c estimated size: 679

Events.c
		_Event_HMI_UpButton		CODE           	14248	0000	49
		_Event_DIPSwitch		CODE           	14308	0000	47
		_Event_HMI_DIPSwitch		CODE           	14364	0000	45
		_Event_HMI_LeftButton		CODE           	13B86	0000	89
		_Event_HMI_DownButton		CODE           	141E6	0000	51
		_Event_HMI_RightButton		CODE           	13F14	0000	69
		_Event_TestButton		CODE           	140D0	0000	61

Events.c estimated size: 411

HMI.c
		_HMI_InitButtons		CODE           	1476A	0000	5
		_HMI_Poll      		CODE           	135D0	0000	117
		_HMI_LeftSwitch		CODE           	1460E	0000	25
		_HMI_UpSwitch  		CODE           	145DE	0000	25
		_HMI_SetSegments		CODE           	122E6	0000	237
		_HMI_Render    		CODE           	14018	0000	63
		_OutSeg        		CODE           	13370	0000	131
		_HMI_Init      		CODE           	112F4	0000	507
		_HMI_RightSwitch		CODE           	145F6	0000	25
		_HMI_GetBar    		CODE           	14758	0000	7
		_HMI_SetUp     		CODE           	14654	0000	23
		_HMI_SetBar    		CODE           	1472E	0000	11
		_HMI_SetLeft   		CODE           	14680	0000	23
		_HMI_SetDown   		CODE           	14696	0000	23
		_HMI_SetRight  		CODE           	1466A	0000	23
		_HMI_SetNumber 		CODE           	143BA	0000	43
		_HMI_SetButton 		CODE           	131D0	0000	145
		_HMI_DIPSwitch 		CODE           	145AE	0000	25
		_HMI_DownSwitch		CODE           	145C6	0000	25

HMI.c estimated size: 1483

shared
		_InitList      		MEDIUMCONST    	FD19	0000	179
		_PortE_Property		MEDIUMCONST    	FFDF	0000	3
		i2_Byte_SetBit 		CODE           	13D1E	0000	77
		_Font5x7       		MEDIUMCONST    	FDFB	0000	481
		i2_Motor_Step  		CODE           	121E8	0000	255
		Timer2_Init@PRESCALE		MEDIUMCONST    	FDF8	0000	4
		_PortF_Property		MEDIUMCONST    	FFDD	0000	3
		i2_Byte_GetZone		CODE           	134E6	0000	119
		i2_Byte_GetPair		CODE           	14564	0000	27
		_PortA_Property		MEDIUMCONST    	FFE7	0000	3
		i2_Timer0_Stop 		CODE           	1475E	0000	7
		_PortG_Property		MEDIUMCONST    	FFDB	0000	3
		HMI_SetButton@F7211		MEDIUMCONST    	FDF4	0000	5
		i2_Timer0_Restart		CODE           	1470E	0000	13
		__initialization		CODE           	12ADA	0000	165
		i2_MXK_SwitchTo		CODE           	1417C	0000	55
		_PortB_Property		MEDIUMCONST    	FFE5	0000	3
		_MASKS         		MEDIUMCONST    	FDEB	0000	10
		i2_Word_GetPair		CODE           	142D8	0000	49
		i2_Port_SetPin 		CODE           	12C32	0000	171
		i2_MXK_Release 		CODE           	14764	0000	7
		_PortC_Property		MEDIUMCONST    	FFE3	0000	3
		PortProperty_Valid@F6830		MEDIUMCONST    	FDDB	0000	17
		Timer0_Init@PRESCALE		MEDIUMCONST    	FDCB	0000	17
		i2_delay_us    		CODE           	13F9A	0000	65
		_PortD_Property		MEDIUMCONST    	FFE1	0000	3
		i2_MXK_Queue   		CODE           	146E8	0000	15

shared estimated size: 1759

Library/Button.c
		_Button_Poll   		CODE           	11CB8	0000	359
		_Button_Init   		CODE           	12580	0000	213

Library/Button.c estimated size: 572

C:\Program Files (x86)\Microchip\xc8\v1.42\sources\common\lwmod.c
		___lwmod       		CODE           	13A72	0000	99

C:\Program Files (x86)\Microchip\xc8\v1.42\sources\common\lwmod.c estimated size: 99

C:\Program Files (x86)\Microchip\xc8\v1.42\sources\common\doprnt.c
		_printf        		CODE           	1300E	0000	153

C:\Program Files (x86)\Microchip\xc8\v1.42\sources\common\doprnt.c estimated size: 153

Library/ISR.c
		_ISR_Function  		CODE           	1408	0000	131
		_ISR_Enable    		CODE           	14724	0000	11

Library/ISR.c estimated size: 142

Library/SPI.c
		_SPI_MinSpeed  		CODE           	13644	0000	117
		_SPI_DisableISR		CODE           	143E4	0000	41
		_SPI_MaxSpeed  		CODE           	1355C	0000	117
		_SPI_Init      		CODE           	10000	0000	1055
		_SPI_Send      		CODE           	13808	0000	109
		_SPI_DCS       		CODE           	142A8	0000	49

Library/SPI.c estimated size: 1488

C:\Program Files (x86)\Microchip\xc8\v1.42\sources\common\Umul16.c
		___wmul        		CODE           	14146	0000	55

C:\Program Files (x86)\Microchip\xc8\v1.42\sources\common\Umul16.c estimated size: 55

main.c
		_main          		CODE           	10EDC	0000	525

main.c estimated size: 525

Library/Console.c
		_Console_NewLine		CODE           	1313E	0000	147
		_putch         		CODE           	146BE	0000	15
		_Console_ClearCursor		CODE           	14094	0000	61
		_Console_ResetCursor		CODE           	1454A	0000	27
		_Console_Tab   		CODE           	127E8	0000	195
		_Console_SetForecolour		CODE           	14738	0000	11
		_Console_IncrementCursor		CODE           	13948	0000	101
		_Console_FormFeed		CODE           	13260	0000	139
		_Console_Init  		CODE           	132EA	0000	135
		_Console_Backspace		CODE           	13CD0	0000	79
		_Console_MakeField		CODE           	12654	0000	209
		_Console_PrintChar		CODE           	11840	0000	397
		_Console_Render		CODE           	110E8	0000	525

Library/Console.c estimated size: 2041

Library/Timer2.c
		_Timer2_Init   		CODE           	11F72	0000	339
		_Timer2_Clear  		CODE           	14742	0000	9

Library/Timer2.c estimated size: 348

Library/Timer0.c
		_Timer0_ISR    		CODE           	14336	0000	47
		_Timer0_Init   		CODE           	11E1E	0000	341
		_Timer0_Stop   		CODE           	14752	0000	7
		_Timer0_Clear  		CODE           	146F6	0000	13
		_Timer0_Start  		CODE           	1440C	0000	37
		_Timer0_Restart		CODE           	14702	0000	13

Library/Timer0.c estimated size: 458

Library/Types.c
		_Word_GetPair  		CODE           	14056	0000	63
		_delay_us      		CODE           	13BDE	0000	83
		_ToSegment     		CODE           	107D8	0000	645
		_Byte_GetBit   		CODE           	141B2	0000	53
		_Word_SetPair  		CODE           	13E8A	0000	71
		_itos          		CODE           	123D2	0000	217
		_Byte_GetZone  		CODE           	12F72	0000	157
		_Byte_GetPair  		CODE           	1450E	0000	31
		_Byte_SetBit   		CODE           	139AC	0000	101
		_Byte_SetQuad  		CODE           	14452	0000	35
		_Byte_SetZone  		CODE           	12A24	0000	183
		_Byte_SetByte  		CODE           	146CC	0000	15
		_Byte_SetPair  		CODE           	14430	0000	35
		_delay_ms      		CODE           	13874	0000	107
		_reverse       		CODE           	1379C	0000	109
		_PortProperty_Valid		CODE           	133F2	0000	125

Library/Types.c estimated size: 2030

