Microchip MPLAB XC8 Compiler V1.43 ()

Linker command line:

-W-3 --edf=C:\Program Files (x86)\Microchip\xc8\v1.43\dat\en_msgs.txt -cs \
  -h+dist/NORMAL/production\MXK_Demo_V1_2.X.production.sym \
  --cmf=dist/NORMAL/production\MXK_Demo_V1_2.X.production.cmf -z -Q18F67J50 \
  -oC:\Users\jamin\AppData\Local\Temp\satc.2 \
  -Mdist/NORMAL/production/MXK_Demo_V1_2.X.production.map -E1 -ver=XC8 \
  --acfsm=1493 -ASTACK=0D3Dh-0f3fh -pstack=STACK -ACODE=00h-01FFF7h \
  -ACONST=00h-01FFF7h -ASMALLCONST=01000h-010FFhx495,01FF00h-01FFF7h \
  -AMEDIUMCONST=01000h-0FFFFh,011000h-01FFF7h -ACOMRAM=01h-05Fh \
  -AABS1=00h-0F3Fh -ABIGRAM=01h-0F3Fh \
  -ARAM=060h-0FFh,0100h-01FFhx14,0F00h-0F3Fh -ABANK0=060h-0FFh \
  -ABANK1=0100h-01FFh -ABANK2=0200h-02FFh -ABANK3=0300h-03FFh \
  -ABANK4=0400h-04FFh -ABANK5=0500h-05FFh -ABANK6=0600h-06FFh \
  -ABANK7=0700h-07FFh -ABANK8=0800h-08FFh -ABANK9=0900h-09FFh \
  -ABANK10=0A00h-0AFFh -ABANK11=0B00h-0BFFh -ABANK12=0C00h-0CFFh \
  -ABANK13=0D00h-0DFFh -ABANK14=0E00h-0EFFh -ABANK15=0F00h-0F3Fh \
  -ASFR=0F40h-0F5Fh,0F60h-0FFFh \
  -preset_vec=00h,intcode=08h,intcodelo,powerup,init -pramtop=01000h \
  -psmallconst=SMALLCONST -pmediumconst=MEDIUMCONST -pconst=CONST \
  -AFARRAM=00h-00h -ACONFIG=01FFF8h-01FFFDh -pconfig=CONFIG \
  -pjflash_buffer=01F800h \
  -prdata=COMRAM,nvrram=COMRAM,nvbit=COMRAM,rbss=COMRAM,rbit=COMRAM \
  -pfarbss=FARRAM,fardata=FARRAM,nvFARRAM=FARRAM \
  -pintsave_regs=BIGRAM,bigbss=BIGRAM,bigdata=BIGRAM -pbss=RAM \
  -pidata=CODE,irdata=CODE,ibigdata=CODE,ifardata=CODE -prparam=COMRAM \
  C:\Users\jamin\AppData\Local\Temp\satc.obj \
  dist/NORMAL/production\MXK_Demo_V1_2.X.production.obj \
  build/NORMAL/production/ASMCode.obj 

Object code version is 3.11

Machine type is 18F67J50

Call graph: (short form)




                Name                               Link     Load   Length Selector   Space Scale
C:\Users\jamin\AppData\Local\Temp\satc.obj
                init                                 AA       AA        4        4       0
                reset_vec                             0        0        4        0       0
                config                            1FFF8    1FFF8        6    1FFF8       0
dist/NORMAL/production\MXK_Demo_V1_2.X.production.obj
                intcode                               8        8       A2        4       0
                temp                                 51       51        1        1       1
                mediumconst                        FBE2     FBE2      41E     7DF1       0
                text115                           141B6    141B6        E     A0C6       0
                text114                           14226    14226        6     A0C6       0
                text113                           13C04    13C04       40     8000       0
                text112                           13DE2    13DE2       36     8000       0
                text111                           13A1A    13A1A       4C     8000       0
                text110                           132F6    132F6       76     8000       0
                text109                           14150    14150       1A     8000       0
                text108                           13EE0    13EE0       30     8000       0
                text107                           12B44    12B44       AA     8000       0
                text106                           141E8    141E8        C     A0C6       0
                text105                           14220    14220        6     A0C6       0
                text104                           1201E    1201E      100     8000       0
                text103                           13F10    13F10       2E     8000       0
                text101                           13E4C    13E4C       34     8000       0
                text100                           12488    12488       D0     8000       0
                text99                            1416A    1416A       12     8000       0
                text98                            135A8    135A8       6C     8000       0
                text97                            14040    14040       22     8000       0
                text96                            14116    14116       1E     8000       0
                text95                            12A9A    12A9A       AA     8000       0
                text94                            13DAC    13DAC       36     8000       0
                text93                            12E86    12E86       A4     8000       0
                text92                            13454    13454       74     8000       0
                text91                            10EDC    10EDC      210     8000       0
                text90                            14208    14208        A     A0C6       0
                text89                            1317A    1317A       88     8000       0
                text88                            13CFE    13CFE       3E     8000       0
                text87                            13928    13928       52     8000       0
                text86                            13CC0    13CC0       3E     8000       0
                text85                            141A8    141A8        E     A0C6       0
                text84                            14134    14134       1C     8000       0
                text83                            13B82    13B82       42     8000       0
                text82                            1374E    1374E       64     8000       0
                text81                            12F2A    12F2A       9C     8000       0
                text80                            140F8    140F8       1E     8000       0
                text79                            13C82    13C82       3E     8000       0
                text78                            126EA    126EA       C4     8000       0
                text77                            141DC    141DC        C     A0C6       0
                text76                            1421A    1421A        6     A0C6       0
                text75                            11EF8    11EF8      126     8000       0
                text74                            13C44    13C44       3E     8000       0
                text73                            1327E    1327E       78     8000       0
                text72                            13814    13814       62     8000       0
                text71                            13BC4    13BC4       40     8000       0
                text70                            136E8    136E8       66     8000       0
                text69                            1401E    1401E       22     8000       0
                text68                            1305E    1305E       92     8000       0
                text67                            12DE0    12DE0       A6     8000       0
                text66                            13538    13538       70     8000       0
                text65                            127AE    127AE       BE     8000       0
                text64                            12624    12624       C6     8000       0
                text63                            114A6    114A6      19E     8000       0
                text62                            1419A    1419A        E     A0C6       0
                text61                            11AC8    11AC8      16C     8000       0
                text60                            123B4    123B4       D4     8000       0
                text59                            129E4    129E4       B6     8000       0
                text58                            13FFC    13FFC       22     8000       0
                text57                            13202    13202       7C     8000       0
                text56                            1367E    1367E       6A     8000       0
                text55                            13876    13876       5A     8000       0
                text54                            13FDA    13FDA       22     8000       0
                text53                            13B3C    13B3C       46     8000       0
                text52                            10A5C    10A5C      256     8000       0
                text51                            112E6    112E6      1C0     8000       0
                text50                            140DA    140DA       1E     8000       0
                text49                            1422C    1422C        4     A0C6       0
                text48                            140BC    140BC       1E     8000       0
                text47                            122E0    122E0       D4     8000       0
                text46                            13EB0    13EB0       30     8000       0
                text45                            13F68    13F68       28     8000       0
                text44                            14212    14212        8     A0C6       0
                text43                            12928    12928       BC     8000       0
                text42                            11D98    11D98      160     8000       0
                text41                            10000    10000      41E     8000       0
                text40                            133E0    133E0       74     8000       0
                text39                            110EC    110EC      1FA     8000       0
                text38                            141FE    141FE        A     A0C6       0
                text37                            107D8    107D8      284     8000       0
                text36                            1211E    1211E       EC     8000       0
                text35                            13D76    13D76       36     8000       0
                text34                            130F0    130F0       8A     8000       0
                text33                            13AF6    13AF6       46     8000       0
                text32                            13E80    13E80       30     8000       0
                text31                            13AAE    13AAE       48     8000       0
                text30                            1409E    1409E       1E     8000       0
                text29                            14080    14080       1E     8000       0
                text28                            13614    13614       6A     8000       0
                text27                            139CA    139CA       50     8000       0
                text26                            1336C    1336C       74     8000       0
                text25                            134C8    134C8       70     8000       0
                text24                            138D0    138D0       58     8000       0
                text23                            12FC6    12FC6       98     8000       0
                text22                            11956    11956      172     8000       0
                text21                            13FB6    13FB6       24     8000       0
                text20                            141D0    141D0        C     A0C6       0
                text19                            11C34    11C34      164     8000       0
                text18                            1220A    1220A       D6     8000       0
                text17                            13F90    13F90       26     8000       0
                text16                            13D3C    13D3C       3A     8000       0
                text15                            13E18    13E18       34     8000       0
                text14                            13F3E    13F3E       2A     8000       0
                text13                            1286C    1286C       BC     8000       0
                text12                            141F4    141F4        A     A0C6       0
                text11                            1397A    1397A       50     8000       0
                text10                            137B2    137B2       62     8000       0
                text9                             12D3A    12D3A       A6     8000       0
                text8                             12C94    12C94       A6     8000       0
                text7                             12BEE    12BEE       A6     8000       0
                text6                             1418C    1418C        E     A0C6       0
                text5                             1041E    1041E      3BA     8000       0
                text4                             13A66    13A66       48     8000       0
                text3                             10CB2    10CB2      22A     8000       0
                text2                             11644    11644      192     8000       0
                text1                             117D6    117D6      180     8000       0
                text0                             14062    14062       1E     8000       0
                cstackCOMRAM                          1        1       28        1       1
                cstackBANK0                          B4       B4       3D       60       1
                cstackBANK1                         1FE      1FE        2      100       1
                cstackBANK2                         2E8      2E8        D      200       1
                bssBIGRAMl                          C11      C11      12C      440       1
                bssBIGRAMh                          440      440      7D1      440       1
                bssBANK3                            300      300       C6      300       1
                bssBANK2                            200      200       E8      200       1
                dataBANK1                           1F2      1F2        C      100       1
                bssBANK1                            100      100       F2      100       1
                dataBANK0                            F1       F1        F       60       1
                bssBANK0                             60       60       54       60       1
                dataCOMRAM                           4E       4E        3        1       1
                bssCOMRAM                            29       29       25        1       1
                cinit                             12558    12558       CC     8000       0
                idataBANK1                        141C4    141C4        C     A0C6       0
                idataBANK0                        1417C    1417C        F     8000       0
                idataCOMRAM                       14230    14230        3     A0C6       0
build/NORMAL/production/ASMCode.obj
                

TOTAL           Name                               Link     Load   Length     Space
        CLASS   STACK          

        CLASS   CODE           
                intcode                               8        8       A2         0
                init                                 AA       AA        4         0
                reset_vec                             0        0        4         0
                text115                           141B6    141B6        E         0
                text114                           14226    14226        6         0
                text113                           13C04    13C04       40         0
                text112                           13DE2    13DE2       36         0
                text111                           13A1A    13A1A       4C         0
                text110                           132F6    132F6       76         0
                text109                           14150    14150       1A         0
                text108                           13EE0    13EE0       30         0
                text107                           12B44    12B44       AA         0
                text106                           141E8    141E8        C         0
                text105                           14220    14220        6         0
                text104                           1201E    1201E      100         0
                text103                           13F10    13F10       2E         0
                text101                           13E4C    13E4C       34         0
                text100                           12488    12488       D0         0
                text99                            1416A    1416A       12         0
                text98                            135A8    135A8       6C         0
                text97                            14040    14040       22         0
                text96                            14116    14116       1E         0
                text95                            12A9A    12A9A       AA         0
                text94                            13DAC    13DAC       36         0
                text93                            12E86    12E86       A4         0
                text92                            13454    13454       74         0
                text91                            10EDC    10EDC      210         0
                text90                            14208    14208        A         0
                text89                            1317A    1317A       88         0
                text88                            13CFE    13CFE       3E         0
                text87                            13928    13928       52         0
                text86                            13CC0    13CC0       3E         0
                text85                            141A8    141A8        E         0
                text84                            14134    14134       1C         0
                text83                            13B82    13B82       42         0
                text82                            1374E    1374E       64         0
                text81                            12F2A    12F2A       9C         0
                text80                            140F8    140F8       1E         0
                text79                            13C82    13C82       3E         0
                text78                            126EA    126EA       C4         0
                text77                            141DC    141DC        C         0
                text76                            1421A    1421A        6         0
                text75                            11EF8    11EF8      126         0
                text74                            13C44    13C44       3E         0
                text73                            1327E    1327E       78         0
                text72                            13814    13814       62         0
                text71                            13BC4    13BC4       40         0
                text70                            136E8    136E8       66         0
                text69                            1401E    1401E       22         0
                text68                            1305E    1305E       92         0
                text67                            12DE0    12DE0       A6         0
                text66                            13538    13538       70         0
                text65                            127AE    127AE       BE         0
                text64                            12624    12624       C6         0
                text63                            114A6    114A6      19E         0
                text62                            1419A    1419A        E         0
                text61                            11AC8    11AC8      16C         0
                text60                            123B4    123B4       D4         0
                text59                            129E4    129E4       B6         0
                text58                            13FFC    13FFC       22         0
                text57                            13202    13202       7C         0
                text56                            1367E    1367E       6A         0
                text55                            13876    13876       5A         0
                text54                            13FDA    13FDA       22         0
                text53                            13B3C    13B3C       46         0
                text52                            10A5C    10A5C      256         0
                text51                            112E6    112E6      1C0         0
                text50                            140DA    140DA       1E         0
                text49                            1422C    1422C        4         0
                text48                            140BC    140BC       1E         0
                text47                            122E0    122E0       D4         0
                text46                            13EB0    13EB0       30         0
                text45                            13F68    13F68       28         0
                text44                            14212    14212        8         0
                text43                            12928    12928       BC         0
                text42                            11D98    11D98      160         0
                text41                            10000    10000      41E         0
                text40                            133E0    133E0       74         0
                text39                            110EC    110EC      1FA         0
                text38                            141FE    141FE        A         0
                text37                            107D8    107D8      284         0
                text36                            1211E    1211E       EC         0
                text35                            13D76    13D76       36         0
                text34                            130F0    130F0       8A         0
                text33                            13AF6    13AF6       46         0
                text32                            13E80    13E80       30         0
                text31                            13AAE    13AAE       48         0
                text30                            1409E    1409E       1E         0
                text29                            14080    14080       1E         0
                text28                            13614    13614       6A         0
                text27                            139CA    139CA       50         0
                text26                            1336C    1336C       74         0
                text25                            134C8    134C8       70         0
                text24                            138D0    138D0       58         0
                text23                            12FC6    12FC6       98         0
                text22                            11956    11956      172         0
                text21                            13FB6    13FB6       24         0
                text20                            141D0    141D0        C         0
                text19                            11C34    11C34      164         0
                text18                            1220A    1220A       D6         0
                text17                            13F90    13F90       26         0
                text16                            13D3C    13D3C       3A         0
                text15                            13E18    13E18       34         0
                text14                            13F3E    13F3E       2A         0
                text13                            1286C    1286C       BC         0
                text12                            141F4    141F4        A         0
                text11                            1397A    1397A       50         0
                text10                            137B2    137B2       62         0
                text9                             12D3A    12D3A       A6         0
                text8                             12C94    12C94       A6         0
                text7                             12BEE    12BEE       A6         0
                text6                             1418C    1418C        E         0
                text5                             1041E    1041E      3BA         0
                text4                             13A66    13A66       48         0
                text3                             10CB2    10CB2      22A         0
                text2                             11644    11644      192         0
                text1                             117D6    117D6      180         0
                text0                             14062    14062       1E         0
                cinit                             12558    12558       CC         0
                idataBANK1                        141C4    141C4        C         0
                idataBANK0                        1417C    1417C        F         0
                idataCOMRAM                       14230    14230        3         0

        CLASS   CONST          

        CLASS   SMALLCONST     

        CLASS   MEDIUMCONST    
                mediumconst                        FBE2     FBE2      41E         0

        CLASS   COMRAM         
                temp                                 51       51        1         1
                cstackCOMRAM                          1        1       28         1
                dataCOMRAM                           4E       4E        3         1
                bssCOMRAM                            29       29       25         1

        CLASS   ABS1           
                abs_s1                              400      400       40         1

        CLASS   BIGRAM         
                bssBIGRAMl                          C11      C11      12C         1
                bssBIGRAMh                          440      440      7D1         1

        CLASS   RAM            

        CLASS   BANK0          
                cstackBANK0                          B4       B4       3D         1
                dataBANK0                            F1       F1        F         1
                bssBANK0                             60       60       54         1

        CLASS   BANK1          
                cstackBANK1                         1FE      1FE        2         1
                dataBANK1                           1F2      1F2        C         1
                bssBANK1                            100      100       F2         1

        CLASS   BANK2          
                cstackBANK2                         2E8      2E8        D         1
                bssBANK2                            200      200       E8         1

        CLASS   BANK3          
                bssBANK3                            300      300       C6         1

        CLASS   BANK4          

        CLASS   BANK5          

        CLASS   BANK6          

        CLASS   BANK7          

        CLASS   BANK8          

        CLASS   BANK9          

        CLASS   BANK10         

        CLASS   BANK11         

        CLASS   BANK12         

        CLASS   BANK13         

        CLASS   BANK14         

        CLASS   BANK15         

        CLASS   SFR            

        CLASS   FARRAM         

        CLASS   CONFIG         
                config                            1FFF8    1FFF8        6         0

        CLASS   IDLOC          



SEGMENTS        Name                           Load    Length   Top    Selector   Space  Class

                reset_vec                      000000  000004  000004         0       0  CODE    
                cstackCOMRAM                   000001  000051  000052         1       1  COMRAM  
                intcode                        000008  0000A6  0000AE         4       0  CODE    
                bssBANK0                       000060  0000A0  000100        60       1  BANK0   
                bssBANK1                       000100  000100  000200       100       1  BANK1   
                bssBANK2                       000200  0000F5  0002F5       200       1  BANK2   
                bssBANK3                       000300  0000C6  0003C6       300       1  BANK3   
                bssBIGRAMh                     000440  0008FD  000D3D       440       1  BIGRAM  
                mediumconst                    00FBE2  00041E  010000      7DF1       0  MEDIUMCO
                text41                         010000  00418B  01418B      8000       0  CODE    
                text6                          01418C  0000A7  014233      A0C6       0  CODE    
                config                         01FFF8  000006  01FFFE     1FFF8       0  CONFIG  


UNUSED ADDRESS RANGES

        Name                Unused          Largest block    Delta
        BANK13           00D3D-00DFF              C3
        BANK14           00E00-00EFF             100
        BANK15           00F00-00F3F              40
        BANK2            002F5-002FF               B
        BANK3            003C6-003FF              3A
        BIGRAM           00052-0005F               E
                         002F5-002FF               B
                         003C6-003FF              3A
                         00D3D-00F3F             203
        CODE             00004-00007               4
                         000AE-0FBE1            FB34
                         1418B-1418B               1
                         14233-1FFF7            BDC5
        COMRAM           00052-0005F               E
        CONST            00004-00007               4
                         000AE-0FBE1            FB34
                         1418B-1418B               1
                         14233-1FFF7            BDC5
        MEDIUMCONST      01000-0FBE1            EBE2
                         1418B-1418B               1
                         14233-1FFF7            BDC5
        RAM              002F5-002FF               B
                         003C6-003FF              3A
                         00D3D-00F3F             100
        SFR              00F40-00FFF              20
        SMALLCONST       01000-0FBE1             100
                         1418B-1418B               1
                         14233-1FFF7             100
        STACK            00D3D-00F3F             203

                                  Symbol Table

?_Console_MakeField               cstackBANK0   000B9
?_GetPortPORT                     cstackBANK0   000B4
?_GetPortProperties               cstackBANK0   000B4
?_GetPortTRIS                     cstackBANK0   000B4
?___awdiv                         cstackBANK0   000B4
?___lldiv                         cstackBANK0   000B4
?___lwdiv                         cstackBANK0   000B4
?___lwmod                         cstackBANK0   000BB
?___wmul                          cstackBANK0   000B4
?_printf                          cstackBANK0   000C9
Button_Init@pFunction             cstackBANK2   002F2
Button_Init@pGetState             cstackBANK2   002EF
Button_Init@pInitIO               cstackBANK2   002EC
Button_Init@pInput                cstackBANK2   002E8
Button_Init@pThreshold            cstackBANK2   002EA
Byte_GetBit@Output                cstackBANK0   000B8
Byte_GetBit@pBit                  cstackBANK0   000B6
Byte_GetBit@pInput                cstackBANK0   000B4
Byte_GetPair@pInput               cstackBANK0   000BD
Byte_GetPair@pPair                cstackBANK0   000BF
Byte_GetZone@MASK                 cstackBANK0   000BA
Byte_GetZone@Offset               cstackBANK0   000BB
Byte_GetZone@Output               cstackBANK0   000BC
Byte_GetZone@pChunk               cstackBANK0   000B7
Byte_GetZone@pChunkSize           cstackBANK0   000B8
Byte_GetZone@pInput               cstackBANK0   000B4
Byte_GetZone@pMax                 cstackBANK0   000B6
Byte_SetBit@pBit                  cstackBANK0   000B6
Byte_SetBit@pInput                cstackBANK0   000B4
Byte_SetBit@pValue                cstackBANK0   000B7
Byte_SetByte@pInput               cstackBANK0   000B4
Byte_SetByte@pValue               cstackBANK0   000B6
Byte_SetPair@pInput               cstackBANK0   000BF
Byte_SetPair@pPair                cstackBANK0   000C1
Byte_SetPair@pValue               cstackBANK0   000C2
Byte_SetQuad@pInput               cstackBANK0   000BF
Byte_SetQuad@pQuad                cstackBANK0   000C1
Byte_SetQuad@pValue               cstackBANK0   000C2
Byte_SetZone@MASK                 cstackBANK0   000BE
Byte_SetZone@Offset               cstackBANK0   000BD
Byte_SetZone@pChunk               cstackBANK0   000B7
Byte_SetZone@pChunkSize           cstackBANK0   000B8
Byte_SetZone@pInput               cstackBANK0   000B4
Byte_SetZone@pMax                 cstackBANK0   000B6
Byte_SetZone@pValue               cstackBANK0   000B9
Console_FormFeed@x                cstackBANK0   000B6
Console_FormFeed@y                cstackBANK0   000B7
Console_Init@x                    cstackBANK0   000B6
Console_Init@y                    cstackBANK0   000B7
Console_MakeField@Column          cstackBANK0   000C0
Console_MakeField@Fill            bssBANK3      00340
Console_MakeField@Index           cstackBANK0   000BD
Console_MakeField@pInput          cstackBANK0   000BF
Console_MakeField@x               cstackBANK0   000C4
Console_MakeField@y               cstackBANK0   000C5
Console_PrintChar@pInput          cstackBANK0   000C7
Console_Render@F6956              dataBANK1     001F2
Console_Render@lCursor            cstackBANK0   000DA
Console_Render@temp               cstackBANK0   000D9
Console_Render@x                  cstackBANK0   000DE
Console_Render@y                  cstackBANK0   000DF
Console_SetForecolour@pColour     cstackBANK0   000B4
Console_Tab@c                     cstackBANK0   000C3
Console_Tab@i                     cstackBANK0   000C2
Console_Tab@t                     cstackBANK0   000C1
Event_TestButton@j                bssBANK0      0008E
FunctHMI@v                        dataBANK0     000FB
GetPortPORT@pInput                cstackBANK0   000B6
GetPortProperties@pInput          cstackBANK0   000B6
GetPortTRIS@pInput                cstackBANK0   000B6
HMI_GRender@a                     bssBANK0      00085
HMI_Init@in                       cstackBANK0   000EF
HMI_Render@a                      cstackBANK0   000BC
HMI_SetBar@pValue                 cstackBANK0   000B4
HMI_SetButton@F7369               mediumconst   0FD06
HMI_SetSegments@in                cstackBANK0   000B8
HMI_SetSegments@pString           cstackBANK0   000B5
IMU_ReadReg@r                     bssCOMRAM     0004B
IMU_WriteReg@r                    bssCOMRAM     0004A
LCD_DrawField@count               cstackBANK0   000D2
LCD_DrawField@i                   cstackBANK0   000D6
LCD_DrawField@pField              cstackBANK0   000C6
LCD_DrawField@pPoint              cstackBANK0   000C8
LCD_DrawField@pSize               cstackBANK0   000CC
LCD_DrawField@xmax                cstackBANK0   000D4
LCD_DrawField@ymax                cstackBANK0   000D5
LCD_DrawRectangle@p2              bssBANK1      001EC
LCD_DrawRectangle@p4              bssBANK1      001E8
LCD_Fill@i                        cstackBANK0   000BF
LCD_Fill@j                        cstackBANK0   000C0
LCD_Fill@pColour                  cstackBANK0   000BD
LCD_FillRectangle@i               cstackBANK0   000C9
LCD_FillRectangle@j               cstackBANK0   000CA
LCD_FillRectangle@pColour         cstackBANK0   000BD
LCD_FillRectangle@pPoint          cstackBANK0   000BF
LCD_FillRectangle@pSize           cstackBANK0   000C3
LCD_Init@i                        cstackBANK0   000EB
LCD_Word_Write@value              cstackBANK0   000B9
LCD_Write@mode                    cstackBANK0   000B7
LCD_Write@value                   cstackBANK0   000B8
LED_Init@pLED                     cstackBANK0   000E1
LED_Set@pLED                      cstackBANK0   000C9
LED_Set@pValue                    cstackBANK0   000C8
LED_Toggle@pLED                   cstackBANK0   000CC
MXK_BlockSwitchTo@CUR             cstackBANK0   000BA
MXK_BlockSwitchTo@pModule         cstackBANK0   000BB
MXK_Queue@pCallback               cstackBANK0   000B4
MXK_SwitchTo@CUR                  cstackBANK0   000BA
MXK_SwitchTo@pModule              cstackBANK0   000BB
Mode_Set@pMode                    cstackBANK0   000B4
Motor_Init@pAddress               cstackBANK0   000E3
Motor_Init@pMotor                 cstackBANK0   000E1
Motor_Move@pDelta                 cstackBANK0   000B9
Motor_Move@pMotor                 cstackBANK0   000B7
Motor_Speed@pFrequency            cstackBANK0   000D1
Motor_Speed@pMotor                cstackBANK0   000CF
OutSeg@a                          bssCOMRAM     0003C
OutSeg@cur                        bssBANK0      0009A
OutSeg@out                        cstackBANK0   000BB
OutSeg@pInput                     cstackBANK0   000BA
OutSeg@pSegment                   cstackBANK0   000B7
OutSeg@segset                     bssBANK0      00099
PortProperty_Valid@Errors         cstackBANK0   000C9
PortProperty_Valid@F6830          mediumconst   0FCA5
PortProperty_Valid@Pair           cstackBANK0   000D9
PortProperty_Valid@pInput         cstackBANK0   000C3
PortProperty_Valid@pPin           cstackBANK0   000C6
PortProperty_Valid@pPinDrive      cstackBANK0   000C5
Port_CheckPairType@Output         cstackBANK0   000E0
Port_CheckPairType@Pin1           cstackBANK0   000DE
Port_CheckPairType@Pin2           cstackBANK0   000DF
Port_CheckPairType@Props          cstackBANK0   000E1
Port_CheckPairType@pDrive         cstackBANK0   000DD
Port_CheckPairType@pInput         cstackBANK0   000DA
Port_CheckPairType@pPair          cstackBANK0   000DC
Port_CheckPortType@Output         cstackBANK0   000ED
Port_CheckPortType@pDrive         cstackBANK0   000EC
Port_CheckPortType@pInput         cstackBANK0   000EA
Port_CheckQuadType@Output         cstackBANK0   000E9
Port_CheckQuadType@Pair1          cstackBANK0   000E7
Port_CheckQuadType@Pair2          cstackBANK0   000E8
Port_CheckQuadType@pDrive         cstackBANK0   000E6
Port_CheckQuadType@pInput         cstackBANK0   000E3
Port_CheckQuadType@pQuad          cstackBANK0   000E5
Port_GetPin@Output                cstackBANK0   000B9
Port_GetPin@pInput                cstackBANK0   000B4
Port_GetPin@pPin                  cstackBANK0   000B6
Port_Init@i                       cstackBANK2   002EE
Port_Init@pInput                  cstackBANK2   002E9
Port_Init@pPort                   cstackBANK2   002EB
Port_Set@Type                     cstackBANK0   000DA
Port_Set@TypeActual               cstackBANK0   000D8
Port_Set@TypeRequired             cstackBANK0   000D6
Port_Set@pInput                   cstackBANK0   000C3
Port_Set@pValue                   cstackBANK0   000C5
Port_SetPin@Type                  cstackBANK0   000C7
Port_SetPin@pInput                cstackBANK0   000C3
Port_SetPin@pPin                  cstackBANK0   000C5
Port_SetPin@pValue                cstackBANK0   000C6
Port_SetPinType@Output            cstackBANK0   000DE
Port_SetPinType@Props             cstackBANK0   000DF
Port_SetPinType@pInput            cstackBANK0   000DA
Port_SetPinType@pPin              cstackBANK0   000DC
Port_SetPinType@pType             cstackBANK0   000DD
Port_SetQuadType@Output           cstackBANK0   000EE
Port_SetQuadType@pInput           cstackBANK0   000EA
Port_SetQuadType@pQuad            cstackBANK0   000EC
Port_SetQuadType@pType            cstackBANK0   000ED
Port_SetType@Output               cstackBANK2   002E8
Port_SetType@pInput               cstackBANK0   000EE
Port_SetType@pType                cstackBANK0   000F0
Port_TogglePin@Value              cstackBANK0   000CB
Port_TogglePin@pInput             cstackBANK0   000C8
Port_TogglePin@pPin               cstackBANK0   000CA
SPI_DCS@pInput                    cstackBANK0   000B4
SPI_DisableISR@pInput             cstackBANK0   000B4
SPI_Init@pChannel                 cstackBANK0   000E5
SPI_Init@pClock                   cstackBANK0   000E1
SPI_Init@pInput                   cstackBANK0   000E7
SPI_Init@pMode                    cstackBANK0   000E6
SPI_MaxSpeed@pInput               cstackBANK0   000C3
SPI_MinSpeed@pInput               cstackBANK0   000C3
SPI_Send9@dat                     bssBANK1      00133
SPI_Send@pData                    cstackBANK0   000B6
SPI_Send@pInput                   cstackBANK0   000B4
Set_Addr_Window@xe                cstackBANK0   000BA
Set_Addr_Window@xs                cstackBANK0   000BC
Set_Addr_Window@ye                cstackBANK0   000BB
Set_Addr_Window@ys                cstackBANK0   000B9
Set_Rotation@m                    cstackBANK0   000B9
Set_Rotation@rotation             cstackBANK0   000BA
TetrisBlockRotate@undo            bssCOMRAM     0003B
TetrisFieldDraw@lCorner           bssBANK0      0006D
TetrisFieldDraw@lSize             bssBANK0      00069
Timer0_Init@DIV                   bssBANK1      0010A
Timer0_Init@DIVIDE                cstackBANK0   000CB
Timer0_Init@PRE                   bssBANK0      00094
Timer0_Init@PRESCALE              mediumconst   0FC95
Timer0_Init@pCPUClock             cstackBANK0   000C7
Timer0_Init@pFrequency            cstackBANK0   000C1
Timer0_Start@pFunction            cstackBANK0   000B4
Timer2_Init@DIV                   bssBANK1      00106
Timer2_Init@DIVIDE                cstackBANK0   000CE
Timer2_Init@INDEX                 bssBANK0      00093
Timer2_Init@PRE                   bssBANK0      00092
Timer2_Init@PRESCALE              mediumconst   0FD0A
Timer2_Init@RDIV                  cstackBANK0   000C6
Timer2_Init@pCPUClock             cstackBANK0   000CA
Timer2_Init@pFrequency            cstackBANK0   000C1
ToSegment@pCHR                    cstackBANK0   000B4
Word_GetPair@pInput               cstackBANK0   000C0
Word_GetPair@pPair                cstackBANK0   000C2
Word_SetPair@pInput               cstackBANK0   000C3
Word_SetPair@pPair                cstackBANK0   000C5
Word_SetPair@pValue               cstackBANK0   000C6
_ADCON0bits                       (abs)         00FC2
_ADCON1bits                       (abs)         00FC1
_ADC_AN0                          bssBANK1      001E3
_ADC_AN1                          bssBANK1      001DE
_ADC_AN2                          bssBANK1      001D9
_ADC_AN3                          bssBANK1      001D4
_ADC_Initialised                  bssBANK0      00098
_ADRESH                           (abs)         00FC4
_ADRESL                           (abs)         00FC3
_ANCON0                           (abs)         00FC1
_BDT                              (abs)         00400
_BLOCKS_COUNT                     mediumconst   0FD11
_BaudRateGen                      bssBANK1      0010E
_BothEP0OutUOWNsSet               bssBANK0      000A1
_Bus_State                        dataCOMRAM    0004E
_Button_Init                      text47        122E0
_Byte_GetBit                      text101       13E4C
_Byte_GetPair                     text80        140F8
_Byte_GetZone                     text81        12F2A
_Byte_SetBit                      text82        1374E
_Byte_SetByte                     text6         1418C
_Byte_SetPair                     text54        13FDA
_Byte_SetQuad                     text58        13FFC
_Byte_SetZone                     text59        129E4
_CDCDataInHandle                  bssBANK0      00089
_CDCDataOutHandle                 bssCOMRAM     00035
_COUNTER                          bssBANK0      0007F
_Configure_GPIOs                  text25        134C8
_Console_Backspace                text70        136E8
_Console_ClearCursor              text71        13BC4
_Console_FormFeed                 text68        1305E
_Console_IncrementCursor          text66        13538
_Console_Init                     text34        130F0
_Console_MakeField                text100       12488
_Console_MakeField$13393          cstackBANK0   000C2
_Console_NewLine                  text67        12DE0
_Console_PrintChar                text63        114A6
_Console_Render                   text91        10EDC
_Console_ResetCursor              text69        1401E
_Console_SetForecolour            text90        14208
_Console_Tab                      text64        12624
_CtrlTrfData                      (abs)         00438
_DIPSwitch                        bssBANK2      002CC
_DIST                             dataBANK0     000F5
_Event_DIPSwitch                  (abs)         00000
_Event_HMI_DIPSwitch              (abs)         00000
_Event_HMI_DownButton             (abs)         00000
_Event_HMI_LeftButton             (abs)         00000
_Event_HMI_RightButton            (abs)         00000
_Event_HMI_UpButton               (abs)         00000
_Event_TestButton                 (abs)         00000
_Font5x7                          mediumconst   0FD12
_FunctHMI                         text60        123B4
_FunctInitHMI                     text35        13D76
_FunctInitLCD                     text21        13FB6
_FunctInitMotor                   text15        13E18
_FunctMotor                       text13        1286C
_GetPortPORT                      text9         12D3A
_GetPortProperties                text8         12C94
_GetPortTRIS                      text7         12BEE
_HMIBoard                         bssBANK1      00135
_HMI_DIPSwitch                    (abs)         00000
_HMI_DownSwitch                   (abs)         00000
_HMI_Init                         text39        110EC
_HMI_InitButtons                  text49        1422C
_HMI_LeftSwitch                   (abs)         00000
_HMI_Render                       text88        13CFE
_HMI_RightSwitch                  (abs)         00000
_HMI_SetBar                       text38        141FE
_HMI_SetSegments                  text36        1211E
_HMI_UpSwitch                     (abs)         00000
_Hz                               dataBANK0     000F7
_HzInc                            mediumconst   0FD0D
_HzOld                            bssBANK1      00131
_I2C1T                            bssBANK0      000AE
_I2C1_Done                        bssBANK1      00122
_I2C1_More                        bssBANK1      0011C
_I2C2T                            bssBANK1      001CE
_I2C2_Done                        bssBANK1      0011F
_I2C2_More                        bssBANK1      00119
_IMU_ReadComplete                 (abs)         00000
_IMU_ReadRegContinue              (abs)         00000
_IMU_ReadRegFinish                (abs)         00000
_IMU_WriteRegContinue             (abs)         00000
_IMU_WriteRegFinish               (abs)         00000
_INDEX                            bssBANK0      00095
_INTCONbits                       (abs)         00FF2
_IPR1bits                         (abs)         00F9F
_IPR3bits                         (abs)         00FA5
_ISR_Enable                       text12        141F4
_ISR_Function                     intcode       00008
_InitList                         mediumconst   0FBE3
_LATA                             (abs)         00F89
_LATB                             (abs)         00F8A
_LATC                             (abs)         00F8B
_LATD                             (abs)         00F8C
_LATE                             (abs)         00F8D
_LATF                             (abs)         00F8E
_LATG                             (abs)         00F8F
_LCD_DrawField                    text93        12E86
_LCD_Fill                         text24        138D0
_LCD_FillRectangle                text92        13454
_LCD_Init                         text22        11956
_LCD_Reset                        text27        139CA
_LCD_Word_Write                   text96        14116
_LCD_Write                        text97        14040
_LED_Init                         text10        137B2
_LED_Set                          text11        1397A
_LED_Toggle                       text31        13AAE
_LLVALS                           mediumconst   0FCE8
_LNVALS                           mediumconst   0FCF8
_LZVALS                           mediumconst   0FCD0
_MASKS                            mediumconst   0FCBF
_MXK_BlockSwitchTo                text86        13CC0
_MXK_DIPSwitch                    (abs)         00000
_MXK_Dequeue                      text74        13C44
_MXK_Init                         text1         117D6
_MXK_InitDIPSwitch                text48        140BC
_MXK_InitTestButton               text50        140DA
_MXK_Queue                        text85        141A8
_MXK_Release                      text84        14134
_MXK_SwitchTo                     text83        13B82
_MXK_TestButton                   (abs)         00000
_Mode_Set                         text99        1416A
_Motor_Init                       text18        1220A
_Motor_Move                       text16        13D3C
_Motor_Speed                      text14        13F3E
_Motor_Step                       text75        11EF8
_Motor_Step$intlevel0             text75        11EFE
_OSCTUNEbits                      (abs)         00F9B
_OutSeg                           text89        1317A
_PIE1bits                         (abs)         00F9D
_PIE2bits                         (abs)         00FA0
_PIE3bits                         (abs)         00FA3
_PIR1                             (abs)         00F9E
_PIR1bits                         (abs)         00F9E
_PIR2                             (abs)         00FA1
_PIR2bits                         (abs)         00FA1
_PIR3                             (abs)         00FA4
_PIR3bits                         (abs)         00FA4
_PORTA                            (abs)         00F80
_PORTB                            (abs)         00F81
_PORTC                            (abs)         00F82
_PORTD                            (abs)         00F83
_PORTE                            (abs)         00F84
_PORTF                            (abs)         00F85
_PORTFbits                        (abs)         00F85
_PORTG                            (abs)         00F86
_PR2                              (abs)         00FCB
_PortA                            bssBANK2      002D6
_PortA_Property                   mediumconst   0FFBF
_PortB                            bssBANK1      001AD
_PortB_Property                   mediumconst   0FFBD
_PortC                            bssBANK0      000A4
_PortC_Property                   mediumconst   0FFBB
_PortD                            bssBANK1      001A3
_PortD_Property                   mediumconst   0FFB9
_PortE                            bssBANK1      00199
_PortE_Property                   mediumconst   0FFB7
_PortF                            bssBANK1      001B7
_PortF_Property                   mediumconst   0FFB5
_PortG                            bssBANK1      0018F
_PortG_Property                   mediumconst   0FFB3
_PortProperty_Valid               text57        13202
_Port_CheckPairType               text56        1367E
_Port_CheckPortType               text4         13A66
_Port_CheckQuadType               text55        13876
_Port_GetPin                      text33        13AF6
_Port_Init                        text2         11644
_Port_Set                         text5         1041E
_Port_SetPin                      text78        126EA
_Port_SetPinType                  text51        112E6
_Port_SetQuadType                 text52        10A5C
_Port_SetType                     text3         10CB2
_Port_TogglePin                   text32        13E80
_RCONbits                         (abs)         00FD0
_RLVALS                           mediumconst   0FCE0
_RZVALS                           mediumconst   0FCC8
_Read                             bssBANK0      00096
_RemoteWakeup                     bssBANK0      000A3
_Reset_High                       text30        1409E
_Reset_Low                        text29        14080
_SPI1                             bssBANK1      0016F
_SPI2                             bssBANK1      0017A
_SPI_DCS                          text46        13EB0
_SPI_DisableISR                   text45        13F68
_SPI_Init                         text41        10000
_SPI_MaxSpeed                     text26        1336C
_SPI_MinSpeed                     text40        133E0
_SPI_Send                         text98        135A8
_SQVALS                           mediumconst   0FCF0
_SSP1ADD                          (abs)         00FC8
_SSP1BUF                          (abs)         00FC9
_SSP1CON1                         (abs)         00FC6
_SSP1CON1bits                     (abs)         00FC6
_SSP1CON2                         (abs)         00FC5
_SSP1CON2bits                     (abs)         00FC5
_SSP1STAT                         (abs)         00FC7
_SSP1STATbits                     (abs)         00FC7
_SSP2BUF                          (abs)         00F6F
_SSP2CON1                         (abs)         00F6C
_SSP2CON1bits                     (abs)         00F6C
_SSP2CON2                         (abs)         00F6B
_SSP2CON2bits                     (abs)         00F6B
_SSP2STAT                         (abs)         00F6D
_SSP2STATbits                     (abs)         00F6D
_Set_Addr_Window                  text95        12A9A
_Set_Rotation                     text23        12FC6
_SetupPkt                         (abs)         00430
_Stepper                          bssBANK1      001C8
_T0CONbits                        (abs)         00FD5
_T2CONbits                        (abs)         00FCA
_TEVALS                           mediumconst   0FCD8
_TMR0                             (abs)         00FD6
_TRISA                            (abs)         00F92
_TRISB                            (abs)         00F93
_TRISC                            (abs)         00F94
_TRISD                            (abs)         00F95
_TRISE                            (abs)         00F96
_TRISF                            (abs)         00F97
_TRISFbits                        (abs)         00F97
_TRISG                            (abs)         00F98
_TestButton                       bssBANK1      00185
_Timer0_Clear                     text20        141D0
_Timer0_ISR                       text103       13F10
_Timer0_Init                      text19        11C34
_Timer0_Restart                   text77        141DC
_Timer0_Start                     text17        13F90
_Timer0_Stop                      text76        1421A
_Timer2_Clear                     text44        14212
_Timer2_Init                      text42        11D98
_ToSegment                        text37        107D8
_UADDR                            (abs)         00F5E
_UCFG                             (abs)         00F5F
_UCON                             (abs)         00F65
_UCONbits                         (abs)         00F65
_UEIE                             (abs)         00F5D
_UEIR                             (abs)         00F63
_UEP0                             (abs)         00F4C
_UEP0bits                         (abs)         00F4C
_UEP1                             (abs)         00F4D
_UIE                              (abs)         00F5C
_UIEbits                          (abs)         00F5C
_UIR                              (abs)         00F62
_UIRbits                          (abs)         00F62
_USB1msTickCount                  bssBANK1      00112
_USBActiveConfiguration           bssCOMRAM     0004D
_USBAlternateInterface            bssBANK1      001F0
_USBBusIsSuspended                bssBANK0      000A2
_USBDeferINDataStagePackets       bssCOMRAM     00041
_USBDeferOUTDataStagePackets      bssCOMRAM     00040
_USBDeferStatusStagePacket        bssCOMRAM     00044
_USBDeviceState                   bssCOMRAM     00049
_USBInputBuffer                   bssBANK3      00386
_USBOutputBuffer                  bssBANK3      00300
_USBStatusStageEnabledFlag1       bssCOMRAM     00043
_USBStatusStageEnabledFlag2       bssCOMRAM     00042
_USBStatusStageTimeoutCounter     bssCOMRAM     00045
_USBTicksSinceSuspendEnd          bssBANK0      000A0
_USB_CD_Ptr                       mediumconst   0FD0F
_USB_SD_Ptr                       mediumconst   0FD00
_USTAT                            (abs)         00F64
_USTATcopy                        bssCOMRAM     0004C
_Word_GetPair                     text79        13C82
_Word_SetPair                     text53        13B3C
__CFG_CCP2MX$DEFAULT              (abs)         00000
__CFG_CPUDIV$OSC1                 (abs)         00000
__CFG_FCMEN$OFF                   (abs)         00000
__CFG_FOSC$HSPLL                  (abs)         00000
__CFG_IESO$OFF                    (abs)         00000
__CFG_MSSPMSK$MSK5                (abs)         00000
__CFG_PLLDIV$3                    (abs)         00000
__CFG_STVREN$ON                   (abs)         00000
__CFG_WDTEN$OFF                   (abs)         00000
__CFG_WDTPS$32768                 (abs)         00000
__CFG_XINST$OFF                   (abs)         00000
__HRAM                            (abs)         00000
__Habs1                           abs1          00000
__Hbank0                          bank0         00000
__Hbank1                          bank1         00000
__Hbank10                         bank10        00000
__Hbank11                         bank11        00000
__Hbank12                         bank12        00000
__Hbank13                         bank13        00000
__Hbank14                         bank14        00000
__Hbank15                         bank15        00000
__Hbank2                          bank2         00000
__Hbank3                          bank3         00000
__Hbank4                          bank4         00000
__Hbank5                          bank5         00000
__Hbank6                          bank6         00000
__Hbank7                          bank7         00000
__Hbank8                          bank8         00000
__Hbank9                          bank9         00000
__Hbigbss                         bigbss        00000
__Hbigdata                        bigdata       00000
__Hbigram                         bigram        00000
__Hbss                            bss           00000
__HbssBANK0                       bssBANK0      00000
__HbssBANK1                       bssBANK1      00000
__HbssBANK2                       bssBANK2      00000
__HbssBANK3                       bssBANK3      00000
__HbssBIGRAMh                     bssBIGRAMh    00000
__HbssBIGRAMl                     bssBIGRAMl    00000
__HbssCOMRAM                      bssCOMRAM     00000
__Hcinit                          cinit         00000
__Hclrtext                        clrtext       00000
__Hcomram                         comram        00000
__Hconfig                         config        1FFFE
__Hconst                          const         00000
__HcstackBANK0                    cstackBANK0   00000
__HcstackBANK1                    cstackBANK1   00000
__HcstackBANK2                    cstackBANK2   00000
__HcstackCOMRAM                   cstackCOMRAM  00000
__Hdata                           data          00000
__HdataBANK0                      dataBANK0     00000
__HdataBANK1                      dataBANK1     00000
__HdataCOMRAM                     dataCOMRAM    00000
__Hfarbss                         farbss        00000
__Hfardata                        fardata       00000
__Hibigdata                       ibigdata      00000
__Hidata                          idata         00000
__HidataBANK0                     idataBANK0    00000
__HidataBANK1                     idataBANK1    00000
__HidataCOMRAM                    idataCOMRAM   00000
__Hidloc                          idloc         00000
__Hifardata                       ifardata      00000
__Hinit                           init          000AE
__Hintcode                        intcode       000AA
__Hintcode_body                   intcode_body  00000
__Hintcodelo                      intcodelo     000AA
__Hintentry                       intentry      00000
__Hintret                         intret        00000
__Hintsave_regs                   intsave_regs  00000
__Hirdata                         irdata        00000
__Hjflash_buffer                  jflash_buffer 1F800
__Hmediumconst                    mediumconst   10000
__HnvFARRAM                       nvFARRAM      00000
__Hnvbit                          nvbit         00000
__Hnvrram                         nvrram        00000
__Hparam                          rparam        00000
__Hpowerup                        powerup       000AA
__Hram                            ram           00000
__Hramtop                         ramtop        01000
__Hrbit                           rbit          00000
__Hrbss                           rbss          00000
__Hrdata                          rdata         00000
__Hreset_vec                      reset_vec     00004
__Hrparam                         rparam        00000
__Hsfr                            sfr           00000
__Hsmallconst                     smallconst    00000
__Hspace_0                        (abs)         1FFFE
__Hspace_1                        (abs)         00D3D
__Hspace_2                        (abs)         00000
__Hstack                          stack         00000
__Hstruct                         struct        00000
__Htemp                           temp          00052
__Htext                           text          00000
__Htext0                          text0         00000
__Htext1                          text1         00000
__Htext10                         text10        00000
__Htext100                        text100       00000
__Htext101                        text101       00000
__Htext103                        text103       00000
__Htext104                        text104       00000
__Htext105                        text105       00000
__Htext106                        text106       00000
__Htext107                        text107       00000
__Htext108                        text108       00000
__Htext109                        text109       00000
__Htext11                         text11        00000
__Htext110                        text110       00000
__Htext111                        text111       00000
__Htext112                        text112       00000
__Htext113                        text113       00000
__Htext114                        text114       00000
__Htext115                        text115       00000
__Htext116                        text116       00000
__Htext12                         text12        00000
__Htext13                         text13        00000
__Htext14                         text14        00000
__Htext15                         text15        00000
__Htext16                         text16        00000
__Htext17                         text17        00000
__Htext18                         text18        00000
__Htext19                         text19        00000
__Htext2                          text2         00000
__Htext20                         text20        00000
__Htext21                         text21        00000
__Htext22                         text22        00000
__Htext23                         text23        00000
__Htext24                         text24        00000
__Htext25                         text25        00000
__Htext26                         text26        00000
__Htext27                         text27        00000
__Htext28                         text28        00000
__Htext29                         text29        00000
__Htext3                          text3         00000
__Htext30                         text30        00000
__Htext31                         text31        00000
__Htext32                         text32        00000
__Htext33                         text33        00000
__Htext34                         text34        00000
__Htext35                         text35        00000
__Htext36                         text36        00000
__Htext37                         text37        00000
__Htext38                         text38        00000
__Htext39                         text39        00000
__Htext4                          text4         00000
__Htext40                         text40        00000
__Htext41                         text41        00000
__Htext42                         text42        00000
__Htext43                         text43        00000
__Htext44                         text44        00000
__Htext45                         text45        00000
__Htext46                         text46        00000
__Htext47                         text47        00000
__Htext48                         text48        00000
__Htext49                         text49        00000
__Htext5                          text5         00000
__Htext50                         text50        00000
__Htext51                         text51        00000
__Htext52                         text52        00000
__Htext53                         text53        00000
__Htext54                         text54        00000
__Htext55                         text55        00000
__Htext56                         text56        00000
__Htext57                         text57        00000
__Htext58                         text58        00000
__Htext59                         text59        00000
__Htext6                          text6         00000
__Htext60                         text60        00000
__Htext61                         text61        00000
__Htext62                         text62        00000
__Htext63                         text63        00000
__Htext64                         text64        00000
__Htext65                         text65        00000
__Htext66                         text66        00000
__Htext67                         text67        00000
__Htext68                         text68        00000
__Htext69                         text69        00000
__Htext7                          text7         00000
__Htext70                         text70        00000
__Htext71                         text71        00000
__Htext72                         text72        00000
__Htext73                         text73        00000
__Htext74                         text74        00000
__Htext75                         text75        00000
__Htext76                         text76        00000
__Htext77                         text77        00000
__Htext78                         text78        00000
__Htext79                         text79        00000
__Htext8                          text8         00000
__Htext80                         text80        00000
__Htext81                         text81        00000
__Htext82                         text82        00000
__Htext83                         text83        00000
__Htext84                         text84        00000
__Htext85                         text85        00000
__Htext86                         text86        00000
__Htext87                         text87        00000
__Htext88                         text88        00000
__Htext89                         text89        00000
__Htext9                          text9         00000
__Htext90                         text90        00000
__Htext91                         text91        00000
__Htext92                         text92        00000
__Htext93                         text93        00000
__Htext94                         text94        00000
__Htext95                         text95        00000
__Htext96                         text96        00000
__Htext97                         text97        00000
__Htext98                         text98        00000
__Htext99                         text99        00000
__LRAM                            (abs)         00001
__Labs1                           abs1          00000
__Lbank0                          bank0         00000
__Lbank1                          bank1         00000
__Lbank10                         bank10        00000
__Lbank11                         bank11        00000
__Lbank12                         bank12        00000
__Lbank13                         bank13        00000
__Lbank14                         bank14        00000
__Lbank15                         bank15        00000
__Lbank2                          bank2         00000
__Lbank3                          bank3         00000
__Lbank4                          bank4         00000
__Lbank5                          bank5         00000
__Lbank6                          bank6         00000
__Lbank7                          bank7         00000
__Lbank8                          bank8         00000
__Lbank9                          bank9         00000
__Lbigbss                         bigbss        00000
__Lbigdata                        bigdata       00000
__Lbigram                         bigram        00000
__Lbss                            bss           00000
__LbssBANK0                       bssBANK0      00000
__LbssBANK1                       bssBANK1      00000
__LbssBANK2                       bssBANK2      00000
__LbssBANK3                       bssBANK3      00000
__LbssBIGRAMh                     bssBIGRAMh    00000
__LbssBIGRAMl                     bssBIGRAMl    00000
__LbssCOMRAM                      bssCOMRAM     00000
__Lcinit                          cinit         00000
__Lclrtext                        clrtext       00000
__Lcomram                         comram        00000
__Lconfig                         config        1FFF8
__Lconst                          const         00000
__LcstackBANK0                    cstackBANK0   00000
__LcstackBANK1                    cstackBANK1   00000
__LcstackBANK2                    cstackBANK2   00000
__LcstackCOMRAM                   cstackCOMRAM  00000
__Ldata                           data          00000
__LdataBANK0                      dataBANK0     00000
__LdataBANK1                      dataBANK1     00000
__LdataCOMRAM                     dataCOMRAM    00000
__Lfarbss                         farbss        00000
__Lfardata                        fardata       00000
__Libigdata                       ibigdata      00000
__Lidata                          idata         00000
__LidataBANK0                     idataBANK0    00000
__LidataBANK1                     idataBANK1    00000
__LidataCOMRAM                    idataCOMRAM   00000
__Lidloc                          idloc         00000
__Lifardata                       ifardata      00000
__Linit                           init          000AA
__Lintcode                        intcode       00008
__Lintcode_body                   intcode_body  00000
__Lintcodelo                      intcodelo     000AA
__Lintentry                       intentry      00000
__Lintret                         intret        00000
__Lintsave_regs                   intsave_regs  00000
__Lirdata                         irdata        00000
__Ljflash_buffer                  jflash_buffer 1F800
__Lmediumconst                    mediumconst   0FBE2
__LnvFARRAM                       nvFARRAM      00000
__Lnvbit                          nvbit         00000
__Lnvrram                         nvrram        00000
__Lparam                          rparam        00000
__Lpowerup                        powerup       000AA
__Lram                            ram           00000
__Lramtop                         ramtop        01000
__Lrbit                           rbit          00000
__Lrbss                           rbss          00000
__Lrdata                          rdata         00000
__Lreset_vec                      reset_vec     00000
__Lrparam                         rparam        00000
__Lsfr                            sfr           00000
__Lsmallconst                     smallconst    00000
__Lspace_0                        (abs)         00000
__Lspace_1                        (abs)         00000
__Lspace_2                        (abs)         00000
__Lstack                          stack         00000
__Lstruct                         struct        00000
__Ltemp                           temp          00051
__Ltext                           text          00000
__Ltext0                          text0         00000
__Ltext1                          text1         00000
__Ltext10                         text10        00000
__Ltext100                        text100       00000
__Ltext101                        text101       00000
__Ltext103                        text103       00000
__Ltext104                        text104       00000
__Ltext105                        text105       00000
__Ltext106                        text106       00000
__Ltext107                        text107       00000
__Ltext108                        text108       00000
__Ltext109                        text109       00000
__Ltext11                         text11        00000
__Ltext110                        text110       00000
__Ltext111                        text111       00000
__Ltext112                        text112       00000
__Ltext113                        text113       00000
__Ltext114                        text114       00000
__Ltext115                        text115       00000
__Ltext116                        text116       00000
__Ltext12                         text12        00000
__Ltext13                         text13        00000
__Ltext14                         text14        00000
__Ltext15                         text15        00000
__Ltext16                         text16        00000
__Ltext17                         text17        00000
__Ltext18                         text18        00000
__Ltext19                         text19        00000
__Ltext2                          text2         00000
__Ltext20                         text20        00000
__Ltext21                         text21        00000
__Ltext22                         text22        00000
__Ltext23                         text23        00000
__Ltext24                         text24        00000
__Ltext25                         text25        00000
__Ltext26                         text26        00000
__Ltext27                         text27        00000
__Ltext28                         text28        00000
__Ltext29                         text29        00000
__Ltext3                          text3         00000
__Ltext30                         text30        00000
__Ltext31                         text31        00000
__Ltext32                         text32        00000
__Ltext33                         text33        00000
__Ltext34                         text34        00000
__Ltext35                         text35        00000
__Ltext36                         text36        00000
__Ltext37                         text37        00000
__Ltext38                         text38        00000
__Ltext39                         text39        00000
__Ltext4                          text4         00000
__Ltext40                         text40        00000
__Ltext41                         text41        00000
__Ltext42                         text42        00000
__Ltext43                         text43        00000
__Ltext44                         text44        00000
__Ltext45                         text45        00000
__Ltext46                         text46        00000
__Ltext47                         text47        00000
__Ltext48                         text48        00000
__Ltext49                         text49        00000
__Ltext5                          text5         00000
__Ltext50                         text50        00000
__Ltext51                         text51        00000
__Ltext52                         text52        00000
__Ltext53                         text53        00000
__Ltext54                         text54        00000
__Ltext55                         text55        00000
__Ltext56                         text56        00000
__Ltext57                         text57        00000
__Ltext58                         text58        00000
__Ltext59                         text59        00000
__Ltext6                          text6         00000
__Ltext60                         text60        00000
__Ltext61                         text61        00000
__Ltext62                         text62        00000
__Ltext63                         text63        00000
__Ltext64                         text64        00000
__Ltext65                         text65        00000
__Ltext66                         text66        00000
__Ltext67                         text67        00000
__Ltext68                         text68        00000
__Ltext69                         text69        00000
__Ltext7                          text7         00000
__Ltext70                         text70        00000
__Ltext71                         text71        00000
__Ltext72                         text72        00000
__Ltext73                         text73        00000
__Ltext74                         text74        00000
__Ltext75                         text75        00000
__Ltext76                         text76        00000
__Ltext77                         text77        00000
__Ltext78                         text78        00000
__Ltext79                         text79        00000
__Ltext8                          text8         00000
__Ltext80                         text80        00000
__Ltext81                         text81        00000
__Ltext82                         text82        00000
__Ltext83                         text83        00000
__Ltext84                         text84        00000
__Ltext85                         text85        00000
__Ltext86                         text86        00000
__Ltext87                         text87        00000
__Ltext88                         text88        00000
__Ltext89                         text89        00000
__Ltext9                          text9         00000
__Ltext90                         text90        00000
__Ltext91                         text91        00000
__Ltext92                         text92        00000
__Ltext93                         text93        00000
__Ltext94                         text94        00000
__Ltext95                         text95        00000
__Ltext96                         text96        00000
__Ltext97                         text97        00000
__Ltext98                         text98        00000
__Ltext99                         text99        00000
__S0                              (abs)         1FFFE
__S1                              (abs)         00D3D
__S2                              (abs)         00000
___awdiv                          text65        127AE
___awdiv@counter                  cstackBANK0   000B8
___awdiv@dividend                 cstackBANK0   000B4
___awdiv@divisor                  cstackBANK0   000B6
___awdiv@quotient                 cstackBANK0   000BA
___awdiv@sign                     cstackBANK0   000B9
___extmem_base                    (abs)         20000
___inthi_sp                       stack         00000
___intlo_sp                       stack         00000
___lldiv                          text43        12928
___lldiv@counter                  cstackBANK0   000C0
___lldiv@dividend                 cstackBANK0   000B4
___lldiv@divisor                  cstackBANK0   000B8
___lldiv@quotient                 cstackBANK0   000BC
___lwdiv                          text73        1327E
___lwdiv@counter                  cstackBANK0   000B8
___lwdiv@dividend                 cstackBANK0   000B4
___lwdiv@divisor                  cstackBANK0   000B6
___lwdiv@quotient                 cstackBANK0   000B9
___lwmod                          text72        13814
___lwmod@counter                  cstackBANK0   000BF
___lwmod@dividend                 cstackBANK0   000BB
___lwmod@divisor                  cstackBANK0   000BD
___param_bank                     (abs)         00000
___rparam_used                    (abs)         00001
___sp                             stack         00000
___wmul                           text94        13DAC
[...]
 Registers used:
		wreg, fsr0l, fsr0h, status,2, status,0, tblptrl, tblptrh, tblptru, prodl, prodh, cstack
 Tracked objects:
		On entry : 
		On exit  : 
		Unchanged: 
 Data sizes:     COMRAM   BANK0   BANK1   BANK2   BANK3   BANK4   BANK5   BANK6   BANK7   BANK8   BANK9  BANK10  BANK11  BANK12  BANK13  BANK14  BANK15
      Params:         3       0       0       0       0       0       0       0       0       0       0       0       0       0       0       0       0
      Locals:         0       0       0       0       0       0       0       0       0       0       0       0       0       0       0       0       0
      Temps:          0       0       0       0       0       0       0       0       0       0       0       0       0       0       0       0       0
      Totals:         3       0       0       0       0       0       0       0       0       0       0       0       0       0       0       0       0
Total ram usage:        3 bytes
 Hardware stack levels used:    1
 Hardware stack levels required when called:    1
 This function calls:
		i2_Byte_GetZone
 This function is called by:
		i2_Word_GetPair
 This function uses a non-reentrant model


 *************** function i2_Byte_GetZone *****************
 Defined at:
		line 64 in file "Library/Types.c"
 Parameters:    Size  Location     Type
  pInput          2    0[COMRAM] PTR struct Byte
		 -> PortA_Property..(2), PortB_Property..(2), PortC_Property..(2), PortD_Property..(2), 
		 -> PortE_Property..(2), PortF_Property..(2), PortG_Property..(2), PortF..(2), 
		 -> PortC..(2), PortD..(2), PortE..(2), PortB..(2), 
		 -> PortA..(2), PortG..(2), PortG(10), PortA(10), 
		 -> PortB(10), PortE(10), PortD(10), PortG_Property(2), 
		 -> PortF_Property(2), PortE_Property(2), PortD_Property(2), PortC_Property(2), 
		 -> PortB_Property(2), PortA_Property(2), PortC(10), PortF(10), 
		 -> NULL(0), 
  pMax            1    2[COMRAM] unsigned char 
  pChunk          1    3[COMRAM] unsigned char 
  pChunkSize      1    4[COMRAM] unsigned char 
 Auto vars:     Size  Location     Type
  Byte_GetZone    1    8[COMRAM] unsigned char 
  Byte_GetZone    1    7[COMRAM] unsigned char 
  Byte_GetZone    1    6[COMRAM] unsigned char 
 Return value:  Size  Location     Type
                  1    wreg      unsigned char 
 Registers used:
		wreg, fsr0l, fsr0h, status,2, status,0, tblptrl, tblptrh, tblptru, prodl, prodh
 Tracked objects:
		On entry : 
		On exit  : 
		Unchanged: 
 Data sizes:     COMRAM   BANK0   BANK1   BANK2   BANK3   BANK4   BANK5   BANK6   BANK7   BANK8   BANK9  BANK10  BANK11  BANK12  BANK13  BANK14  BANK15
      Params:         5       0       0       0       0       0       0       0       0       0       0       0       0       0       0       0       0
      Locals:         3       0       0       0       0       0       0       0       0       0       0       0       0       0       0       0       0
      Temps:          1       0       0       0       0       0       0       0       0       0       0       0       0       0       0       0       0
      Totals:         9       0       0       0       0       0       0       0       0       0       0       0       0       0       0       0       0
Total ram usage:        9 bytes
 Hardware stack levels used:    1
 This function calls:
		Nothing
 This function is called by:
		i2_Byte_GetPair
 This function uses a non-reentrant model


 *************** function i2_Byte_SetBit *****************
 Defined at:
		line 32 in file "Library/Types.c"
 Parameters:    Size  Location     Type
  pInput          2    0[COMRAM] PTR struct Byte
		 -> SSP2CON2(1), SSP1CON2(1), SSP2CON1(1), SSP2STAT(1), 
		 -> SSP1CON1(1), SSP1STAT(1), TRISG(1), TRISF(1), 
		 -> TRISE(1), TRISD(1), TRISC(1), TRISB(1), 
		 -> TRISA(1), PORTG(1), PORTF(1), PORTE(1), 
		 -> PORTD(1), PORTC(1), PORTB(1), PORTA(1), 
		 -> NULL(0), 
  pBit            1    2[COMRAM] unsigned char 
  pValue          1    3[COMRAM] unsigned char 
 Auto vars:     Size  Location     Type
		None
 Return value:  Size  Location     Type
                  1    wreg      void 
 Registers used:
		wreg, fsr2l, fsr2h, status,2, status,0
 Tracked objects:
		On entry : 
		On exit  : 
		Unchanged: 
 Data sizes:     COMRAM   BANK0   BANK1   BANK2   BANK3   BANK4   BANK5   BANK6   BANK7   BANK8   BANK9  BANK10  BANK11  BANK12  BANK13  BANK14  BANK15
      Params:         4       0       0       0       0       0       0       0       0       0       0       0       0       0       0       0       0
      Locals:         0       0       0       0       0       0       0       0       0       0       0       0       0       0       0       0       0
      Temps:          3       0       0       0       0       0       0       0       0       0       0       0       0       0       0       0       0
      Totals:         7       0       0       0       0       0       0       0       0       0       0       0       0       0       0       0       0
Total ram usage:        7 bytes
 Hardware stack levels used:    1
 This function calls:
		Nothing
 This function is called by:
		i2_Port_SetPin
 This function uses a non-reentrant model


 *************** function i2_MXK_SwitchTo *****************
 Defined at:
		line 105 in file "Library/MXK.c"
 Parameters:    Size  Location     Type
  pModule         1    wreg     enum E7037
 Auto vars:     Size  Location     Type
  pModule         1    7[COMRAM] enum E7037
  MXK_SwitchTo    1    6[COMRAM] unsigned char 
 Return value:  Size  Location     Type
                  1    wreg      unsigned char 
 Registers used:
		wreg, status,2, status,0, cstack
 Tracked objects:
		On entry : 
		On exit  : 
		Unchanged: 
 Data sizes:     COMRAM   BANK0   BANK1   BANK2   BANK3   BANK4   BANK5   BANK6   BANK7   BANK8   BANK9  BANK10  BANK11  BANK12  BANK13  BANK14  BANK15
      Params:         0       0       0       0       0       0       0       0       0       0       0       0       0       0       0       0       0
      Locals:         2       0       0       0       0       0       0       0       0       0       0       0       0       0       0       0       0
      Temps:          0       0       0       0       0       0       0       0       0       0       0       0       0       0       0       0       0
      Totals:         2       0       0       0       0       0       0       0       0       0       0       0       0       0       0       0       0
Total ram usage:        2 bytes
 Hardware stack levels used:    1
 Hardware stack levels required when called:    1
 This function calls:
		i2_delay_us
 This function is called by:
		i2_Motor_Step
 This function uses a non-reentrant model


 *************** function i2_delay_us *****************
 Defined at:
		line 255 in file "Library/Types.c"
 Parameters:    Size  Location     Type
  us              2    0[COMRAM] unsigned short 
 Auto vars:     Size  Location     Type
  delay_us        4    2[COMRAM] unsigned long 
 Return value:  Size  Location     Type
                  1    wreg      void 
 Registers used:
		wreg, status,2, status,0
 Tracked objects:
		On entry : 
		On exit  : 
		Unchanged: 
 Data sizes:     COMRAM   BANK0   BANK1   BANK2   BANK3   BANK4   BANK5   BANK6   BANK7   BANK8   BANK9  BANK10  BANK11  BANK12  BANK13  BANK14  BANK15
      Params:         2       0       0       0       0       0       0       0       0       0       0       0       0       0       0       0       0
      Locals:         4       0       0       0       0       0       0       0       0       0       0       0       0       0       0       0       0
      Temps:          0       0       0       0       0       0       0       0       0       0       0       0       0       0       0       0       0
      Totals:         6       0       0       0       0       0       0       0       0       0       0       0       0       0       0       0       0
Total ram usage:        6 bytes
 Hardware stack levels used:    1
 This function calls:
		Nothing
 This function is called by:
		i2_MXK_SwitchTo
 This function uses a non-reentrant model


 *************** function i2_MXK_Release *****************
 Defined at:
		line 130 in file "Library/MXK.c"
 Parameters:    Size  Location     Type
		None
 Auto vars:     Size  Location     Type
		None
 Return value:  Size  Location     Type
                  1    wreg      unsigned char 
 Registers used:
		wreg, status,2, status,0
 Tracked objects:
		On entry : 
		On exit  : 
		Unchanged: 
 Data sizes:     COMRAM   BANK0   BANK1   BANK2   BANK3   BANK4   BANK5   BANK6   BANK7   BANK8   BANK9  BANK10  BANK11  BANK12  BANK13  BANK14  BANK15
      Params:         0       0       0       0       0       0       0       0       0       0       0       0       0       0       0       0       0
      Locals:         0       0       0       0       0       0       0       0       0       0       0       0       0       0       0       0       0
      Temps:          0       0       0       0       0       0       0       0       0       0       0       0       0       0       0       0       0
      Totals:         0       0       0       0       0       0       0       0       0       0       0       0       0       0       0       0       0
Total ram usage:        0 bytes
 Hardware stack levels used:    1
 This function calls:
		Nothing
 This function is called by:
		i2_Motor_Step
 This function uses a non-reentrant model


 *************** function i2_MXK_Queue *****************
 Defined at:
		line 144 in file "Library/MXK.c"
 Parameters:    Size  Location     Type
  pCallback       3    0[COMRAM] PTR FTN()void 
		 -> Motor_Step(1), Absolute function(1), 
 Auto vars:     Size  Location     Type
		None
 Return value:  Size  Location     Type
                  1    wreg      void 
 Registers used:
		wreg, status,2, status,0
 Tracked objects:
		On entry : 
		On exit  : 
		Unchanged: 
 Data sizes:     COMRAM   BANK0   BANK1   BANK2   BANK3   BANK4   BANK5   BANK6   BANK7   BANK8   BANK9  BANK10  BANK11  BANK12  BANK13  BANK14  BANK15
      Params:         3       0       0       0       0       0       0       0       0       0       0       0       0       0       0       0       0
      Locals:         0       0       0       0       0       0       0       0       0       0       0       0       0       0       0       0       0
      Temps:          0       0       0       0       0       0       0       0       0       0       0       0       0       0       0       0       0
      Totals:         3       0       0       0       0       0       0       0       0       0       0       0       0       0       0       0       0
Total ram usage:        3 bytes
 Hardware stack levels used:    1
 This function calls:
		Nothing
 This function is called by:
		i2_Motor_Step
 This function uses a non-reentrant model



MODULE INFORMATION

Module		Function		Class		Link	Load	Size
Library/LCD.c
		_LCD_Init      		CODE           	11956	0000	371
		_LCD_FillRectangle		CODE           	13454	0000	117
		_Configure_GPIOs		CODE           	134C8	0000	113
		_LCD_DrawField 		CODE           	12E86	0000	165
		_Set_Addr_Window		CODE           	12A9A	0000	171
		_LCD_Word_Write		CODE           	14116	0000	31
		_LCD_Reset     		CODE           	139CA	0000	81
		_Set_Rotation  		CODE           	12FC6	0000	153
		_Mode_Set      		CODE           	1416A	0000	19
		_Reset_Low     		CODE           	14080	0000	31
		_LCD_Write     		CODE           	14040	0000	35
		_LCD_Fill      		CODE           	138D0	0000	89
		_Reset_High    		CODE           	1409E	0000	31

Library/LCD.c estimated size: 1407

Library/MXK.c
		_MXK_InitDIPSwitch		CODE           	140BC	0000	31
		_MXK_BlockSwitchTo		CODE           	13CC0	0000	63
		_MXK_Release   		CODE           	14134	0000	29
		_MXK_Dequeue   		CODE           	13C44	0000	63
		_MXK_InitTestButton		CODE           	140DA	0000	31
		_MXK_SwitchTo  		CODE           	13B82	0000	67
		_MXK_Init      		CODE           	117D6	0000	385
		_MXK_Queue     		CODE           	141A8	0000	15

Library/MXK.c estimated size: 684

Library/Port.c
		_GetPortTRIS   		CODE           	12BEE	0000	167
		_GetPortPORT   		CODE           	12D3A	0000	167
		_Port_TogglePin		CODE           	13E80	0000	49
		_Port_SetPinType		CODE           	112E6	0000	449
		_Port_Init     		CODE           	11644	0000	403
		_GetPortProperties		CODE           	12C94	0000	167
		_Port_GetPin   		CODE           	13AF6	0000	71
		_Port_Set      		CODE           	1041E	0000	955
		_Port_SetPin   		CODE           	126EA	0000	197
		_Port_SetType  		CODE           	10CB2	0000	555
		_Port_CheckQuadType		CODE           	13876	0000	91
		_Port_CheckPairType		CODE           	1367E	0000	107
		_Port_CheckPortType		CODE           	13A66	0000	73
		_Port_SetQuadType		CODE           	10A5C	0000	599

Library/Port.c estimated size: 4050

Library/LED.c
		_LED_Init      		CODE           	137B2	0000	99
		_LED_Set       		CODE           	1397A	0000	81
		_LED_Toggle    		CODE           	13AAE	0000	73

Library/LED.c estimated size: 253

C:\Program Files (x86)\Microchip\xc8\v1.43\sources\common\lwdiv.c
		___lwdiv       		CODE           	1327E	0000	121

C:\Program Files (x86)\Microchip\xc8\v1.43\sources\common\lwdiv.c estimated size: 121

Library/Motor.c
		_Motor_Move    		CODE           	13D3C	0000	59
		_Motor_Step    		CODE           	11EF8	0000	295
		_Motor_Speed   		CODE           	13F3E	0000	43
		_Motor_Init    		CODE           	1220A	0000	215

Library/Motor.c estimated size: 612

C:\Program Files (x86)\Microchip\xc8\v1.43\sources\common\awdiv.c
		___awdiv       		CODE           	127AE	0000	191

C:\Program Files (x86)\Microchip\xc8\v1.43\sources\common\awdiv.c estimated size: 191

C:\Program Files (x86)\Microchip\xc8\v1.43\sources\common\lldiv.c
		___lldiv       		CODE           	12928	0000	189

C:\Program Files (x86)\Microchip\xc8\v1.43\sources\common\lldiv.c estimated size: 189

C:\Program Files (x86)\Microchip\xc8\v1.43\sources\common\doprnt.c
		_printf        		CODE           	11AC8	0000	365

C:\Program Files (x86)\Microchip\xc8\v1.43\sources\common\doprnt.c estimated size: 365

Functions.c
		_FunctHMI      		CODE           	123B4	0000	213
		_FunctInitLCD  		CODE           	13FB6	0000	37
		_FunctInitHMI  		CODE           	13D76	0000	55
		_FunctMotor    		CODE           	1286C	0000	189
		_FunctInitMotor		CODE           	13E18	0000	53

Functions.c estimated size: 547

HMI.c
		_HMI_InitButtons		CODE           	1422C	0000	5
		_HMI_SetSegments		CODE           	1211E	0000	237
		_HMI_Render    		CODE           	13CFE	0000	63
		_OutSeg        		CODE           	1317A	0000	137
		_HMI_Init      		CODE           	110EC	0000	507
		_HMI_SetBar    		CODE           	141FE	0000	11

HMI.c estimated size: 960

shared
		_InitList      		MEDIUMCONST    	FBE3	0000	179
		_configDescriptor1		MEDIUMCONST    	FEF2	0000	68
		_USB_CD_Ptr    		MEDIUMCONST    	FD0F	0000	3
		_sd001         		MEDIUMCONST    	FF69	0000	53
		_PortE_Property		MEDIUMCONST    	FFB7	0000	3
		_HzInc         		MEDIUMCONST    	FD0D	0000	3
		i2_Byte_SetBit 		CODE           	13A1A	0000	77
		_Font5x7       		MEDIUMCONST    	FD12	0000	481
		i2_Motor_Step  		CODE           	1201E	0000	257
		Timer2_Init@PRESCALE		MEDIUMCONST    	FD0A	0000	4
		_sd002         		MEDIUMCONST    	FF35	0000	53
		_PortF_Property		MEDIUMCONST    	FFB5	0000	3
		_dpowers       		MEDIUMCONST    	FCB5	0000	11
		i2_Byte_GetZone		CODE           	132F6	0000	119
		i2_Byte_GetPair		CODE           	14150	0000	27
		_TEVALS        		MEDIUMCONST    	FCD8	0000	9
		_PortA_Property		MEDIUMCONST    	FFBF	0000	3
		i2_Timer0_Stop 		CODE           	14220	0000	7
		_LLVALS        		MEDIUMCONST    	FCE8	0000	9
		_BLOCKS_COUNT  		MEDIUMCONST    	FD11	0000	2
		_PortG_Property		MEDIUMCONST    	FFB3	0000	3
		i2_Timer0_Restart		CODE           	141E8	0000	13
		_LNVALS        		MEDIUMCONST    	FCF8	0000	9
		_RLVALS        		MEDIUMCONST    	FCE0	0000	9
		__initialization		CODE           	12558	0000	195
		i2_MXK_SwitchTo		CODE           	13DE2	0000	55
		_device_dsc    		MEDIUMCONST    	FF9D	0000	19
		_PortB_Property		MEDIUMCONST    	FFBD	0000	3
		_MASKS         		MEDIUMCONST    	FCBF	0000	10
		_SQVALS        		MEDIUMCONST    	FCF0	0000	9
		i2_Word_GetPair		CODE           	13EE0	0000	49
		HMI_SetButton@F7369		MEDIUMCONST    	FD06	0000	5
		i2_Port_SetPin 		CODE           	12B44	0000	171
		i2_MXK_Release 		CODE           	14226	0000	7
		_LZVALS        		MEDIUMCONST    	FCD0	0000	9
		_PortC_Property		MEDIUMCONST    	FFBB	0000	3
		PortProperty_Valid@F6830		MEDIUMCONST    	FCA5	0000	17
		_RZVALS        		MEDIUMCONST    	FCC8	0000	9
		_USB_SD_Ptr    		MEDIUMCONST    	FD00	0000	7
		Timer0_Init@PRESCALE		MEDIUMCONST    	FC95	0000	17
		i2_delay_us    		CODE           	13C04	0000	65
		_sd000         		MEDIUMCONST    	FFAF	0000	5
		_PortD_Property		MEDIUMCONST    	FFB9	0000	3
		i2_MXK_Queue   		CODE           	141B6	0000	15

shared estimated size: 2078

Library/Button.c
		_Button_Init   		CODE           	122E0	0000	213

Library/Button.c estimated size: 213

C:\Program Files (x86)\Microchip\xc8\v1.43\sources\common\Umul16.c
		___wmul        		CODE           	13DAC	0000	55

C:\Program Files (x86)\Microchip\xc8\v1.43\sources\common\Umul16.c estimated size: 55

Library/ISR.c
		_ISR_Function  		CODE           	0008	0000	163
		_ISR_Enable    		CODE           	141F4	0000	11

Library/ISR.c estimated size: 174

Library/SPI.c
		_SPI_MinSpeed  		CODE           	133E0	0000	117
		_SPI_DisableISR		CODE           	13F68	0000	41
		_SPI_MaxSpeed  		CODE           	1336C	0000	117
		_SPI_Init      		CODE           	10000	0000	1055
		_SPI_Send      		CODE           	135A8	0000	109
		_SPI_DCS       		CODE           	13EB0	0000	49

Library/SPI.c estimated size: 1488

C:\Program Files (x86)\Microchip\xc8\v1.43\sources\common\lwmod.c
		___lwmod       		CODE           	13814	0000	99

C:\Program Files (x86)\Microchip\xc8\v1.43\sources\common\lwmod.c estimated size: 99

main.c
		_main          		CODE           	14062	0000	31

main.c estimated size: 31

Library/Console.c
		_Console_NewLine		CODE           	12DE0	0000	167
		_putch         		CODE           	1419A	0000	15
		_Console_ClearCursor		CODE           	13BC4	0000	65
		_Console_ResetCursor		CODE           	1401E	0000	35
		_Console_Tab   		CODE           	12624	0000	199
		_Console_SetForecolour		CODE           	14208	0000	11
		_Console_IncrementCursor		CODE           	13538	0000	113
		_Console_FormFeed		CODE           	1305E	0000	147
		_Console_Init  		CODE           	130F0	0000	139
		_Console_Backspace		CODE           	136E8	0000	103
		_Console_MakeField		CODE           	12488	0000	209
		_Console_PrintChar		CODE           	114A6	0000	415
		_Console_Render		CODE           	10EDC	0000	529

Library/Console.c estimated size: 2147

Library/Timer2.c
		_Timer2_Init   		CODE           	11D98	0000	353
		_Timer2_Clear  		CODE           	14212	0000	9

Library/Timer2.c estimated size: 362

Library/Types.c
		_Word_GetPair  		CODE           	13C82	0000	63
		_delay_us      		CODE           	13928	0000	83
		_ToSegment     		CODE           	107D8	0000	645
		_Byte_GetBit   		CODE           	13E4C	0000	53
		_Word_SetPair  		CODE           	13B3C	0000	71
		_Byte_GetZone  		CODE           	12F2A	0000	157
		_Byte_GetPair  		CODE           	140F8	0000	31
		_Byte_SetBit   		CODE           	1374E	0000	101
		_Byte_SetQuad  		CODE           	13FFC	0000	35
		_Byte_SetZone  		CODE           	129E4	0000	183
		_Byte_SetByte  		CODE           	1418C	0000	15
		_Byte_SetPair  		CODE           	13FDA	0000	35
		_delay_ms      		CODE           	13614	0000	107
		_PortProperty_Valid		CODE           	13202	0000	125

Library/Types.c estimated size: 1704

Library/Timer0.c
		_Timer0_ISR    		CODE           	13F10	0000	47
		_Timer0_Init   		CODE           	11C34	0000	357
		_Timer0_Stop   		CODE           	1421A	0000	7
		_Timer0_Clear  		CODE           	141D0	0000	13
		_Timer0_Start  		CODE           	13F90	0000	39
		_Timer0_Restart		CODE           	141DC	0000	13

Library/Timer0.c estimated size: 476

