Microchip MPLAB XC8 Compiler V1.38 ()

Linker command line:

-W-3 --edf=C:\Program Files (x86)\Microchip\xc8\v1.38\dat\en_msgs.txt -cs \
  -h+dist/BOOTLOADER/production\MX2_W5_Skeleton.production.sym \
  --cmf=dist/BOOTLOADER/production\MX2_W5_Skeleton.production.cmf -z \
  -Q18F67J50 -oC:\Users\Robert\AppData\Local\Temp\sb0.2 \
  -Mdist/BOOTLOADER/production/MX2_W5_Skeleton.production.map -E1 -ver=XC8 \
  --acfsm=1493 -ASTACK=0330h-0f3fh -pstack=STACK \
  -ACODE=01400h-01405h,01408h-01415h,01418h-01FFF7h \
  -ACONST=01400h-01405h,01408h-01415h,01418h-01FFF7h \
  -ASMALLCONST=01400h-01405h,01408h-01415h,01418h-014FFh,01500h-015FFhx490,01FF00h-01FFF7h \
  -AMEDIUMCONST=01400h-01405h,01408h-01415h,01418h-0FFFFh,011000h-01FFF7h \
  -ACOMRAM=01h-05Fh -AABS1=00h-0F3Fh -ABIGRAM=01h-0F3Fh \
  -ARAM=060h-0FFh,0100h-01FFhx14,0F00h-0F3Fh -ABANK0=060h-0FFh \
  -ABANK1=0100h-01FFh -ABANK2=0200h-02FFh -ABANK3=0300h-03FFh \
  -ABANK4=0400h-04FFh -ABANK5=0500h-05FFh -ABANK6=0600h-06FFh \
  -ABANK7=0700h-07FFh -ABANK8=0800h-08FFh -ABANK9=0900h-09FFh \
  -ABANK10=0A00h-0AFFh -ABANK11=0B00h-0BFFh -ABANK12=0C00h-0CFFh \
  -ABANK13=0D00h-0DFFh -ABANK14=0E00h-0EFFh -ABANK15=0F00h-0F3Fh \
  -ASFR=0F40h-0F5Fh,0F60h-0FFFh \
  -preset_vec=01400h,intcode=01408h,intcodelo,powerup,init,end_init \
  -pramtop=01000h -psmallconst=SMALLCONST -pmediumconst=MEDIUMCONST \
  -pconst=CONST -AFARRAM=00h-00h -ACONFIG=01FFF8h-01FFFDh -pconfig=CONFIG \
  -pjflash_buffer=01F800h \
  -prdata=COMRAM,nvrram=COMRAM,nvbit=COMRAM,rbss=COMRAM,rbit=COMRAM \
  -pfarbss=FARRAM,fardata=FARRAM,nvFARRAM=FARRAM \
  -pintsave_regs=BIGRAM,bigbss=BIGRAM,bigdata=BIGRAM -pbss=RAM \
  -pidata=CODE,irdata=CODE,ibigdata=CODE,ifardata=CODE -prparam=COMRAM \
  C:\Users\Robert\AppData\Local\Temp\sb0.obj \
  dist/BOOTLOADER/production\MX2_W5_Skeleton.production.obj 

Object code version is 3.11

Machine type is 18F67J50

Call graph: (short form)




                Name                               Link     Load   Length Selector   Space Scale
C:\Users\Robert\AppData\Local\Temp\sb0.obj
                end_init                           148A     148A        4      A04       0
                reset_vec                          1400     1400        4      A00       0
                config                            1FFF8    1FFF8        6    1FFF8       0
dist/BOOTLOADER/production\MX2_W5_Skeleton.production.obj
                intcode                            1408     1408       82      A04       0
                temp                                 49       49        1        1       1
                mediumconst                        FD02     FD02      2FE     7E81       0
                text105                           13E02    13E02        E     9EEC       0
                text104                           13E50    13E50        6     9EEC       0
                text103                           1393C    1393C       40     8000       0
                text102                           13AA8    13AA8       36     8000       0
                text101                           13792    13792       4C     8000       0
                text100                           13026    13026       76     8000       0
                text99                            13D86    13D86       1A     8000       0
                text98                            13BA2    13BA2       30     8000       0
                text97                            12818    12818       AA     8000       0
                text96                            13E1C    13E1C        C     9EEC       0
                text95                            13E4A    13E4A        6     9EEC       0
                text94                            11E8E    11E8E       FE     8000       0
                text93                            13BD2    13BD2       2E     8000       0
                text91                            12DA8    12DA8       86     8000       0
                text90                            13ADE    13ADE       34     8000       0
                text89                            1222E    1222E       D0     8000       0
                text88                            13DB6    13DB6       12     8000       0
                text87                            132D4    132D4       6C     8000       0
                text86                            13C96    13C96       22     8000       0
                text85                            13D4E    13D4E       1E     8000       0
                text84                            1276E    1276E       AA     8000       0
                text83                            13A72    13A72       36     8000       0
                text82                            12AB4    12AB4       A4     8000       0
                text81                            13184    13184       74     8000       0
                text80                            10EDC    10EDC      20C     8000       0
                text79                            13E32    13E32        A     9EEC       0
                text78                            126B8    126B8       B6     8000       0
                text77                            13C74    13C74       22     8000       0
                text76                            12B58    12B58       9C     8000       0
                text75                            13D30    13D30       1E     8000       0
                text74                            139F8    139F8       3E     8000       0
                text73                            12F32    12F32       7C     8000       0
                text72                            133AA    133AA       6A     8000       0
                text71                            135A0    135A0       5A     8000       0
                text70                            13C52    13C52       22     8000       0
                text69                            138B4    138B4       46     8000       0
                text68                            10A5C    10A5C      256     8000       0
                text67                            13478    13478       64     8000       0
                text66                            112E2    112E2      1C0     8000       0
                text65                            13D12    13D12       1E     8000       0
                text64                            13E56    13E56        4     9EEC       0
                text63                            13CF4    13CF4       1E     8000       0
                text62                            1215A    1215A       D4     8000       0
                text61                            13B72    13B72       30     8000       0
                text60                            13C2A    13C2A       28     8000       0
                text59                            13E3C    13E3C        8     9EEC       0
                text58                            12542    12542       BC     8000       0
                text57                            11C18    11C18      152     8000       0
                text56                            10000    10000      41E     8000       0
                text55                            13110    13110       74     8000       0
                text54                            110E8    110E8      1FA     8000       0
                text53                            12EB0    12EB0       82     8000       0
                text52                            139BA    139BA       3E     8000       0
                text51                            107D8    107D8      284     8000       0
                text50                            125FE    125FE       BA     8000       0
                text49                            12FAE    12FAE       78     8000       0
                text48                            1353E    1353E       62     8000       0
                text47                            13268    13268       6C     8000       0
                text46                            12082    12082       D8     8000       0
                text45                            13C00    13C00       2A     8000       0
                text44                            1386E    1386E       46     8000       0
                text43                            122FE    122FE       C4     8000       0
                text42                            13B42    13B42       30     8000       0
                text41                            13826    13826       48     8000       0
                text40                            13CD6    13CD6       1E     8000       0
                text39                            13CB8    13CB8       1E     8000       0
                text38                            13340    13340       6A     8000       0
                text37                            136F4    136F4       50     8000       0
                text36                            1309C    1309C       74     8000       0
                text35                            131F8    131F8       70     8000       0
                text34                            135FA    135FA       58     8000       0
                text33                            12BF4    12BF4       98     8000       0
                text32                            1193A    1193A      172     8000       0
                text31                            13652    13652       52     8000       0
                text30                            1397C    1397C       3E     8000       0
                text29                            13DF4    13DF4        E     9EEC       0
                text28                            13DA0    13DA0       16     8000       0
                text27                            138FA    138FA       42     8000       0
                text26                            13E10    13E10        C     9EEC       0
                text25                            13E44    13E44        6     9EEC       0
                text24                            11D6A    11D6A      124     8000       0
                text23                            13B12    13B12       30     8000       0
                text22                            136A4    136A4       50     8000       0
                text21                            134DC    134DC       62     8000       0
                text20                            12A0E    12A0E       A6     8000       0
                text19                            12968    12968       A6     8000       0
                text18                            128C2    128C2       A6     8000       0
                text17                            13DE6    13DE6        E     9EEC       0
                text16                            1041E    1041E      3BA     8000       0
                text15                            137DE    137DE       48     8000       0
                text14                            10CB2    10CB2      22A     8000       0
                text13                            114A2    114A2      192     8000       0
                text12                            117C0    117C0      17A     8000       0
                text11                            13A36    13A36       3C     8000       0
                text10                            13744    13744       4E     8000       0
                text9                             13D6C    13D6C       1A     8000       0
                text8                             12D1E    12D1E       8A     8000       0
                text7                             12C8C    12C8C       92     8000       0
                text6                             13414    13414       64     8000       0
                text5                             12484    12484       BE     8000       0
                text4                             123C2    123C2       C2     8000       0
                text3                             11634    11634      18C     8000       0
                text2                             13DD8    13DD8        E     9EEC       0
                text1                             11AAC    11AAC      16C     8000       0
                text0                             11F8C    11F8C       F6     8000       0
                cstackCOMRAM                          1        1       24        1       1
                cstackBANK0                          B7       B7       3A       60       1
                cstackBANK1                         1EC      1EC       11      100       1
                cstackBANK2                         200      200        4      200       1
                bssBIGRAM                           204      204      12C      204       1
                bssBANK1                            100      100       EC      100       1
                dataBANK0                            F1       F1        F       60       1
                bssBANK0                             60       60       57       60       1
                dataCOMRAM                           3F       3F        A        1       1
                bssCOMRAM                            25       25       1A        1       1
                cinit                             12E2E    12E2E       82     8000       0
                idataBANK0                        13DC8    13DC8        F     8000       0
                idataCOMRAM                       13E28    13E28        A     9EEC       0

TOTAL           Name                               Link     Load   Length     Space
        CLASS   STACK          

        CLASS   CODE           
                end_init                           148A     148A        4         0
                intcode                            1408     1408       82         0
                reset_vec                          1400     1400        4         0
                text105                           13E02    13E02        E         0
                text104                           13E50    13E50        6         0
                text103                           1393C    1393C       40         0
                text102                           13AA8    13AA8       36         0
                text101                           13792    13792       4C         0
                text100                           13026    13026       76         0
                text99                            13D86    13D86       1A         0
                text98                            13BA2    13BA2       30         0
                text97                            12818    12818       AA         0
                text96                            13E1C    13E1C        C         0
                text95                            13E4A    13E4A        6         0
                text94                            11E8E    11E8E       FE         0
                text93                            13BD2    13BD2       2E         0
                text91                            12DA8    12DA8       86         0
                text90                            13ADE    13ADE       34         0
                text89                            1222E    1222E       D0         0
                text88                            13DB6    13DB6       12         0
                text87                            132D4    132D4       6C         0
                text86                            13C96    13C96       22         0
                text85                            13D4E    13D4E       1E         0
                text84                            1276E    1276E       AA         0
                text83                            13A72    13A72       36         0
                text82                            12AB4    12AB4       A4         0
                text81                            13184    13184       74         0
                text80                            10EDC    10EDC      20C         0
                text79                            13E32    13E32        A         0
                text78                            126B8    126B8       B6         0
                text77                            13C74    13C74       22         0
                text76                            12B58    12B58       9C         0
                text75                            13D30    13D30       1E         0
                text74                            139F8    139F8       3E         0
                text73                            12F32    12F32       7C         0
                text72                            133AA    133AA       6A         0
                text71                            135A0    135A0       5A         0
                text70                            13C52    13C52       22         0
                text69                            138B4    138B4       46         0
                text68                            10A5C    10A5C      256         0
                text67                            13478    13478       64         0
                text66                            112E2    112E2      1C0         0
                text65                            13D12    13D12       1E         0
                text64                            13E56    13E56        4         0
                text63                            13CF4    13CF4       1E         0
                text62                            1215A    1215A       D4         0
                text61                            13B72    13B72       30         0
                text60                            13C2A    13C2A       28         0
                text59                            13E3C    13E3C        8         0
                text58                            12542    12542       BC         0
                text57                            11C18    11C18      152         0
                text56                            10000    10000      41E         0
                text55                            13110    13110       74         0
                text54                            110E8    110E8      1FA         0
                text53                            12EB0    12EB0       82         0
                text52                            139BA    139BA       3E         0
                text51                            107D8    107D8      284         0
                text50                            125FE    125FE       BA         0
                text49                            12FAE    12FAE       78         0
                text48                            1353E    1353E       62         0
                text47                            13268    13268       6C         0
                text46                            12082    12082       D8         0
                text45                            13C00    13C00       2A         0
                text44                            1386E    1386E       46         0
                text43                            122FE    122FE       C4         0
                text42                            13B42    13B42       30         0
                text41                            13826    13826       48         0
                text40                            13CD6    13CD6       1E         0
                text39                            13CB8    13CB8       1E         0
                text38                            13340    13340       6A         0
                text37                            136F4    136F4       50         0
                text36                            1309C    1309C       74         0
                text35                            131F8    131F8       70         0
                text34                            135FA    135FA       58         0
                text33                            12BF4    12BF4       98         0
                text32                            1193A    1193A      172         0
                text31                            13652    13652       52         0
                text30                            1397C    1397C       3E         0
                text29                            13DF4    13DF4        E         0
                text28                            13DA0    13DA0       16         0
                text27                            138FA    138FA       42         0
                text26                            13E10    13E10        C         0
                text25                            13E44    13E44        6         0
                text24                            11D6A    11D6A      124         0
                text23                            13B12    13B12       30         0
                text22                            136A4    136A4       50         0
                text21                            134DC    134DC       62         0
                text20                            12A0E    12A0E       A6         0
                text19                            12968    12968       A6         0
                text18                            128C2    128C2       A6         0
                text17                            13DE6    13DE6        E         0
                text16                            1041E    1041E      3BA         0
                text15                            137DE    137DE       48         0
                text14                            10CB2    10CB2      22A         0
                text13                            114A2    114A2      192         0
                text12                            117C0    117C0      17A         0
                text11                            13A36    13A36       3C         0
                text10                            13744    13744       4E         0
                text9                             13D6C    13D6C       1A         0
                text8                             12D1E    12D1E       8A         0
                text7                             12C8C    12C8C       92         0
                text6                             13414    13414       64         0
                text5                             12484    12484       BE         0
                text4                             123C2    123C2       C2         0
                text3                             11634    11634      18C         0
                text2                             13DD8    13DD8        E         0
                text1                             11AAC    11AAC      16C         0
                text0                             11F8C    11F8C       F6         0
                cinit                             12E2E    12E2E       82         0
                idataBANK0                        13DC8    13DC8        F         0
                idataCOMRAM                       13E28    13E28        A         0

        CLASS   CONST          

        CLASS   SMALLCONST     

        CLASS   MEDIUMCONST    
                mediumconst                        FD02     FD02      2FE         0

        CLASS   COMRAM         
                temp                                 49       49        1         1
                cstackCOMRAM                          1        1       24         1
                dataCOMRAM                           3F       3F        A         1
                bssCOMRAM                            25       25       1A         1

        CLASS   ABS1           

        CLASS   BIGRAM         
                bssBIGRAM                           204      204      12C         1

        CLASS   RAM            

        CLASS   BANK0          
                cstackBANK0                          B7       B7       3A         1
                dataBANK0                            F1       F1        F         1
                bssBANK0                             60       60       57         1

        CLASS   BANK1          
                cstackBANK1                         1EC      1EC       11         1
                bssBANK1                            100      100       EC         1

        CLASS   BANK2          
                cstackBANK2                         200      200        4         1

        CLASS   BANK3          

        CLASS   BANK4          

        CLASS   BANK5          

        CLASS   BANK6          

        CLASS   BANK7          

        CLASS   BANK8          

        CLASS   BANK9          

        CLASS   BANK10         

        CLASS   BANK11         

        CLASS   BANK12         

        CLASS   BANK13         

        CLASS   BANK14         

        CLASS   BANK15         

        CLASS   SFR            

        CLASS   FARRAM         

        CLASS   CONFIG         
                config                            1FFF8    1FFF8        6         0

        CLASS   IDLOC          



SEGMENTS        Name                           Load    Length   Top    Selector   Space  Class

                cstackCOMRAM                   000001  000049  00004A         1       1  COMRAM  
                bssBANK0                       000060  0000A0  000100        60       1  BANK0   
                bssBANK1                       000100  0000FD  0001FD       100       1  BANK1   
                cstackBANK2                    000200  000004  000204       200       1  BANK2   
                bssBIGRAM                      000204  00012C  000330       204       1  BIGRAM  
                reset_vec                      001400  000004  001404       A00       0  CODE    
                intcode                        001408  000086  00148E       A04       0  CODE    
                mediumconst                    00FD02  0002FE  010000      7E81       0  MEDIUMCO
                text56                         010000  003DD7  013DD7      8000       0  CODE    
                text2                          013DD8  000082  013E5A      9EEC       0  CODE    
                config                         01FFF8  000006  01FFFE     1FFF8       0  CONFIG  


UNUSED ADDRESS RANGES

        Name                Unused          Largest block    Delta
        BANK1            001FD-001FF               3
        BANK10           00A00-00AFF             100
        BANK11           00B00-00BFF             100
        BANK12           00C00-00CFF             100
        BANK13           00D00-00DFF             100
        BANK14           00E00-00EFF             100
        BANK15           00F00-00F3F              40
        BANK3            00330-003FF              D0
        BANK4            00400-004FF             100
        BANK5            00500-005FF             100
        BANK6            00600-006FF             100
        BANK7            00700-007FF             100
        BANK8            00800-008FF             100
        BANK9            00900-009FF             100
        BIGRAM           0004A-0005F              16
                         001FD-001FF               3
                         00330-00F3F             C10
        CODE             01404-01405               2
                         0148E-0FD01            E874
                         13DD7-13DD7               1
                         13E5A-1FFF7            C19E
        COMRAM           0004A-0005F              16
        CONST            01404-01405               2
                         0148E-0FD01            E874
                         13DD7-13DD7               1
                         13E5A-1FFF7            C19E
        FARRAM           00000-00000               1
        MEDIUMCONST      01404-01405               2
                         0148E-0FD01            E874
                         13DD7-13DD7               1
                         13E5A-1FFF7            C19E
        RAM              001FD-001FF               3
                         00330-00F3F             100
        SFR              00F40-00FFF              20
        SMALLCONST       01404-01405               2
                         0148E-0FD01             100
                         13DD7-13DD7               1
                         13E5A-1FFF7             100
        STACK            00330-00F3F             C10

                                  Symbol Table

?_Console_MakeField               cstackBANK0   000BC
?_GetPortPORT                     cstackBANK0   000B7
?_GetPortProperties               cstackBANK0   000B7
?_GetPortTRIS                     cstackBANK0   000B7
?___awdiv                         cstackBANK0   000B7
?___lldiv                         cstackBANK0   000B7
?___lwdiv                         cstackBANK0   000B7
?___lwmod                         cstackBANK0   000BE
?___wmul                          cstackBANK0   000B7
?_printf                          cstackBANK0   000CC
Button_Init@pFunction             cstackBANK1   001F7
Button_Init@pGetState             cstackBANK1   001F4
Button_Init@pInitIO               cstackBANK1   001F1
Button_Init@pInput                cstackBANK1   001ED
Button_Init@pThreshold            cstackBANK1   001EF
Byte_GetBit@Output                cstackBANK0   000BB
Byte_GetBit@pBit                  cstackBANK0   000B9
Byte_GetBit@pInput                cstackBANK0   000B7
Byte_GetPair@pInput               cstackBANK0   000C0
Byte_GetPair@pPair                cstackBANK0   000C2
Byte_GetZone@MASK                 cstackBANK0   000BD
Byte_GetZone@Offset               cstackBANK0   000BE
Byte_GetZone@Output               cstackBANK0   000BF
Byte_GetZone@pChunk               cstackBANK0   000BA
Byte_GetZone@pChunkSize           cstackBANK0   000BB
Byte_GetZone@pInput               cstackBANK0   000B7
Byte_GetZone@pMax                 cstackBANK0   000B9
Byte_SetBit@pBit                  cstackBANK0   000B9
Byte_SetBit@pInput                cstackBANK0   000B7
Byte_SetBit@pValue                cstackBANK0   000BA
Byte_SetByte@pInput               cstackBANK0   000B7
Byte_SetByte@pValue               cstackBANK0   000B9
Byte_SetPair@pInput               cstackBANK0   000C2
Byte_SetPair@pPair                cstackBANK0   000C4
Byte_SetPair@pValue               cstackBANK0   000C5
Byte_SetQuad@pInput               cstackBANK0   000C2
Byte_SetQuad@pQuad                cstackBANK0   000C4
Byte_SetQuad@pValue               cstackBANK0   000C5
Byte_SetZone@MASK                 cstackBANK0   000C1
Byte_SetZone@Offset               cstackBANK0   000C0
Byte_SetZone@pChunk               cstackBANK0   000BA
Byte_SetZone@pChunkSize           cstackBANK0   000BB
Byte_SetZone@pInput               cstackBANK0   000B7
Byte_SetZone@pMax                 cstackBANK0   000B9
Byte_SetZone@pValue               cstackBANK0   000BC
Console_FormFeed@x                cstackBANK0   000B9
Console_FormFeed@y                cstackBANK0   000BA
Console_Init@x                    cstackBANK0   000B9
Console_Init@y                    cstackBANK0   000BA
Console_MakeField@Column          cstackBANK0   000C3
Console_MakeField@Fill            bssBANK1      00124
Console_MakeField@Index           cstackBANK0   000C0
Console_MakeField@pInput          cstackBANK0   000C2
Console_MakeField@x               cstackBANK0   000C7
Console_MakeField@y               cstackBANK0   000C8
Console_PrintChar@pInput          cstackBANK0   000CA
Console_Render@F7900              dataBANK0     000F1
Console_Render@lCursor            cstackBANK0   000DD
Console_Render@temp               cstackBANK0   000DC
Console_Render@x                  cstackBANK0   000E1
Console_Render@y                  cstackBANK0   000E2
Console_SetForecolour@pColour     cstackBANK0   000B7
Console_Tab@c                     cstackBANK0   000C6
Console_Tab@i                     cstackBANK0   000C5
Console_Tab@t                     cstackBANK0   000C4
Event_TestButton@j                bssBANK0      0007C
GetPortPORT@pInput                cstackBANK0   000B9
GetPortProperties@pInput          cstackBANK0   000B9
GetPortTRIS@pInput                cstackBANK0   000B9
HMI_GRender@a                     bssCOMRAM     00028
HMI_Init@in                       cstackBANK1   001FA
HMI_Render@a                      cstackBANK0   000BF
HMI_SetButton@F8157               mediumconst   0FDE8
HMI_SetNumber@pInput              cstackBANK0   000CD
HMI_SetSegments@in                cstackBANK0   000BB
HMI_SetSegments@pString           cstackBANK0   000B8
LCD_DrawField@count               cstackBANK0   000D5
LCD_DrawField@i                   cstackBANK0   000D9
LCD_DrawField@pField              cstackBANK0   000C9
LCD_DrawField@pPoint              cstackBANK0   000CB
LCD_DrawField@pSize               cstackBANK0   000CF
LCD_DrawField@xmax                cstackBANK0   000D7
LCD_DrawField@ymax                cstackBANK0   000D8
LCD_DrawRectangle@p2              bssBANK0      000AF
LCD_DrawRectangle@p4              bssBANK0      000B3
LCD_Fill@i                        cstackBANK0   000C2
LCD_Fill@j                        cstackBANK0   000C3
LCD_Fill@pColour                  cstackBANK0   000C0
LCD_FillRectangle@i               cstackBANK0   000CC
LCD_FillRectangle@j               cstackBANK0   000CD
LCD_FillRectangle@pColour         cstackBANK0   000C0
LCD_FillRectangle@pPoint          cstackBANK0   000C2
LCD_FillRectangle@pSize           cstackBANK0   000C6
LCD_Init@i                        cstackBANK0   000EE
LCD_Word_Write@value              cstackBANK0   000BC
LCD_Write@mode                    cstackBANK0   000BA
LCD_Write@value                   cstackBANK0   000BB
LED_Init@pLED                     cstackBANK0   000E4
LED_Set@pLED                      cstackBANK0   000CC
LED_Set@pValue                    cstackBANK0   000CB
LED_Toggle@pLED                   cstackBANK0   000CF
MXK_BlockSwitchTo@CUR             cstackBANK0   000BD
MXK_BlockSwitchTo@pModule         cstackBANK0   000BE
MXK_Queue@pCallback               cstackBANK0   000B7
MXK_SwitchTo@CUR                  cstackBANK0   000BD
MXK_SwitchTo@pModule              cstackBANK0   000BE
Mode_Set@pMode                    cstackBANK0   000B7
OutSeg@a                          bssCOMRAM     0002E
OutSeg@cur                        bssCOMRAM     0002F
OutSeg@out                        cstackBANK0   000BE
OutSeg@pInput                     cstackBANK0   000BD
OutSeg@pSegment                   cstackBANK0   000BA
OutSeg@segset                     bssCOMRAM     00030
PortProperty_Valid@Errors         cstackBANK0   000CC
PortProperty_Valid@F7774          mediumconst   0FDB5
PortProperty_Valid@Pair           cstackBANK0   000DC
PortProperty_Valid@pInput         cstackBANK0   000C6
PortProperty_Valid@pPin           cstackBANK0   000C9
PortProperty_Valid@pPinDrive      cstackBANK0   000C8
Port_CheckPairType@Output         cstackBANK0   000E3
Port_CheckPairType@Pin1           cstackBANK0   000E1
Port_CheckPairType@Pin2           cstackBANK0   000E2
Port_CheckPairType@Props          cstackBANK0   000E4
Port_CheckPairType@pDrive         cstackBANK0   000E0
Port_CheckPairType@pInput         cstackBANK0   000DD
Port_CheckPairType@pPair          cstackBANK0   000DF
Port_CheckPortType@Output         cstackBANK0   000F0
Port_CheckPortType@pDrive         cstackBANK0   000EF
Port_CheckPortType@pInput         cstackBANK0   000ED
Port_CheckQuadType@Output         cstackBANK0   000EC
Port_CheckQuadType@Pair1          cstackBANK0   000EA
Port_CheckQuadType@Pair2          cstackBANK0   000EB
Port_CheckQuadType@pDrive         cstackBANK0   000E9
Port_CheckQuadType@pInput         cstackBANK0   000E6
Port_CheckQuadType@pQuad          cstackBANK0   000E8
Port_GetPin@Output                cstackBANK0   000BC
Port_GetPin@pInput                cstackBANK0   000B7
Port_GetPin@pPin                  cstackBANK0   000B9
Port_Init@i                       cstackBANK1   001F7
Port_Init@pInput                  cstackBANK1   001F2
Port_Init@pPort                   cstackBANK1   001F4
Port_Set@Type                     cstackBANK0   000DD
Port_Set@TypeActual               cstackBANK0   000DB
Port_Set@TypeRequired             cstackBANK0   000D9
Port_Set@pInput                   cstackBANK0   000C6
Port_Set@pValue                   cstackBANK0   000C8
Port_SetPin@Type                  cstackBANK0   000CA
Port_SetPin@pInput                cstackBANK0   000C6
Port_SetPin@pPin                  cstackBANK0   000C8
Port_SetPin@pValue                cstackBANK0   000C9
Port_SetPinType@Output            cstackBANK0   000E1
Port_SetPinType@Props             cstackBANK0   000E2
Port_SetPinType@pInput            cstackBANK0   000DD
Port_SetPinType@pPin              cstackBANK0   000DF
Port_SetPinType@pType             cstackBANK0   000E0
Port_SetQuadType@Output           cstackBANK1   001EC
Port_SetQuadType@pInput           cstackBANK0   000ED
Port_SetQuadType@pQuad            cstackBANK0   000EF
Port_SetQuadType@pType            cstackBANK0   000F0
Port_SetType@Output               cstackBANK1   001F1
Port_SetType@pInput               cstackBANK1   001EC
Port_SetType@pType                cstackBANK1   001EE
Port_TogglePin@Value              cstackBANK0   000CE
Port_TogglePin@pInput             cstackBANK0   000CB
Port_TogglePin@pPin               cstackBANK0   000CD
SPI_DCS@pInput                    cstackBANK0   000B7
SPI_DisableISR@pInput             cstackBANK0   000B7
SPI_Init@pChannel                 cstackBANK0   000E8
SPI_Init@pClock                   cstackBANK0   000E4
SPI_Init@pInput                   cstackBANK0   000EA
SPI_Init@pMode                    cstackBANK0   000E9
SPI_MaxSpeed@pInput               cstackBANK0   000C6
SPI_MinSpeed@pInput               cstackBANK0   000C6
SPI_Send9@dat                     bssBANK0      00074
SPI_Send@pData                    cstackBANK0   000B9
SPI_Send@pInput                   cstackBANK0   000B7
Set_Addr_Window@xe                cstackBANK0   000BD
Set_Addr_Window@xs                cstackBANK0   000BF
Set_Addr_Window@ye                cstackBANK0   000BE
Set_Addr_Window@ys                cstackBANK0   000BC
Set_Rotation@m                    cstackBANK0   000BC
Set_Rotation@rotation             cstackBANK0   000BD
Timer0_Init@DIV                   bssBANK0      00060
Timer0_Init@PRE                   bssCOMRAM     00031
Timer0_Init@PRESCALE              mediumconst   0FDC5
Timer2_Init@DIV                   bssBANK0      00064
Timer2_Init@DIVIDE                cstackBANK0   000D1
Timer2_Init@INDEX                 bssCOMRAM     00032
Timer2_Init@PRE                   bssCOMRAM     00033
Timer2_Init@PRESCALE              mediumconst   0FDEC
Timer2_Init@RDIV                  cstackBANK0   000C9
Timer2_Init@pCPUClock             cstackBANK0   000CD
Timer2_Init@pFrequency            cstackBANK0   000C4
ToSegment@pCHR                    cstackBANK0   000B7
Word_GetPair@pInput               cstackBANK0   000C3
Word_GetPair@pPair                cstackBANK0   000C5
Word_SetPair@pInput               cstackBANK0   000C6
Word_SetPair@pPair                cstackBANK0   000C8
Word_SetPair@pValue               cstackBANK0   000C9
_ADSHR                            (abs)         07E04
_Bus_State                        dataCOMRAM    00044
_Button_Init                      text62        1215A
_Byte_GetBit                      text90        13ADE
_Byte_GetPair                     text75        13D30
_Byte_GetZone                     text76        12B58
_Byte_SetBit                      text67        13478
_Byte_SetByte                     text17        13DE6
_Byte_SetPair                     text70        13C52
_Byte_SetQuad                     text77        13C74
_Byte_SetZone                     text78        126B8
_COUNTER                          bssCOMRAM     0002A
_Configure_GPIOs                  text35        131F8
_Console_Backspace                text10        13744
_Console_ClearCursor              text11        13A36
_Console_FormFeed                 text8         12D1E
_Console_IncrementCursor          text6         13414
_Console_Init                     text91        12DA8
_Console_MakeField                text89        1222E
_Console_MakeField$9772           cstackBANK0   000C5
_Console_NewLine                  text7         12C8C
_Console_PrintChar                text3         11634
_Console_Render                   text80        10EDC
_Console_ResetCursor              text9         13D6C
_Console_SetForecolour            text79        13E32
_Console_Tab                      text4         123C2
_DIPSwitch                        bssBANK1      001BA
_Event_DIPSwitch                  (abs)         00000
_Event_NULL                       (abs)         00000
_Event_TestButton                 (abs)         00000
_Font5x7                          mediumconst   0FDEF
_GetPortPORT                      text20        12A0E
_GetPortProperties                text19        12968
_GetPortTRIS                      text18        128C2
_HMIBoard                         bssBANK1      0016A
_HMI_DIPSwitch                    (abs)         00000
_HMI_DownSwitch                   (abs)         00000
_HMI_Init                         text54        110E8
_HMI_InitButtons                  text64        13E56
_HMI_LeftSwitch                   (abs)         00000
_HMI_Render                       text52        139BA
_HMI_RightSwitch                  (abs)         00000
_HMI_SetNumber                    text45        13C00
_HMI_SetSegments                  text50        125FE
_HMI_UpSwitch                     (abs)         00000
_I2C1T                            bssCOMRAM     00038
_I2C1_Done                        bssBANK0      00068
_I2C1_More                        bssBANK1      0011E
_I2C2T                            bssBANK0      000A8
_I2C2_Done                        bssBANK0      0006B
_I2C2_More                        bssBANK1      00121
_INDEX                            bssCOMRAM     00034
_INTCONbits                       (abs)         00FF2
_IPR1bits                         (abs)         00F9F
_IPR3bits                         (abs)         00FA5
_ISR_Function                     intcode       01408
_InitList                         mediumconst   0FD03
_LATA                             (abs)         00F89
_LATB                             (abs)         00F8A
_LATC                             (abs)         00F8B
_LATD                             (abs)         00F8C
_LATE                             (abs)         00F8D
_LATF                             (abs)         00F8E
_LATG                             (abs)         00F8F
_LCD_DrawField                    text82        12AB4
_LCD_Fill                         text34        135FA
_LCD_FillRectangle                text81        13184
_LCD_Init                         text32        1193A
_LCD_Reset                        text37        136F4
_LCD_Word_Write                   text85        13D4E
_LCD_Write                        text86        13C96
_LED_Init                         text21        134DC
_LED_Set                          text22        136A4
_LED_Toggle                       text41        13826
_MASKS                            mediumconst   0FDDF
_MXK_BlockSwitchTo                text30        1397C
_MXK_DIPSwitch                    (abs)         00000
_MXK_Dequeue                      text23        13B12
_MXK_Init                         text12        117C0
_MXK_InitDIPSwitch                text63        13CF4
_MXK_InitTestButton               text65        13D12
_MXK_Queue                        text29        13DF4
_MXK_Release                      text28        13DA0
_MXK_SwitchTo                     text27        138FA
_MXK_TestButton                   (abs)         00000
_Mode_Set                         text88        13DB6
_Motor_Step                       text24        11D6A
_Motor_Step$intlevel0             text24        11D70
_OSCTUNEbits                      (abs)         00F9B
_OutSeg                           text53        12EB0
_PIE1bits                         (abs)         00F9D
_PIE3bits                         (abs)         00FA3
_PIR1                             (abs)         00F9E
_PIR1bits                         (abs)         00F9E
_PIR2                             (abs)         00FA1
_PIR3                             (abs)         00FA4
_PIR3bits                         (abs)         00FA4
_PORTA                            (abs)         00F80
_PORTB                            (abs)         00F81
_PORTC                            (abs)         00F82
_PORTD                            (abs)         00F83
_PORTE                            (abs)         00F84
_PORTF                            (abs)         00F85
_PORTFbits                        (abs)         00F85
_PORTG                            (abs)         00F86
_PR2                              (abs)         00FCB
_PortA                            bssBANK1      001C4
_PortA_Property                   mediumconst   0FFCF
_PortB                            bssBANK1      001CE
_PortB_Property                   mediumconst   0FFD1
_PortC                            bssBANK0      00080
_PortC_Property                   mediumconst   0FFD3
_PortD                            bssBANK0      0008A
_PortD_Property                   mediumconst   0FFD5
_PortE                            bssBANK0      00094
_PortE_Property                   mediumconst   0FFD7
_PortF                            bssBANK0      0009E
_PortF_Property                   mediumconst   0FFD9
_PortG                            bssBANK1      001D8
_PortG_Property                   mediumconst   0FFDB
_PortProperty_Valid               text73        12F32
_Port_CheckPairType               text72        133AA
_Port_CheckPortType               text15        137DE
_Port_CheckQuadType               text71        135A0
_Port_GetPin                      text44        1386E
_Port_Init                        text13        114A2
_Port_Set                         text16        1041E
_Port_SetPin                      text43        122FE
_Port_SetPinType                  text66        112E2
_Port_SetQuadType                 text68        10A5C
_Port_SetType                     text14        10CB2
_Port_TogglePin                   text42        13B42
_RCONbits                         (abs)         00FD0
_Reset_High                       text40        13CD6
_Reset_Low                        text39        13CB8
_SPI1                             bssBANK1      001A4
_SPI2                             bssBANK1      001AF
_SPI_DCS                          text61        13B72
_SPI_DisableISR                   text60        13C2A
_SPI_Init                         text56        10000
_SPI_MaxSpeed                     text36        1309C
_SPI_MinSpeed                     text55        13110
_SPI_Send                         text87        132D4
_SSP1ADD                          (abs)         00FC8
_SSP1BUF                          (abs)         00FC9
_SSP1CON1                         (abs)         00FC6
_SSP1CON1bits                     (abs)         00FC6
_SSP1CON2                         (abs)         00FC5
_SSP1CON2bits                     (abs)         00FC5
_SSP1STAT                         (abs)         00FC7
_SSP1STATbits                     (abs)         00FC7
_SSP2BUF                          (abs)         00F6F
_SSP2CON1                         (abs)         00F6C
_SSP2CON1bits                     (abs)         00F6C
_SSP2CON2                         (abs)         00F6B
_SSP2CON2bits                     (abs)         00F6B
_SSP2STAT                         (abs)         00F6D
_SSP2STATbits                     (abs)         00F6D
_Set_Addr_Window                  text84        1276E
_Set_Rotation                     text33        12BF4
_T0CONbits                        (abs)         00FD5
_T2CONbits                        (abs)         00FCA
_TMR0                             (abs)         00FD6
_TRISA                            (abs)         00F92
_TRISB                            (abs)         00F93
_TRISC                            (abs)         00F94
_TRISD                            (abs)         00F95
_TRISE                            (abs)         00F96
_TRISF                            (abs)         00F97
_TRISG                            (abs)         00F98
_TestButton                       bssBANK1      001E2
_Timer0_ISR                       text93        13BD2
_Timer0_Restart                   text26        13E10
_Timer0_Stop                      text25        13E44
_Timer2_Clear                     text59        13E3C
_Timer2_Init                      text57        11C18
_ToSegment                        text51        107D8
_Word_GetPair                     text74        139F8
_Word_SetPair                     text69        138B4
__CFG_CCP2MX$DEFAULT              (abs)         00000
__CFG_CPUDIV$OSC1                 (abs)         00000
__CFG_FCMEN$OFF                   (abs)         00000
__CFG_FOSC$HSPLL                  (abs)         00000
__CFG_IESO$OFF                    (abs)         00000
__CFG_MSSPMSK$MSK5                (abs)         00000
__CFG_PLLDIV$3                    (abs)         00000
__CFG_STVREN$ON                   (abs)         00000
__CFG_WDTEN$OFF                   (abs)         00000
__CFG_WDTPS$32768                 (abs)         00000
__CFG_XINST$OFF                   (abs)         00000
__HRAM                            (abs)         00000
__Habs1                           abs1          00000
__Hbank0                          bank0         00000
__Hbank1                          bank1         00000
__Hbank10                         bank10        00000
__Hbank11                         bank11        00000
__Hbank12                         bank12        00000
__Hbank13                         bank13        00000
__Hbank14                         bank14        00000
__Hbank15                         bank15        00000
__Hbank2                          bank2         00000
__Hbank3                          bank3         00000
__Hbank4                          bank4         00000
__Hbank5                          bank5         00000
__Hbank6                          bank6         00000
__Hbank7                          bank7         00000
__Hbank8                          bank8         00000
__Hbank9                          bank9         00000
__Hbigbss                         bigbss        00000
__Hbigdata                        bigdata       00000
__Hbigram                         bigram        00000
__Hbss                            bss           00000
__HbssBANK0                       bssBANK0      00000
__HbssBANK1                       bssBANK1      00000
__HbssBIGRAM                      bssBIGRAM     00000
__HbssCOMRAM                      bssCOMRAM     00000
__Hcinit                          cinit         00000
__Hclrtext                        clrtext       00000
__Hcomram                         comram        00000
__Hconfig                         config        1FFFE
__Hconst                          const         00000
__HcstackBANK0                    cstackBANK0   00000
__HcstackBANK1                    cstackBANK1   00000
__HcstackBANK2                    cstackBANK2   00000
__HcstackCOMRAM                   cstackCOMRAM  00000
__Hdata                           data          00000
__HdataBANK0                      dataBANK0     00000
__HdataCOMRAM                     dataCOMRAM    00000
__Hend_init                       end_init      0148E
__Hfarbss                         farbss        00000
__Hfardata                        fardata       00000
__Hibigdata                       ibigdata      00000
__Hidata                          idata         00000
__HidataBANK0                     idataBANK0    00000
__HidataCOMRAM                    idataCOMRAM   00000
__Hidloc                          idloc         00000
__Hifardata                       ifardata      00000
__Hinit                           init          0148A
__Hintcode                        intcode       0148A
__Hintcode_body                   intcode_body  00000
__Hintcodelo                      intcodelo     0148A
__Hintentry                       intentry      00000
__Hintret                         intret        00000
__Hintsave_regs                   intsave_regs  00000
__Hirdata                         irdata        00000
__Hjflash_buffer                  jflash_buffer 1F800
__Hmediumconst                    mediumconst   10000
__HnvFARRAM                       nvFARRAM      00000
__Hnvbit                          nvbit         00000
__Hnvrram                         nvrram        00000
__Hparam                          rparam        00000
__Hpowerup                        powerup       0148A
__Hram                            ram           00000
__Hramtop                         ramtop        01000
__Hrbit                           rbit          00000
__Hrbss                           rbss          00000
__Hrdata                          rdata         00000
__Hreset_vec                      reset_vec     01404
__Hrparam                         rparam        00000
__Hsfr                            sfr           00000
__Hsmallconst                     smallconst    00000
__Hspace_0                        (abs)         1FFFE
__Hspace_1                        (abs)         00330
__Hspace_2                        (abs)         00000
__Hstack                          stack         00000
__Hstruct                         struct        00000
__Htemp                           temp          0004A
__Htext                           text          00000
__Htext0                          text0         00000
__Htext1                          text1         00000
__Htext10                         text10        00000
__Htext100                        text100       00000
__Htext101                        text101       00000
__Htext102                        text102       00000
__Htext103                        text103       00000
__Htext104                        text104       00000
__Htext105                        text105       00000
__Htext106                        text106       00000
__Htext11                         text11        00000
__Htext12                         text12        00000
__Htext13                         text13        00000
__Htext14                         text14        00000
__Htext15                         text15        00000
__Htext16                         text16        00000
__Htext17                         text17        00000
__Htext18                         text18        00000
__Htext19                         text19        00000
__Htext2                          text2         00000
__Htext20                         text20        00000
__Htext21                         text21        00000
__Htext22                         text22        00000
__Htext23                         text23        00000
__Htext24                         text24        00000
__Htext25                         text25        00000
__Htext26                         text26        00000
__Htext27                         text27        00000
__Htext28                         text28        00000
__Htext29                         text29        00000
__Htext3                          text3         00000
__Htext30                         text30        00000
__Htext31                         text31        00000
__Htext32                         text32        00000
__Htext33                         text33        00000
__Htext34                         text34        00000
__Htext35                         text35        00000
__Htext36                         text36        00000
__Htext37                         text37        00000
__Htext38                         text38        00000
__Htext39                         text39        00000
__Htext4                          text4         00000
__Htext40                         text40        00000
__Htext41                         text41        00000
__Htext42                         text42        00000
__Htext43                         text43        00000
__Htext44                         text44        00000
__Htext45                         text45        00000
__Htext46                         text46        00000
__Htext47                         text47        00000
__Htext48                         text48        00000
__Htext49                         text49        00000
__Htext5                          text5         00000
__Htext50                         text50        00000
__Htext51                         text51        00000
__Htext52                         text52        00000
__Htext53                         text53        00000
__Htext54                         text54        00000
__Htext55                         text55        00000
__Htext56                         text56        00000
__Htext57                         text57        00000
__Htext58                         text58        00000
__Htext59                         text59        00000
__Htext6                          text6         00000
__Htext60                         text60        00000
__Htext61                         text61        00000
__Htext62                         text62        00000
__Htext63                         text63        00000
__Htext64                         text64        00000
__Htext65                         text65        00000
__Htext66                         text66        00000
__Htext67                         text67        00000
__Htext68                         text68        00000
__Htext69                         text69        00000
__Htext7                          text7         00000
__Htext70                         text70        00000
__Htext71                         text71        00000
__Htext72                         text72        00000
__Htext73                         text73        00000
__Htext74                         text74        00000
__Htext75                         text75        00000
__Htext76                         text76        00000
__Htext77                         text77        00000
__Htext78                         text78        00000
__Htext79                         text79        00000
__Htext8                          text8         00000
__Htext80                         text80        00000
__Htext81                         text81        00000
__Htext82                         text82        00000
__Htext83                         text83        00000
__Htext84                         text84        00000
__Htext85                         text85        00000
__Htext86                         text86        00000
__Htext87                         text87        00000
__Htext88                         text88        00000
__Htext89                         text89        00000
__Htext9                          text9         00000
__Htext90                         text90        00000
__Htext91                         text91        00000
__Htext93                         text93        00000
__Htext94                         text94        00000
__Htext95                         text95        00000
__Htext96                         text96        00000
__Htext97                         text97        00000
__Htext98                         text98        00000
__Htext99                         text99        00000
__LRAM                            (abs)         00001
__Labs1                           abs1          00000
__Lbank0                          bank0         00000
__Lbank1                          bank1         00000
__Lbank10                         bank10        00000
__Lbank11                         bank11        00000
__Lbank12                         bank12        00000
__Lbank13                         bank13        00000
__Lbank14                         bank14        00000
__Lbank15                         bank15        00000
__Lbank2                          bank2         00000
__Lbank3                          bank3         00000
__Lbank4                          bank4         00000
__Lbank5                          bank5         00000
__Lbank6                          bank6         00000
__Lbank7                          bank7         00000
__Lbank8                          bank8         00000
__Lbank9                          bank9         00000
__Lbigbss                         bigbss        00000
__Lbigdata                        bigdata       00000
__Lbigram                         bigram        00000
__Lbss                            bss           00000
__LbssBANK0                       bssBANK0      00000
__LbssBANK1                       bssBANK1      00000
__LbssBIGRAM                      bssBIGRAM     00000
__LbssCOMRAM                      bssCOMRAM     00000
__Lcinit                          cinit         00000
__Lclrtext                        clrtext       00000
__Lcomram                         comram        00000
__Lconfig                         config        1FFF8
__Lconst                          const         00000
__LcstackBANK0                    cstackBANK0   00000
__LcstackBANK1                    cstackBANK1   00000
__LcstackBANK2                    cstackBANK2   00000
__LcstackCOMRAM                   cstackCOMRAM  00000
__Ldata                           data          00000
__LdataBANK0                      dataBANK0     00000
__LdataCOMRAM                     dataCOMRAM    00000
__Lend_init                       end_init      0148A
__Lfarbss                         farbss        00000
__Lfardata                        fardata       00000
__Libigdata                       ibigdata      00000
__Lidata                          idata         00000
__LidataBANK0                     idataBANK0    00000
__LidataCOMRAM                    idataCOMRAM   00000
__Lidloc                          idloc         00000
__Lifardata                       ifardata      00000
__Linit                           init          0148A
__Lintcode                        intcode       01408
__Lintcode_body                   intcode_body  00000
__Lintcodelo                      intcodelo     0148A
__Lintentry                       intentry      00000
__Lintret                         intret        00000
__Lintsave_regs                   intsave_regs  00000
__Lirdata                         irdata        00000
__Ljflash_buffer                  jflash_buffer 1F800
__Lmediumconst                    mediumconst   0FD02
__LnvFARRAM                       nvFARRAM      00000
__Lnvbit                          nvbit         00000
__Lnvrram                         nvrram        00000
__Lparam                          rparam        00000
__Lpowerup                        powerup       0148A
__Lram                            ram           00000
__Lramtop                         ramtop        01000
__Lrbit                           rbit          00000
__Lrbss                           rbss          00000
__Lrdata                          rdata         00000
__Lreset_vec                      reset_vec     01400
__Lrparam                         rparam        00000
__Lsfr                            sfr           00000
__Lsmallconst                     smallconst    00000
__Lspace_0                        (abs)         00000
__Lspace_1                        (abs)         00000
__Lspace_2                        (abs)         00000
__Lstack                          stack         00000
__Lstruct                         struct        00000
__Ltemp                           temp          00049
__Ltext                           text          00000
__Ltext0                          text0         00000
__Ltext1                          text1         00000
__Ltext10                         text10        00000
__Ltext100                        text100       00000
__Ltext101                        text101       00000
__Ltext102                        text102       00000
__Ltext103                        text103       00000
__Ltext104                        text104       00000
__Ltext105                        text105       00000
__Ltext106                        text106       00000
__Ltext11                         text11        00000
__Ltext12                         text12        00000
__Ltext13                         text13        00000
__Ltext14                         text14        00000
__Ltext15                         text15        00000
__Ltext16                         text16        00000
__Ltext17                         text17        00000
__Ltext18                         text18        00000
__Ltext19                         text19        00000
__Ltext2                          text2         00000
__Ltext20                         text20        00000
__Ltext21                         text21        00000
__Ltext22                         text22        00000
__Ltext23                         text23        00000
__Ltext24                         text24        00000
__Ltext25                         text25        00000
__Ltext26                         text26        00000
__Ltext27                         text27        00000
__Ltext28                         text28        00000
__Ltext29                         text29        00000
__Ltext3                          text3         00000
__Ltext30                         text30        00000
__Ltext31                         text31        00000
__Ltext32                         text32        00000
__Ltext33                         text33        00000
__Ltext34                         text34        00000
__Ltext35                         text35        00000
__Ltext36                         text36        00000
__Ltext37                         text37        00000
__Ltext38                         text38        00000
__Ltext39                         text39        00000
__Ltext4                          text4         00000
__Ltext40                         text40        00000
__Ltext41                         text41        00000
__Ltext42                         text42        00000
__Ltext43                         text43        00000
__Ltext44                         text44        00000
__Ltext45                         text45        00000
__Ltext46                         text46        00000
__Ltext47                         text47        00000
__Ltext48                         text48        00000
__Ltext49                         text49        00000
__Ltext5                          text5         00000
__Ltext50                         text50        00000
__Ltext51                         text51        00000
__Ltext52                         text52        00000
__Ltext53                         text53        00000
__Ltext54                         text54        00000
__Ltext55                         text55        00000
__Ltext56                         text56        00000
__Ltext57                         text57        00000
__Ltext58                         text58        00000
__Ltext59                         text59        00000
__Ltext6                          text6         00000
__Ltext60                         text60        00000
__Ltext61                         text61        00000
__Ltext62                         text62        00000
__Ltext63                         text63        00000
__Ltext64                         text64        00000
__Ltext65                         text65        00000
__Ltext66                         text66        00000
__Ltext67                         text67        00000
__Ltext68                         text68        00000
__Ltext69                         text69        00000
__Ltext7                          text7         00000
__Ltext70                         text70        00000
__Ltext71                         text71        00000
__Ltext72                         text72        00000
__Ltext73                         text73        00000
__Ltext74                         text74        00000
__Ltext75                         text75        00000
__Ltext76                         text76        00000
__Ltext77                         text77        00000
__Ltext78                         text78        00000
__Ltext79                         text79        00000
__Ltext8                          text8         00000
__Ltext80                         text80        00000
__Ltext81                         text81        00000
__Ltext82                         text82        00000
__Ltext83                         text83        00000
__Ltext84                         text84        00000
__Ltext85                         text85        00000
__Ltext86                         text86        00000
__Ltext87                         text87        00000
__Ltext88                         text88        00000
__Ltext89                         text89        00000
__Ltext9                          text9         00000
__Ltext90                         text90        00000
__Ltext91                         text91        00000
__Ltext93                         text93        00000
__Ltext94                         text94        00000
__Ltext95                         text95        00000
__Ltext96                         text96        00000
__Ltext97                         text97        00000
__Ltext98                         text98        00000
__Ltext99                         text99        00000
__S0                              (abs)         1FFFE
__S1                              (abs)         00330
__S2                              (abs)         00000
___awdiv                          text5         12484
___awdiv@counter                  cstackBANK0   000BB
___awdiv@dividend                 cstackBANK0   000B7
___awdiv@divisor                  cstackBANK0   000B9
___awdiv@quotient                 cstackBANK0   000BD
___awdiv@sign                     cstackBANK0   000BC
___extmem_base                    (abs)         20000
___inthi_sp                       stack         00000
___intlo_sp                       stack         00000
___lldiv                          text58        12542
___lldiv@counter                  cstackBANK0   000C3
___lldiv@dividend                 cstackBANK0   000B7
___lldiv@divisor                  cstackBANK0   000BB
___lldiv@quotient                 cstackBANK0   000BF
___lwdiv                          text49        12FAE
___lwdiv@counter                  cstackBANK0   000BB
___lwdiv@dividend                 cstackBANK0   000B7
___lwdiv@divisor                  cstackBANK0   000B9
___lwdiv@quotient                 cstackBANK0   000BC
___lwmod                          text48        1353E
___lwmod@counter                  cstackBANK0   000C2
___lwmod@dividend                 cstackBANK0   000BE
___lwmod@divisor                  cstackBANK0   000C0
___param_bank                     (abs)         00010
___rparam_used                    (abs)         00001
___sp                             stack         00000
___wmul                           text83        13A72
___wmul@multiplicand              cstackBANK0   000B9
___wmul@multiplier                cstackBANK0   000B7
___wmul@product                   cstackBANK0   000BB
__accesstop                       (abs)         00060
__activetblptr                    (abs)         00003
__end_ofHMI_SetButton@F8157       mediumconst   0FDEC
__end_ofPortProperty_Valid@F7774  mediumconst   0FDC5
__end_ofTimer0_Init@PRESCALE      mediumconst   0FDD5
__end_ofTimer2_Init@PRESCALE      mediumconst   0FDEF
__end_of_Button_Init              text62        1222E
__end_of_Byte_GetBit              text90        13B12
__end_of_Byte_GetPair             text75        13D4E
__end_of_Byte_GetZone             text76        12BF4
__end_of_Byte_SetBit              text67        134DC
__end_of_Byte_SetByte             text17        13DF4
__end_of_Byte_SetPair             text70        13C74
__end_of_Byte_SetQuad             text77        13C96
__end_of_Byte_SetZone             text78        1276E
__end_of_Configure_GPIOs          text35        13268
__end_of_Console_Backspace        text10        13792
__end_of_Console_ClearCursor      text11        13A72
__end_of_Console_FormFeed         text8         12DA8
__end_of_Console_IncrementCursor  text6         13478
__end_of_Console_Init             text91        12E2E
__end_of_Console_MakeField        text89        122FE
__end_of_Console_NewLine          text7         12D1E
__end_of_Console_PrintChar        text3         117C0
__end_of_Console_Render           text80        110E8
__end_of_Console_ResetCursor      text9         13D86
__end_of_Console_SetForecolour    text79        13E3C
__end_of_Console_Tab              text4         12484
__end_of_Font5x7                  mediumconst   0FFCF
__end_of_GetPortPORT              text20        12AB4
__end_of_GetPortProperties        text19        12A0E
__end_of_GetPortTRIS              text18        12968
__end_of_HMI_Init                 text54        112E2
__end_of_HMI_InitButtons          text64        13E5A
__end_of_HMI_Render               text52        139F8
__end_of_HMI_SetNumber            text45        13C2A
__end_of_HMI_SetSegments          text50        126B8
__end_of_ISR_Function             intcode       0148A
__end_of_InitList                 mediumconst   0FDB5
__end_of_LCD_DrawField            text82        12B58
__end_of_LCD_Fill                 text34        13652
__end_of_LCD_FillRectangle        text81        131F8
__end_of_LCD_Init                 text32        11AAC
__end_of_LCD_Reset                text37        13744
__end_of_LCD_Word_Write           text85        13D6C
__end_of_LCD_Write                text86        13CB8
__end_of_LED_Init                 text21        1353E
__end_of_LED_Set                  text22        136F4
__end_of_LED_Toggle               text41        1386E
__end_of_MASKS                    mediumconst   0FDE8
__end_of_MXK_BlockSwitchTo        text30        139BA
__end_of_MXK_Dequeue              text23        13B42
__end_of_MXK_Init                 text12        1193A
__end_of_MXK_InitDIPSwitch        text63        13D12
__end_of_MXK_InitTestButton       text65        13D30
__end_of_MXK_Queue                text29        13E02
__end_of_MXK_Release              text28        13DB6
__end_of_MXK_SwitchTo             text27        1393C
__end_of_Mode_Set                 text88        13DC8
__end_of_Motor_Step               text24        11E8E
__end_of_OutSeg                   text53        12F32
__end_of_PortA_Property           mediumconst   0FFD1
__end_of_PortB_Property           mediumconst   0FFD3
__end_of_PortC_Property           mediumconst   0FFD5
__end_of_PortD_Property           mediumconst   0FFD7
__end_of_PortE_Property           mediumconst   0FFD9
__end_of_PortF_Property           mediumconst   0FFDB
__end_of_PortG_Property           mediumconst   0FFDD
__end_of_PortProperty_Valid       text73        12FAE
__end_of_Port_CheckPairType       text72        13414
__end_of_Port_CheckPortType       text15        13826
__end_of_Port_CheckQuadType       text71        135FA
__end_of_Port_GetPin              text44        138B4
__end_of_Port_Init                text13        11634
__end_of_Port_Set                 text16        107D8
__end_of_Port_SetPin              text43        123C2
__end_of_Port_SetPinType          text66        114A2
__end_of_Port_SetQuadType         text68        10CB2
__end_of_Port_SetType             text14        10EDC
__end_of_Port_TogglePin           text42        13B72
__end_of_Reset_High               text40        13CF4
__end_of_Reset_Low                text39        13CD6
__end_of_SPI_DCS                  text61        13BA2
__end_of_SPI_DisableISR           text60        13C52
__end_of_SPI_Init                 text56        1041E
__end_of_SPI_MaxSpeed             text36        13110
__end_of_SPI_MinSpeed             text55        13184
__end_of_SPI_Send                 text87        13340
__end_of_Set_Addr_Window          text84        12818
__end_of_Set_Rotation             text33        12C8C
__end_of_Timer0_ISR               text93        13C00
__end_of_Timer0_Restart           text26        13E1C
__end_of_Timer0_Stop              text25        13E4A
__end_of_Timer2_Clear             text59        13E44
__end_of_Timer2_Init              text57        11D6A
__end_of_ToSegment                text51        10A5C
__end_of_Word_GetPair             text74        13A36
__end_of_Word_SetPair             text69        138FA
__end_of___awdiv                  text5         12542
__end_of___lldiv                  text58        125FE
__end_of___lwdiv                  text49        13026
__end_of___lwmod                  text48        135A0
__end_of___wmul                   text83        13AA8
__end_of__initialization          cinit         12EA6
__end_of_delay_ms                 text38        133AA
__end_of_delay_us                 text31        136A4
__end_of_dpowers                  mediumconst   0FDDF
__end_of_itos                     text46        1215A
__end_of_main                     text0         12082
__end_of_printf                   text1         11C18
__end_of_putch                    text2         13DE6
__end_of_reverse                  text47        132D4
__end_ofi2_Byte_GetPair           text99        13DA0
__end_ofi2_Byte_GetZone           text100       1309C
__end_ofi2_Byte_SetBit            text101       137DE
__end_ofi2_MXK_Queue              text105       13E10
__end_ofi2_MXK_Release            text104       13E56
__end_ofi2_MXK_SwitchTo           text102       13ADE
__end_ofi2_Motor_Step             text94        11F8C
__end_ofi2_Port_SetPin            text97        128C2
__end_ofi2_Timer0_Restart         text96        13E28
__end_ofi2_Timer0_Stop            text95        13E50
__end_ofi2_Word_GetPair           text98        13BD2
__end_ofi2_delay_us               text103       1397C
__initialization                  cinit         12E2E
__mediumconst                     mediumconst   0FD02
__pbssBANK0                       bssBANK0      00060
__pbssBANK1                       bssBANK1      00100
__pbssBIGRAM                      bssBIGRAM     00204
__pbssCOMRAM                      bssCOMRAM     00025
__pcinit                          cinit         12E2E
__pcstackBANK0                    cstackBANK0   000B7
__pcstackBANK1                    cstackBANK1   001EC
__pcstackBANK2                    cstackBANK2   00200
__pcstackCOMRAM                   cstackCOMRAM  00001
__pdataBANK0                      dataBANK0     000F1
__pdataCOMRAM                     dataCOMRAM    0003F
__pidataBANK0                     idataBANK0    13DC8
__pidataCOMRAM                    idataCOMRAM   13E28
__pintcode                        intcode       01408
__pmediumconst                    mediumconst   0FD02
__ptext0                          text0         11F8C
__ptext1                          text1         11AAC
__ptext10                         text10        13744
__ptext100                        text100       13026
__ptext101                        text101       13792
__ptext102                        text102       13AA8
__ptext103                        text103       1393C
__ptext104                        text104       13E50
__ptext105                        text105       13E02
__ptext106                        text106       00000
__ptext11                         text11        13A36
__ptext12                         text12        117C0
__ptext13                         text13        114A2
__ptext14                         text14        10CB2
__ptext15                         text15        137DE
__ptext16                         text16        1041E
__ptext17                         text17        13DE6
__ptext18                         text18        128C2
__ptext19                         text19        12968
__ptext2                          text2         13DD8
__ptext20                         text20        12A0E
__ptext21                         text21        134DC
__ptext22                         text22        136A4
__ptext23                         text23        13B12
__ptext24                         text24        11D6A
__ptext25                         text25        13E44
__ptext26                         text26        13E10
[...]
      Totals:         3       0       0       0       0       0       0       0       0       0       0       0       0       0       0       0       0
Total ram usage:        3 bytes
 Hardware stack levels used:    1
 Hardware stack levels required when called:    2
 This function calls:
		i2_Byte_GetPair
 This function is called by:
		i2_Port_SetPin
 This function uses a non-reentrant model


 *************** function i2_Byte_GetPair *****************
 Defined at:
		line 87 in file "Library/Types.c"
 Parameters:    Size  Location     Type
  pInput          2    9[COMRAM] PTR struct Byte
		 -> PortA_Property..(2), PortB_Property..(2), PortC_Property..(2), PortD_Property..(2), 
		 -> PortE_Property..(2), PortF_Property..(2), PortG_Property..(2), PortF..(2), 
		 -> PortC..(2), PortD..(2), PortE..(2), PortB..(2), 
		 -> PortA..(2), PortG..(2), PortG(10), PortA(10), 
		 -> PortB(10), PortE(10), PortD(10), PortG_Property(2), 
		 -> PortF_Property(2), PortE_Property(2), PortD_Property(2), PortC_Property(2), 
		 -> PortB_Property(2), PortA_Property(2), PortC(10), PortF(10), 
		 -> NULL(0), 
  pPair           1   11[COMRAM] unsigned char 
 Auto vars:     Size  Location     Type
		None
 Return value:  Size  Location     Type
                  1    wreg      unsigned char 
 Registers used:
		wreg, fsr0l, fsr0h, status,2, status,0, tblptrl, tblptrh, tblptru, prodl, prodh, cstack
 Tracked objects:
		On entry : 
		On exit  : 
		Unchanged: 
 Data sizes:     COMRAM   BANK0   BANK1   BANK2   BANK3   BANK4   BANK5   BANK6   BANK7   BANK8   BANK9  BANK10  BANK11  BANK12  BANK13  BANK14  BANK15
      Params:         3       0       0       0       0       0       0       0       0       0       0       0       0       0       0       0       0
      Locals:         0       0       0       0       0       0       0       0       0       0       0       0       0       0       0       0       0
      Temps:          0       0       0       0       0       0       0       0       0       0       0       0       0       0       0       0       0
      Totals:         3       0       0       0       0       0       0       0       0       0       0       0       0       0       0       0       0
Total ram usage:        3 bytes
 Hardware stack levels used:    1
 Hardware stack levels required when called:    1
 This function calls:
		i2_Byte_GetZone
 This function is called by:
		i2_Word_GetPair
 This function uses a non-reentrant model


 *************** function i2_Byte_GetZone *****************
 Defined at:
		line 64 in file "Library/Types.c"
 Parameters:    Size  Location     Type
  pInput          2    0[COMRAM] PTR struct Byte
		 -> PortA_Property..(2), PortB_Property..(2), PortC_Property..(2), PortD_Property..(2), 
		 -> PortE_Property..(2), PortF_Property..(2), PortG_Property..(2), PortF..(2), 
		 -> PortC..(2), PortD..(2), PortE..(2), PortB..(2), 
		 -> PortA..(2), PortG..(2), PortG(10), PortA(10), 
		 -> PortB(10), PortE(10), PortD(10), PortG_Property(2), 
		 -> PortF_Property(2), PortE_Property(2), PortD_Property(2), PortC_Property(2), 
		 -> PortB_Property(2), PortA_Property(2), PortC(10), PortF(10), 
		 -> NULL(0), 
  pMax            1    2[COMRAM] unsigned char 
  pChunk          1    3[COMRAM] unsigned char 
  pChunkSize      1    4[COMRAM] unsigned char 
 Auto vars:     Size  Location     Type
  Byte_GetZone    1    8[COMRAM] unsigned char 
  Byte_GetZone    1    7[COMRAM] unsigned char 
  Byte_GetZone    1    6[COMRAM] unsigned char 
 Return value:  Size  Location     Type
                  1    wreg      unsigned char 
 Registers used:
		wreg, fsr0l, fsr0h, status,2, status,0, tblptrl, tblptrh, tblptru, prodl, prodh
 Tracked objects:
		On entry : 
		On exit  : 
		Unchanged: 
 Data sizes:     COMRAM   BANK0   BANK1   BANK2   BANK3   BANK4   BANK5   BANK6   BANK7   BANK8   BANK9  BANK10  BANK11  BANK12  BANK13  BANK14  BANK15
      Params:         5       0       0       0       0       0       0       0       0       0       0       0       0       0       0       0       0
      Locals:         3       0       0       0       0       0       0       0       0       0       0       0       0       0       0       0       0
      Temps:          1       0       0       0       0       0       0       0       0       0       0       0       0       0       0       0       0
      Totals:         9       0       0       0       0       0       0       0       0       0       0       0       0       0       0       0       0
Total ram usage:        9 bytes
 Hardware stack levels used:    1
 This function calls:
		Nothing
 This function is called by:
		i2_Byte_GetPair
 This function uses a non-reentrant model


 *************** function i2_Byte_SetBit *****************
 Defined at:
		line 32 in file "Library/Types.c"
 Parameters:    Size  Location     Type
  pInput          2    0[COMRAM] PTR struct Byte
		 -> SSP2CON2(1), SSP1CON2(1), SSP2CON1(1), SSP2STAT(1), 
		 -> SSP1CON1(1), SSP1STAT(1), TRISG(1), TRISF(1), 
		 -> TRISE(1), TRISD(1), TRISC(1), TRISB(1), 
		 -> TRISA(1), PORTG(1), PORTF(1), PORTE(1), 
		 -> PORTD(1), PORTC(1), PORTB(1), PORTA(1), 
		 -> NULL(0), 
  pBit            1    2[COMRAM] unsigned char 
  pValue          1    3[COMRAM] unsigned char 
 Auto vars:     Size  Location     Type
		None
 Return value:  Size  Location     Type
                  1    wreg      void 
 Registers used:
		wreg, fsr2l, fsr2h, status,2, status,0
 Tracked objects:
		On entry : 
		On exit  : 
		Unchanged: 
 Data sizes:     COMRAM   BANK0   BANK1   BANK2   BANK3   BANK4   BANK5   BANK6   BANK7   BANK8   BANK9  BANK10  BANK11  BANK12  BANK13  BANK14  BANK15
      Params:         4       0       0       0       0       0       0       0       0       0       0       0       0       0       0       0       0
      Locals:         0       0       0       0       0       0       0       0       0       0       0       0       0       0       0       0       0
      Temps:          3       0       0       0       0       0       0       0       0       0       0       0       0       0       0       0       0
      Totals:         7       0       0       0       0       0       0       0       0       0       0       0       0       0       0       0       0
Total ram usage:        7 bytes
 Hardware stack levels used:    1
 This function calls:
		Nothing
 This function is called by:
		i2_Port_SetPin
 This function uses a non-reentrant model


 *************** function i2_MXK_SwitchTo *****************
 Defined at:
		line 105 in file "Library/MXK.c"
 Parameters:    Size  Location     Type
  pModule         1    wreg     enum E7871
 Auto vars:     Size  Location     Type
  pModule         1    7[COMRAM] enum E7871
  MXK_SwitchTo    1    6[COMRAM] unsigned char 
 Return value:  Size  Location     Type
                  1    wreg      unsigned char 
 Registers used:
		wreg, status,2, status,0, cstack
 Tracked objects:
		On entry : 
		On exit  : 
		Unchanged: 
 Data sizes:     COMRAM   BANK0   BANK1   BANK2   BANK3   BANK4   BANK5   BANK6   BANK7   BANK8   BANK9  BANK10  BANK11  BANK12  BANK13  BANK14  BANK15
      Params:         0       0       0       0       0       0       0       0       0       0       0       0       0       0       0       0       0
      Locals:         2       0       0       0       0       0       0       0       0       0       0       0       0       0       0       0       0
      Temps:          0       0       0       0       0       0       0       0       0       0       0       0       0       0       0       0       0
      Totals:         2       0       0       0       0       0       0       0       0       0       0       0       0       0       0       0       0
Total ram usage:        2 bytes
 Hardware stack levels used:    1
 Hardware stack levels required when called:    1
 This function calls:
		i2_delay_us
 This function is called by:
		i2_Motor_Step
 This function uses a non-reentrant model


 *************** function i2_delay_us *****************
 Defined at:
		line 255 in file "Library/Types.c"
 Parameters:    Size  Location     Type
  us              2    0[COMRAM] unsigned short 
 Auto vars:     Size  Location     Type
  delay_us        4    2[COMRAM] unsigned long 
 Return value:  Size  Location     Type
                  1    wreg      void 
 Registers used:
		wreg, status,2, status,0
 Tracked objects:
		On entry : 
		On exit  : 
		Unchanged: 
 Data sizes:     COMRAM   BANK0   BANK1   BANK2   BANK3   BANK4   BANK5   BANK6   BANK7   BANK8   BANK9  BANK10  BANK11  BANK12  BANK13  BANK14  BANK15
      Params:         2       0       0       0       0       0       0       0       0       0       0       0       0       0       0       0       0
      Locals:         4       0       0       0       0       0       0       0       0       0       0       0       0       0       0       0       0
      Temps:          0       0       0       0       0       0       0       0       0       0       0       0       0       0       0       0       0
      Totals:         6       0       0       0       0       0       0       0       0       0       0       0       0       0       0       0       0
Total ram usage:        6 bytes
 Hardware stack levels used:    1
 This function calls:
		Nothing
 This function is called by:
		i2_MXK_SwitchTo
 This function uses a non-reentrant model


 *************** function i2_MXK_Release *****************
 Defined at:
		line 130 in file "Library/MXK.c"
 Parameters:    Size  Location     Type
		None
 Auto vars:     Size  Location     Type
		None
 Return value:  Size  Location     Type
                  1    wreg      unsigned char 
 Registers used:
		wreg, status,2, status,0
 Tracked objects:
		On entry : 
		On exit  : 
		Unchanged: 
 Data sizes:     COMRAM   BANK0   BANK1   BANK2   BANK3   BANK4   BANK5   BANK6   BANK7   BANK8   BANK9  BANK10  BANK11  BANK12  BANK13  BANK14  BANK15
      Params:         0       0       0       0       0       0       0       0       0       0       0       0       0       0       0       0       0
      Locals:         0       0       0       0       0       0       0       0       0       0       0       0       0       0       0       0       0
      Temps:          0       0       0       0       0       0       0       0       0       0       0       0       0       0       0       0       0
      Totals:         0       0       0       0       0       0       0       0       0       0       0       0       0       0       0       0       0
Total ram usage:        0 bytes
 Hardware stack levels used:    1
 This function calls:
		Nothing
 This function is called by:
		i2_Motor_Step
 This function uses a non-reentrant model


 *************** function i2_MXK_Queue *****************
 Defined at:
		line 144 in file "Library/MXK.c"
 Parameters:    Size  Location     Type
  pCallback       3    0[COMRAM] PTR FTN()void 
		 -> Absolute function(1), Motor_Step(1), 
 Auto vars:     Size  Location     Type
		None
 Return value:  Size  Location     Type
                  1    wreg      void 
 Registers used:
		wreg, status,2, status,0
 Tracked objects:
		On entry : 
		On exit  : 
		Unchanged: 
 Data sizes:     COMRAM   BANK0   BANK1   BANK2   BANK3   BANK4   BANK5   BANK6   BANK7   BANK8   BANK9  BANK10  BANK11  BANK12  BANK13  BANK14  BANK15
      Params:         3       0       0       0       0       0       0       0       0       0       0       0       0       0       0       0       0
      Locals:         0       0       0       0       0       0       0       0       0       0       0       0       0       0       0       0       0
      Temps:          0       0       0       0       0       0       0       0       0       0       0       0       0       0       0       0       0
      Totals:         3       0       0       0       0       0       0       0       0       0       0       0       0       0       0       0       0
Total ram usage:        3 bytes
 Hardware stack levels used:    1
 This function calls:
		Nothing
 This function is called by:
		i2_Motor_Step
 This function uses a non-reentrant model



MODULE INFORMATION

Module		Function		Class		Link	Load	Size
Library/LCD.c
		_LCD_Init      		CODE           	1193A	0000	371
		_LCD_FillRectangle		CODE           	13184	0000	117
		_Configure_GPIOs		CODE           	131F8	0000	113
		_LCD_DrawField 		CODE           	12AB4	0000	165
		_Set_Addr_Window		CODE           	1276E	0000	171
		_LCD_Word_Write		CODE           	13D4E	0000	31
		_LCD_Reset     		CODE           	136F4	0000	81
		_Set_Rotation  		CODE           	12BF4	0000	153
		_Mode_Set      		CODE           	13DB6	0000	19
		_Reset_Low     		CODE           	13CB8	0000	31
		_LCD_Write     		CODE           	13C96	0000	35
		_LCD_Fill      		CODE           	135FA	0000	89
		_Reset_High    		CODE           	13CD6	0000	31

Library/LCD.c estimated size: 1407

Library/MXK.c
		_MXK_InitDIPSwitch		CODE           	13CF4	0000	31
		_MXK_BlockSwitchTo		CODE           	1397C	0000	63
		_MXK_Release   		CODE           	13DA0	0000	23
		_MXK_Dequeue   		CODE           	13B12	0000	49
		_MXK_InitTestButton		CODE           	13D12	0000	31
		_MXK_SwitchTo  		CODE           	138FA	0000	67
		_MXK_Init      		CODE           	117C0	0000	379
		_MXK_Queue     		CODE           	13DF4	0000	15

Library/MXK.c estimated size: 658

C:\Program Files (x86)\Microchip\xc8\v1.38\sources\common\lwmod.c
		___lwmod       		CODE           	1353E	0000	99

C:\Program Files (x86)\Microchip\xc8\v1.38\sources\common\lwmod.c estimated size: 99

C:\Program Files (x86)\Microchip\xc8\v1.38\sources\common\Umul16.c
		___wmul        		CODE           	13A72	0000	55

C:\Program Files (x86)\Microchip\xc8\v1.38\sources\common\Umul16.c estimated size: 55

Library/Port.c
		_GetPortTRIS   		CODE           	128C2	0000	167
		_GetPortPORT   		CODE           	12A0E	0000	167
		_Port_TogglePin		CODE           	13B42	0000	49
		_Port_SetPinType		CODE           	112E2	0000	449
		_Port_Init     		CODE           	114A2	0000	403
		_GetPortProperties		CODE           	12968	0000	167
		_Port_GetPin   		CODE           	1386E	0000	71
		_Port_Set      		CODE           	1041E	0000	955
		_Port_SetPin   		CODE           	122FE	0000	197
		_Port_SetType  		CODE           	10CB2	0000	555
		_Port_CheckQuadType		CODE           	135A0	0000	91
		_Port_CheckPairType		CODE           	133AA	0000	107
		_Port_CheckPortType		CODE           	137DE	0000	73
		_Port_SetQuadType		CODE           	10A5C	0000	599

Library/Port.c estimated size: 4050

Library/LED.c
		_LED_Init      		CODE           	134DC	0000	99
		_LED_Set       		CODE           	136A4	0000	81
		_LED_Toggle    		CODE           	13826	0000	73

Library/LED.c estimated size: 253

Library/Motor.c
		_Motor_Step    		CODE           	11D6A	0000	293

Library/Motor.c estimated size: 293

C:\Program Files (x86)\Microchip\xc8\v1.38\sources\common\lwdiv.c
		___lwdiv       		CODE           	12FAE	0000	121

C:\Program Files (x86)\Microchip\xc8\v1.38\sources\common\lwdiv.c estimated size: 121

C:\Program Files (x86)\Microchip\xc8\v1.38\sources\common\awdiv.c
		___awdiv       		CODE           	12484	0000	191

C:\Program Files (x86)\Microchip\xc8\v1.38\sources\common\awdiv.c estimated size: 191

C:\Program Files (x86)\Microchip\xc8\v1.38\sources\common\lldiv.c
		___lldiv       		CODE           	12542	0000	189

C:\Program Files (x86)\Microchip\xc8\v1.38\sources\common\lldiv.c estimated size: 189

HMI.c
		_HMI_InitButtons		CODE           	13E56	0000	5
		_HMI_SetSegments		CODE           	125FE	0000	187
		_HMI_Render    		CODE           	139BA	0000	63
		_OutSeg        		CODE           	12EB0	0000	131
		_HMI_Init      		CODE           	110E8	0000	507
		_HMI_SetNumber 		CODE           	13C00	0000	43

HMI.c estimated size: 936

shared
		_InitList      		MEDIUMCONST    	FD03	0000	179
		_PortE_Property		MEDIUMCONST    	FFD7	0000	3
		i2_Byte_SetBit 		CODE           	13792	0000	77
		_Font5x7       		MEDIUMCONST    	FDEF	0000	481
		i2_Motor_Step  		CODE           	11E8E	0000	255
		Timer2_Init@PRESCALE		MEDIUMCONST    	FDEC	0000	4
		_PortF_Property		MEDIUMCONST    	FFD9	0000	3
		_dpowers       		MEDIUMCONST    	FDD5	0000	11
		i2_Byte_GetZone		CODE           	13026	0000	119
		i2_Byte_GetPair		CODE           	13D86	0000	27
		_PortA_Property		MEDIUMCONST    	FFCF	0000	3
		i2_Timer0_Stop 		CODE           	13E4A	0000	7
		_PortG_Property		MEDIUMCONST    	FFDB	0000	3
		i2_Timer0_Restart		CODE           	13E1C	0000	13
		__initialization		CODE           	12E2E	0000	121
		i2_MXK_SwitchTo		CODE           	13AA8	0000	55
		_PortB_Property		MEDIUMCONST    	FFD1	0000	3
		_MASKS         		MEDIUMCONST    	FDDF	0000	10
		HMI_SetButton@F8157		MEDIUMCONST    	FDE8	0000	5
		i2_Word_GetPair		CODE           	13BA2	0000	49
		i2_Port_SetPin 		CODE           	12818	0000	171
		i2_MXK_Release 		CODE           	13E50	0000	7
		_PortC_Property		MEDIUMCONST    	FFD3	0000	3
		PortProperty_Valid@F7774		MEDIUMCONST    	FDB5	0000	17
		Timer0_Init@PRESCALE		MEDIUMCONST    	FDC5	0000	17
		i2_delay_us    		CODE           	1393C	0000	65
		_PortD_Property		MEDIUMCONST    	FFD5	0000	3
		i2_MXK_Queue   		CODE           	13E02	0000	15

shared estimated size: 1726

Library/Button.c
		_Button_Init   		CODE           	1215A	0000	213

Library/Button.c estimated size: 213

C:\Program Files (x86)\Microchip\xc8\v1.38\sources\common\doprnt.c
		_printf        		CODE           	11AAC	0000	365

C:\Program Files (x86)\Microchip\xc8\v1.38\sources\common\doprnt.c estimated size: 365

Library/ISR.c
		_ISR_Function  		CODE           	1408	0000	131

Library/ISR.c estimated size: 131

Library/SPI.c
		_SPI_MinSpeed  		CODE           	13110	0000	117
		_SPI_DisableISR		CODE           	13C2A	0000	41
		_SPI_MaxSpeed  		CODE           	1309C	0000	117
		_SPI_Init      		CODE           	10000	0000	1055
		_SPI_Send      		CODE           	132D4	0000	109
		_SPI_DCS       		CODE           	13B72	0000	49

Library/SPI.c estimated size: 1488

main.c
		_main          		CODE           	11F8C	0000	247

main.c estimated size: 247

Library/Console.c
		_Console_NewLine		CODE           	12C8C	0000	147
		_putch         		CODE           	13DD8	0000	15
		_Console_ClearCursor		CODE           	13A36	0000	61
		_Console_ResetCursor		CODE           	13D6C	0000	27
		_Console_Tab   		CODE           	123C2	0000	195
		_Console_SetForecolour		CODE           	13E32	0000	11
		_Console_IncrementCursor		CODE           	13414	0000	101
		_Console_FormFeed		CODE           	12D1E	0000	139
		_Console_Init  		CODE           	12DA8	0000	135
		_Console_Backspace		CODE           	13744	0000	79
		_Console_MakeField		CODE           	1222E	0000	209
		_Console_PrintChar		CODE           	11634	0000	397
		_Console_Render		CODE           	10EDC	0000	525

Library/Console.c estimated size: 2041

Library/Timer2.c
		_Timer2_Init   		CODE           	11C18	0000	339
		_Timer2_Clear  		CODE           	13E3C	0000	9

Library/Timer2.c estimated size: 348

Library/Types.c
		_Word_GetPair  		CODE           	139F8	0000	63
		_delay_us      		CODE           	13652	0000	83
		_ToSegment     		CODE           	107D8	0000	645
		_Byte_GetBit   		CODE           	13ADE	0000	53
		_Word_SetPair  		CODE           	138B4	0000	71
		_itos          		CODE           	12082	0000	217
		_Byte_GetZone  		CODE           	12B58	0000	157
		_Byte_GetPair  		CODE           	13D30	0000	31
		_Byte_SetBit   		CODE           	13478	0000	101
		_Byte_SetQuad  		CODE           	13C74	0000	35
		_Byte_SetZone  		CODE           	126B8	0000	183
		_Byte_SetByte  		CODE           	13DE6	0000	15
		_Byte_SetPair  		CODE           	13C52	0000	35
		_delay_ms      		CODE           	13340	0000	107
		_reverse       		CODE           	13268	0000	109
		_PortProperty_Valid		CODE           	12F32	0000	125

Library/Types.c estimated size: 2030

Library/Timer0.c
		_Timer0_ISR    		CODE           	13BD2	0000	47
		_Timer0_Stop   		CODE           	13E44	0000	7
		_Timer0_Restart		CODE           	13E10	0000	13

Library/Timer0.c estimated size: 67

