Microchip MPLAB XC8 Compiler V1.43 ()

Linker command line:

-W-3 --edf=C:\Program Files (x86)\Microchip\xc8\v1.43\dat\en_msgs.txt -cs \
  -h+dist/BOOTLOADER/production\99133391_A1.production.sym \
  --cmf=dist/BOOTLOADER/production\99133391_A1.production.cmf -z -Q18F67J50 \
  -oC:\Users\jamin\AppData\Local\Temp\s56k.2 \
  -Mdist/BOOTLOADER/production/99133391_A1.production.map -E1 -ver=XC8 \
  --acfsm=1493 -ASTACK=03A7h-0f3fh -pstack=STACK \
  -ACODE=01400h-01405h,01408h-01415h,01418h-01FFF7h \
  -ACONST=01400h-01405h,01408h-01415h,01418h-01FFF7h \
  -ASMALLCONST=01400h-01405h,01408h-01415h,01418h-014FFh,01500h-015FFhx490,01FF00h-01FFF7h \
  -AMEDIUMCONST=01400h-01405h,01408h-01415h,01418h-0FFFFh,011000h-01FFF7h \
  -ACOMRAM=01h-05Fh -AABS1=00h-0F3Fh -ABIGRAM=01h-0F3Fh \
  -ARAM=060h-0FFh,0100h-01FFhx14,0F00h-0F3Fh -ABANK0=060h-0FFh \
  -ABANK1=0100h-01FFh -ABANK2=0200h-02FFh -ABANK3=0300h-03FFh \
  -ABANK4=0400h-04FFh -ABANK5=0500h-05FFh -ABANK6=0600h-06FFh \
  -ABANK7=0700h-07FFh -ABANK8=0800h-08FFh -ABANK9=0900h-09FFh \
  -ABANK10=0A00h-0AFFh -ABANK11=0B00h-0BFFh -ABANK12=0C00h-0CFFh \
  -ABANK13=0D00h-0DFFh -ABANK14=0E00h-0EFFh -ABANK15=0F00h-0F3Fh \
  -ASFR=0F40h-0F5Fh,0F60h-0FFFh \
  -preset_vec=01400h,intcode=01408h,intcodelo,powerup,init -pramtop=01000h \
  -psmallconst=SMALLCONST -pmediumconst=MEDIUMCONST -pconst=CONST \
  -AFARRAM=00h-00h -ACONFIG=01FFF8h-01FFFDh -pconfig=CONFIG \
  -pjflash_buffer=01F800h \
  -prdata=COMRAM,nvrram=COMRAM,nvbit=COMRAM,rbss=COMRAM,rbit=COMRAM \
  -pfarbss=FARRAM,fardata=FARRAM,nvFARRAM=FARRAM \
  -pintsave_regs=BIGRAM,bigbss=BIGRAM,bigdata=BIGRAM -pbss=RAM \
  -pidata=CODE,irdata=CODE,ibigdata=CODE,ifardata=CODE -prparam=COMRAM \
  C:\Users\jamin\AppData\Local\Temp\s56k.obj \
  dist/BOOTLOADER/production\99133391_A1.production.obj 

Object code version is 3.11

Machine type is 18F67J50

Call graph: (short form)




                Name                               Link     Load   Length Selector   Space Scale
C:\Users\jamin\AppData\Local\Temp\s56k.obj
                init                               14AA     14AA        4      A04       0
                reset_vec                          1400     1400        4      A00       0
                config                            1FFF8    1FFF8        6    1FFF8       0
dist/BOOTLOADER/production\99133391_A1.production.obj
                intcode                            1408     1408       A2      A04       0
                temp                                 51       51        1        1       1
                mediumconst                        FB5C     FB5C      4A4     7DAE       0
                text175                           18000    18000        E     8000       0
                text174                           18088    18088        6     8000       0
                text173                           178C4    178C4       40     8000       0
                text172                           17AE0    17AE0       36     8000       0
                text171                           17578    17578       4C     8000       0
                text170                           16C70    16C70       76     8000       0
                text169                           17ECC    17ECC       1A     8000       0
                text168                           17C0E    17C0E       30     8000       0
                text167                           1604C    1604C       AA     8000       0
                text166                           18026    18026        C     8000       0
                text165                           18082    18082        6     8000       0
                text164                           151B6    151B6      100     8000       0
                text163                           17C6C    17C6C       2E     8000       0
                text161                           17B16    17B16       34     8000       0
                text160                           1560A    1560A       D0     8000       0
                text159                           17FB4    17FB4       12     8000       0
                text158                           16F92    16F92       6C     8000       0
                text157                           17D80    17D80       22     8000       0
                text156                           17E76    17E76       1E     8000       0
                text155                           15FA2    15FA2       AA     8000       0
                text154                           17AAA    17AAA       36     8000       0
                text153                           162E8    162E8       A4     8000       0
                text152                           16E42    16E42       74     8000       0
                text151                           12F56    12F56      210     8000       0
                text150                           16A80    16A80       82     8000       0
                text149                           179BE    179BE       3E     8000       0
                text148                           17D16    17D16       26     8000       0
                text147                           17A38    17A38       3A     8000       0
                text146                           1801A    1801A        C     8000       0
                text145                           15AB2    15AB2       BC     8000       0
                text144                           149A0    149A0      160     8000       0
                text143                           17CC4    17CC4       2A     8000       0
                text142                           17B7C    17B7C       32     8000       0
                text141                           13DBC    13DBC      190     8000       0
                text140                           17A72    17A72       38     8000       0
                text139                           10DCC    10DCC      4A8     8000       0
                text138                           176E6    176E6       48     8000       0
                text137                           150AA    150AA      10C     8000       0
                text136                           1660E    1660E       9A     8000       0
                text135                           13560    13560      1CE     8000       0
                text134                           14260    14260      188     8000       0
                text133                           13A8C    13A8C      19E     8000       0
                text132                           159F4    159F4       BE     8000       0
                text131                           164D0    164D0       A2     8000       0
                text130                           11274    11274      4A6     8000       0
                text129                           122B2    122B2      306     8000       0
                text128                           17884    17884       40     8000       0
                text127                           17324    17324       5C     8000       0
                text126                           17E58    17E58       1E     8000       0
                text125                           167D0    167D0       8E     8000       0
                text124                           1642E    1642E       A2     8000       0
                text123                           1713A    1713A       66     8000       0
                text122                           15932    15932       C2     8000       0
                text121                           138EE    138EE      19E     8000       0
                text120                           17FF2    17FF2        E     8000       0
                text119                           10892    10892      53A     8000       0
                text118                           10000    10000      892     8000       0
                text117                           156DA    156DA       CC     8000       0
                text116                           17842    17842       42     8000       0
                text115                           11B38    11B38      3C0     8000       0
                text114                           1538E    1538E       D8     8000       0
                text113                           14F92    14F92      118     8000       0
                text112                           15CDE    15CDE       B6     8000       0
                text111                           14E6E    14E6E      124     8000       0
                text110                           14D4A    14D4A      124     8000       0
                text109                           125B8    125B8      29A     8000       0
                text108                           140D6    140D6      18A     8000       0
                text107                           13166    13166      200     8000       0
                text106                           13F4C    13F4C      18A     8000       0
                text105                           18050    18050        A     8000       0
                text104                           17DA2    17DA2       20     8000       0
                text103                           16972    16972       8A     8000       0
                text102                           17432    17432       54     8000       0
                text101                           168E8    168E8       8A     8000       0
                text100                           18062    18062        8     8000       0
                text99                            1807C    1807C        6     8000       0
                text98                            17F8E    17F8E       14     8000       0
                text97                            1685E    1685E       8A     8000       0
                text96                            1769E    1769E       48     8000       0
                text95                            17EB0    17EB0       1C     8000       0
                text94                            17B4A    17B4A       32     8000       0
                text93                            16B7E    16B7E       7A     8000       0
                text92                            177BA    177BA       46     8000       0
                text91                            15E48    15E48       AE     8000       0
                text90                            15C28    15C28       B6     8000       0
                text89                            17D5E    17D5E       22     8000       0
                text88                            16572    16572       9C     8000       0
                text87                            17E3A    17E3A       1E     8000       0
                text86                            17980    17980       3E     8000       0
                text85                            16B02    16B02       7C     8000       0
                text84                            17068    17068       6A     8000       0
                text83                            17380    17380       5A     8000       0
                text82                            17D3C    17D3C       22     8000       0
                text81                            17774    17774       46     8000       0
                text80                            12AD6    12AD6      256     8000       0
                text79                            171A0    171A0       64     8000       0
                text78                            1372E    1372E      1C0     8000       0
                text77                            17E1C    17E1C       1E     8000       0
                text76                            18076    18076        6     8000       0
                text75                            17DFE    17DFE       1E     8000       0
                text74                            15466    15466       D4     8000       0
                text73                            1638C    1638C       A2     8000       0
                text72                            17BDE    17BDE       30     8000       0
                text71                            17CEE    17CEE       28     8000       0
                text70                            1805A    1805A        8     8000       0
                text69                            14840    14840      160     8000       0
                text68                            1171A    1171A      41E     8000       0
                text67                            16DCE    16DCE       74     8000       0
                text66                            13366    13366      1FA     8000       0
                text65                            18046    18046        A     8000       0
                text64                            1772E    1772E       46     8000       0
                text63                            1586E    1586E       C4     8000       0
                text62                            17BAE    17BAE       30     8000       0
                text61                            17656    17656       48     8000       0
                text60                            17DE0    17DE0       1E     8000       0
                text59                            17DC2    17DC2       1E     8000       0
                text58                            16FFE    16FFE       6A     8000       0
                text57                            17528    17528       50     8000       0
                text56                            16D5A    16D5A       74     8000       0
                text55                            16EB6    16EB6       70     8000       0
                text54                            173DA    173DA       58     8000       0
                text53                            166A8    166A8       98     8000       0
                text52                            14568    14568      172     8000       0
                text51                            17486    17486       52     8000       0
                text50                            17942    17942       3E     8000       0
                text49                            17FE4    17FE4        E     8000       0
                text48                            17E94    17E94       1C     8000       0
                text47                            17800    17800       42     8000       0
                text46                            1800E    1800E        C     8000       0
                text45                            18070    18070        6     8000       0
                text44                            14B00    14B00      126     8000       0
                text43                            17904    17904       3E     8000       0
                text42                            174D8    174D8       50     8000       0
                text41                            17266    17266       62     8000       0
                text40                            16242    16242       A6     8000       0
                text39                            1619C    1619C       A6     8000       0
                text38                            160F6    160F6       A6     8000       0
                text37                            17FD6    17FD6        E     8000       0
                text36                            11EF8    11EF8      3BA     8000       0
                text35                            1760E    1760E       48     8000       0
                text34                            12D2C    12D2C      22A     8000       0
                text33                            13C2A    13C2A      192     8000       0
                text32                            143E8    143E8      180     8000       0
                text31                            1553A    1553A       D0     8000       0
                text30                            170D2    170D2       68     8000       0
                text29                            169FC    169FC       84     8000       0
                text28                            17FA2    17FA2       12     8000       0
                text27                            1806A    1806A        6     8000       0
                text26                            1803C    1803C        A     8000       0
                text25                            16740    16740       90     8000       0
                text24                            12852    12852      284     8000       0
                text23                            15B6E    15B6E       BA     8000       0
                text22                            16BF8    16BF8       78     8000       0
                text21                            17204    17204       62     8000       0
                text20                            16F26    16F26       6C     8000       0
                text19                            152B6    152B6       D8     8000       0
                text18                            17C9A    17C9A       2A     8000       0
                text17                            179FC    179FC       3C     8000       0
                text16                            18092    18092        2     C049       0
                text15                            17C3E    17C3E       2E     8000       0
                text14                            175C4    175C4       4A     8000       0
                text13                            17F76    17F76       18     8000       0
                text12                            17F5E    17F5E       18     8000       0
                text11                            17F46    17F46       18     8000       0
                text10                            17F2E    17F2E       18     8000       0
                text9                             17F16    17F16       18     8000       0
                text8                             17EFE    17EFE       18     8000       0
                text7                             17EE6    17EE6       18     8000       0
                text6                             146DA    146DA      166     8000       0
                text5                             16CE6    16CE6       74     8000       0
                text4                             15D94    15D94       B4     8000       0
                text3                              1404     1404        2      A00       0
                text2                             157A6    157A6       C8     8000       0
                text1                             172C8    172C8       5C     8000       0
                text0                             14C26    14C26      124     8000       0
                cstackCOMRAM                          1        1       28        1       1
                cstackBANK0                          60       60       7B       60       1
                cstackBANK1                         1FA      1FA        2      100       1
                cstackBANK2                         26E      26E        D      200       1
                bssBIGRAM                           27B      27B      12C      27B       1
                bssBANK2                            200      200       6E      200       1
                dataBANK1                           1EA      1EA       10      100       1
                bssBANK1                            100      100       EA      100       1
                dataBANK0                            FC       FC        3       60       1
                bssBANK0                             DB       DB       21       60       1
                dataCOMRAM                           47       47        A        1       1
                bssCOMRAM                            29       29       1E        1       1
                cinit                             15EF6    15EF6       AC     8000       0
                idataBANK1                        17FC6    17FC6       10     8000       0
                idataBANK0                        1808E    1808E        3     8000       0
                idataCOMRAM                       18032    18032        A     8000       0

TOTAL           Name                               Link     Load   Length     Space
        CLASS   STACK          

        CLASS   CODE           
                intcode                            1408     1408       A2         0
                init                               14AA     14AA        4         0
                reset_vec                          1400     1400        4         0
                text175                           18000    18000        E         0
                text174                           18088    18088        6         0
                text173                           178C4    178C4       40         0
                text172                           17AE0    17AE0       36         0
                text171                           17578    17578       4C         0
                text170                           16C70    16C70       76         0
                text169                           17ECC    17ECC       1A         0
                text168                           17C0E    17C0E       30         0
                text167                           1604C    1604C       AA         0
                text166                           18026    18026        C         0
                text165                           18082    18082        6         0
                text164                           151B6    151B6      100         0
                text163                           17C6C    17C6C       2E         0
                text161                           17B16    17B16       34         0
                text160                           1560A    1560A       D0         0
                text159                           17FB4    17FB4       12         0
                text158                           16F92    16F92       6C         0
                text157                           17D80    17D80       22         0
                text156                           17E76    17E76       1E         0
                text155                           15FA2    15FA2       AA         0
                text154                           17AAA    17AAA       36         0
                text153                           162E8    162E8       A4         0
                text152                           16E42    16E42       74         0
                text151                           12F56    12F56      210         0
                text150                           16A80    16A80       82         0
                text149                           179BE    179BE       3E         0
                text148                           17D16    17D16       26         0
                text147                           17A38    17A38       3A         0
                text146                           1801A    1801A        C         0
                text145                           15AB2    15AB2       BC         0
                text144                           149A0    149A0      160         0
                text143                           17CC4    17CC4       2A         0
                text142                           17B7C    17B7C       32         0
                text141                           13DBC    13DBC      190         0
                text140                           17A72    17A72       38         0
                text139                           10DCC    10DCC      4A8         0
                text138                           176E6    176E6       48         0
                text137                           150AA    150AA      10C         0
                text136                           1660E    1660E       9A         0
                text135                           13560    13560      1CE         0
                text134                           14260    14260      188         0
                text133                           13A8C    13A8C      19E         0
                text132                           159F4    159F4       BE         0
                text131                           164D0    164D0       A2         0
                text130                           11274    11274      4A6         0
                text129                           122B2    122B2      306         0
                text128                           17884    17884       40         0
                text127                           17324    17324       5C         0
                text126                           17E58    17E58       1E         0
                text125                           167D0    167D0       8E         0
                text124                           1642E    1642E       A2         0
                text123                           1713A    1713A       66         0
                text122                           15932    15932       C2         0
                text121                           138EE    138EE      19E         0
                text120                           17FF2    17FF2        E         0
                text119                           10892    10892      53A         0
                text118                           10000    10000      892         0
                text117                           156DA    156DA       CC         0
                text116                           17842    17842       42         0
                text115                           11B38    11B38      3C0         0
                text114                           1538E    1538E       D8         0
                text113                           14F92    14F92      118         0
                text112                           15CDE    15CDE       B6         0
                text111                           14E6E    14E6E      124         0
                text110                           14D4A    14D4A      124         0
                text109                           125B8    125B8      29A         0
                text108                           140D6    140D6      18A         0
                text107                           13166    13166      200         0
                text106                           13F4C    13F4C      18A         0
                text105                           18050    18050        A         0
                text104                           17DA2    17DA2       20         0
                text103                           16972    16972       8A         0
                text102                           17432    17432       54         0
                text101                           168E8    168E8       8A         0
                text100                           18062    18062        8         0
                text99                            1807C    1807C        6         0
                text98                            17F8E    17F8E       14         0
                text97                            1685E    1685E       8A         0
                text96                            1769E    1769E       48         0
                text95                            17EB0    17EB0       1C         0
                text94                            17B4A    17B4A       32         0
                text93                            16B7E    16B7E       7A         0
                text92                            177BA    177BA       46         0
                text91                            15E48    15E48       AE         0
                text90                            15C28    15C28       B6         0
                text89                            17D5E    17D5E       22         0
                text88                            16572    16572       9C         0
                text87                            17E3A    17E3A       1E         0
                text86                            17980    17980       3E         0
                text85                            16B02    16B02       7C         0
                text84                            17068    17068       6A         0
                text83                            17380    17380       5A         0
                text82                            17D3C    17D3C       22         0
                text81                            17774    17774       46         0
                text80                            12AD6    12AD6      256         0
                text79                            171A0    171A0       64         0
                text78                            1372E    1372E      1C0         0
                text77                            17E1C    17E1C       1E         0
                text76                            18076    18076        6         0
                text75                            17DFE    17DFE       1E         0
                text74                            15466    15466       D4         0
                text73                            1638C    1638C       A2         0
                text72                            17BDE    17BDE       30         0
                text71                            17CEE    17CEE       28         0
                text70                            1805A    1805A        8         0
                text69                            14840    14840      160         0
                text68                            1171A    1171A      41E         0
                text67                            16DCE    16DCE       74         0
                text66                            13366    13366      1FA         0
                text65                            18046    18046        A         0
                text64                            1772E    1772E       46         0
                text63                            1586E    1586E       C4         0
                text62                            17BAE    17BAE       30         0
                text61                            17656    17656       48         0
                text60                            17DE0    17DE0       1E         0
                text59                            17DC2    17DC2       1E         0
                text58                            16FFE    16FFE       6A         0
                text57                            17528    17528       50         0
                text56                            16D5A    16D5A       74         0
                text55                            16EB6    16EB6       70         0
                text54                            173DA    173DA       58         0
                text53                            166A8    166A8       98         0
                text52                            14568    14568      172         0
                text51                            17486    17486       52         0
                text50                            17942    17942       3E         0
                text49                            17FE4    17FE4        E         0
                text48                            17E94    17E94       1C         0
                text47                            17800    17800       42         0
                text46                            1800E    1800E        C         0
                text45                            18070    18070        6         0
                text44                            14B00    14B00      126         0
                text43                            17904    17904       3E         0
                text42                            174D8    174D8       50         0
                text41                            17266    17266       62         0
                text40                            16242    16242       A6         0
                text39                            1619C    1619C       A6         0
                text38                            160F6    160F6       A6         0
                text37                            17FD6    17FD6        E         0
                text36                            11EF8    11EF8      3BA         0
                text35                            1760E    1760E       48         0
                text34                            12D2C    12D2C      22A         0
                text33                            13C2A    13C2A      192         0
                text32                            143E8    143E8      180         0
                text31                            1553A    1553A       D0         0
                text30                            170D2    170D2       68         0
                text29                            169FC    169FC       84         0
                text28                            17FA2    17FA2       12         0
                text27                            1806A    1806A        6         0
                text26                            1803C    1803C        A         0
                text25                            16740    16740       90         0
                text24                            12852    12852      284         0
                text23                            15B6E    15B6E       BA         0
                text22                            16BF8    16BF8       78         0
                text21                            17204    17204       62         0
                text20                            16F26    16F26       6C         0
                text19                            152B6    152B6       D8         0
                text18                            17C9A    17C9A       2A         0
                text17                            179FC    179FC       3C         0
                text16                            18092    18092        2         0
                text15                            17C3E    17C3E       2E         0
                text14                            175C4    175C4       4A         0
                text13                            17F76    17F76       18         0
                text12                            17F5E    17F5E       18         0
                text11                            17F46    17F46       18         0
                text10                            17F2E    17F2E       18         0
                text9                             17F16    17F16       18         0
                text8                             17EFE    17EFE       18         0
                text7                             17EE6    17EE6       18         0
                text6                             146DA    146DA      166         0
                text5                             16CE6    16CE6       74         0
                text4                             15D94    15D94       B4         0
                text3                              1404     1404        2         0
                text2                             157A6    157A6       C8         0
                text1                             172C8    172C8       5C         0
                text0                             14C26    14C26      124         0
                cinit                             15EF6    15EF6       AC         0
                idataBANK1                        17FC6    17FC6       10         0
                idataBANK0                        1808E    1808E        3         0
                idataCOMRAM                       18032    18032        A         0

        CLASS   CONST          

        CLASS   SMALLCONST     

        CLASS   MEDIUMCONST    
                mediumconst                        FB5C     FB5C      4A4         0

        CLASS   COMRAM         
                temp                                 51       51        1         1
                cstackCOMRAM                          1        1       28         1
                dataCOMRAM                           47       47        A         1
                bssCOMRAM                            29       29       1E         1

        CLASS   ABS1           

        CLASS   BIGRAM         
                bssBIGRAM                           27B      27B      12C         1

        CLASS   RAM            

        CLASS   BANK0          
                cstackBANK0                          60       60       7B         1
                dataBANK0                            FC       FC        3         1
                bssBANK0                             DB       DB       21         1

        CLASS   BANK1          
                cstackBANK1                         1FA      1FA        2         1
                dataBANK1                           1EA      1EA       10         1
                bssBANK1                            100      100       EA         1

        CLASS   BANK2          
                cstackBANK2                         26E      26E        D         1
                bssBANK2                            200      200       6E         1

        CLASS   BANK3          

        CLASS   BANK4          

        CLASS   BANK5          

        CLASS   BANK6          

        CLASS   BANK7          

        CLASS   BANK8          

        CLASS   BANK9          

        CLASS   BANK10         

        CLASS   BANK11         

        CLASS   BANK12         

        CLASS   BANK13         

        CLASS   BANK14         

        CLASS   BANK15         

        CLASS   SFR            

        CLASS   FARRAM         

        CLASS   CONFIG         
                config                            1FFF8    1FFF8        6         0

        CLASS   IDLOC          



SEGMENTS        Name                           Load    Length   Top    Selector   Space  Class

                cstackCOMRAM                   000001  000051  000052         1       1  COMRAM  
                cstackBANK0                    000060  00009F  0000FF        60       1  BANK0   
                bssBANK1                       000100  0000FC  0001FC       100       1  BANK1   
                bssBANK2                       000200  00007B  00027B       200       1  BANK2   
                bssBIGRAM                      00027B  00012C  0003A7       27B       1  BIGRAM  
                reset_vec                      001400  000006  001406       A00       0  CODE    
                intcode                        001408  0000A6  0014AE       A04       0  CODE    
                mediumconst                    00FB5C  0004A4  010000      7DAE       0  MEDIUMCO
                text118                        010000  008091  018091      8000       0  CODE    
                text16                         018092  000002  018094      C049       0  CODE    
                config                         01FFF8  000006  01FFFE     1FFF8       0  CONFIG  


UNUSED ADDRESS RANGES

        Name                Unused          Largest block    Delta
        BANK0            000FF-000FF               1
        BANK1            001FC-001FF               4
        BANK10           00A00-00AFF             100
        BANK11           00B00-00BFF             100
        BANK12           00C00-00CFF             100
        BANK13           00D00-00DFF             100
        BANK14           00E00-00EFF             100
        BANK15           00F00-00F3F              40
        BANK3            003A7-003FF              59
        BANK4            00400-004FF             100
        BANK5            00500-005FF             100
        BANK6            00600-006FF             100
        BANK7            00700-007FF             100
        BANK8            00800-008FF             100
        BANK9            00900-009FF             100
        BIGRAM           00052-0005F               E
                         000FF-000FF               1
                         001FC-001FF               4
                         003A7-00F3F             B99
        CODE             014AE-0FB5B            E6AE
                         18091-18091               1
                         18094-1FFF7            7F64
        COMRAM           00052-0005F               E
        CONST            014AE-0FB5B            E6AE
                         18091-18091               1
                         18094-1FFF7            7F64
        FARRAM           00000-00000               1
        MEDIUMCONST      014AE-0FB5B            E6AE
                         18091-18091               1
                         18094-1FFF7            7F64
        RAM              000FF-000FF               1
                         001FC-001FF               4
                         003A7-00F3F             100
        SFR              00F40-00FFF              20
        SMALLCONST       014AE-0FB5B             100
                         18091-18091               1
                         18094-1FFF7             100
        STACK            003A7-00F3F             B99

                                  Symbol Table

?_ADC_Voltage                     cstackBANK0   00087
?_Console_MakeField               cstackBANK0   00065
?_GetPortPORT                     cstackBANK0   00060
?_GetPortProperties               cstackBANK0   00060
?_GetPortTRIS                     cstackBANK0   00060
?___awdiv                         cstackBANK0   00066
?___awmod                         cstackBANK0   00060
?___fladd                         cstackBANK0   00094
?___fldiv                         cstackBANK0   00060
?___flmul                         cstackBANK0   0006E
?___flneg                         cstackBANK0   00060
?___flsub                         cstackBANK0   000A8
?___fltol                         cstackBANK0   00087
?___lldiv                         cstackBANK0   00060
?___llmod                         cstackBANK0   0006D
?___lwdiv                         cstackBANK0   00060
?___lwmod                         cstackBANK0   00060
?___wmul                          cstackBANK0   00060
?___xxtofl                        cstackBANK0   00060
?__div_to_l_                      cstackBANK0   00060
?__tdiv_to_l_                     cstackBANK0   00060
?_eval_poly                       cstackBANK0   000A8
?_exp                             cstackBANK0   000C0
?_floor                           cstackBANK0   000A8
?_frexp                           cstackBANK0   00060
?_fround                          cstackBANK0   00087
?_ldexp                           cstackBANK0   000B8
?_log                             cstackBANK0   000B8
?_pow                             cstackBANK0   000CB
?_printf                          cstackBANK0   000B0
?_scale                           cstackBANK0   00087
ADC_ClockDivision@pDivide         cstackBANK0   00060
ADC_ClockDivision@reg             cstackBANK0   00061
ADC_ClockDivision@unfound         cstackBANK0   00062
ADC_ConversionTime@pCount         cstackBANK0   00061
ADC_Init@pChannel                 cstackBANK0   00066
ADC_Init@pInput                   cstackBANK0   00064
ADC_Sequence@pItemA               cstackBANK0   00060
ADC_Sequence@pItemB               cstackBANK0   00062
ADC_SetChannel@pChannel           cstackBANK0   00061
ADC_SetupIO@MASK                  cstackBANK0   00063
ADC_SetupIO@pChannel              cstackBANK0   00062
ADC_Start@pInput                  cstackBANK0   00062
ADC_Voltage@max                   cstackBANK0   0008D
ADC_Voltage@output                cstackBANK0   00095
ADC_Voltage@pInput                cstackBANK0   00087
ADC_Voltage@ref                   cstackBANK0   00091
Button_Init@pFunction             cstackBANK0   000A5
Button_Init@pGetState             cstackBANK0   000A2
Button_Init@pInitIO               cstackBANK0   0009F
Button_Init@pInput                cstackBANK0   0009B
Button_Init@pThreshold            cstackBANK0   0009D
Button_Poll@Pin                   cstackBANK0   00083
Button_Poll@pButton               cstackBANK0   0007B
Button_Poll@pIncrement            cstackBANK0   0007D
Byte_GetBit@Output                cstackBANK0   00064
Byte_GetBit@pBit                  cstackBANK0   00062
Byte_GetBit@pInput                cstackBANK0   00060
Byte_GetPair@pInput               cstackBANK0   00069
Byte_GetPair@pPair                cstackBANK0   0006B
Byte_GetZone@MASK                 cstackBANK0   00066
Byte_GetZone@Offset               cstackBANK0   00067
Byte_GetZone@Output               cstackBANK0   00068
Byte_GetZone@pChunk               cstackBANK0   00063
Byte_GetZone@pChunkSize           cstackBANK0   00064
Byte_GetZone@pInput               cstackBANK0   00060
Byte_GetZone@pMax                 cstackBANK0   00062
Byte_SetBit@pBit                  cstackBANK0   00062
Byte_SetBit@pInput                cstackBANK0   00060
Byte_SetBit@pValue                cstackBANK0   00063
Byte_SetByte@pInput               cstackBANK0   00060
Byte_SetByte@pValue               cstackBANK0   00062
Byte_SetPair@pInput               cstackBANK0   0006B
Byte_SetPair@pPair                cstackBANK0   0006D
Byte_SetPair@pValue               cstackBANK0   0006E
Byte_SetQuad@pInput               cstackBANK0   0006B
Byte_SetQuad@pQuad                cstackBANK0   0006D
Byte_SetQuad@pValue               cstackBANK0   0006E
Byte_SetZone@MASK                 cstackBANK0   0006A
Byte_SetZone@Offset               cstackBANK0   00069
Byte_SetZone@pChunk               cstackBANK0   00063
Byte_SetZone@pChunkSize           cstackBANK0   00064
Byte_SetZone@pInput               cstackBANK0   00060
Byte_SetZone@pMax                 cstackBANK0   00062
Byte_SetZone@pValue               cstackBANK0   00065
Console_FormFeed@x                cstackBANK0   00062
Console_FormFeed@y                cstackBANK0   00063
Console_Init@x                    cstackBANK0   00062
Console_Init@y                    cstackBANK0   00063
Console_MakeField@Column          cstackBANK0   0006C
Console_MakeField@Fill            bssBANK2      0021E
Console_MakeField@Index           cstackBANK0   00069
Console_MakeField@pInput          cstackBANK0   0006B
Console_MakeField@x               cstackBANK0   00070
Console_MakeField@y               cstackBANK0   00071
Console_PrintChar@pInput          cstackBANK0   00079
Console_Render@F6956              dataBANK1     001EA
Console_Render@lCursor            cstackBANK0   00086
Console_Render@temp               cstackBANK0   00085
Console_Render@x                  cstackBANK0   0008A
Console_Render@y                  cstackBANK0   0008B
Console_SetForecolour@pColour     cstackBANK0   00060
Console_Tab@c                     cstackBANK0   00075
Console_Tab@i                     cstackBANK0   00074
Console_Tab@t                     cstackBANK0   00073
Event_DIPSwitch@Bar               cstackBANK0   0007A
Event_DIPSwitch@pState            cstackBANK0   00079
Event_TestButton@j                bssBANK0      000F4
Event_TestButton@pState           cstackBANK0   00079
GetPortPORT@pInput                cstackBANK0   00062
GetPortProperties@pInput          cstackBANK0   00062
GetPortTRIS@pInput                cstackBANK0   00062
HMI_GRender@a                     bssCOMRAM     00030
HMI_Init@in                       cstackBANK0   000A8
HMI_Render@a                      cstackBANK0   00068
HMI_SetBar@pValue                 cstackBANK0   00060
HMI_SetButton@F7213               mediumconst   0FCC8
HMI_SetButton@pValue              cstackBANK0   00066
HMI_SetButton@reindex             cstackBANK0   00062
HMI_SetButton@v                   cstackBANK0   00067
HMI_SetNumber@pInput              cstackBANK0   00071
HMI_SetSegments@in                cstackBANK0   00064
HMI_SetSegments@pString           cstackBANK0   00061
LCD_DrawField@count               cstackBANK0   0007E
LCD_DrawField@i                   cstackBANK0   00082
LCD_DrawField@pField              cstackBANK0   00072
LCD_DrawField@pPoint              cstackBANK0   00074
LCD_DrawField@pSize               cstackBANK0   00078
LCD_DrawField@xmax                cstackBANK0   00080
LCD_DrawField@ymax                cstackBANK0   00081
LCD_DrawRectangle@p2              bssBANK1      001E6
LCD_DrawRectangle@p4              bssBANK1      001E2
LCD_Fill@i                        cstackBANK0   0006B
LCD_Fill@j                        cstackBANK0   0006C
LCD_Fill@pColour                  cstackBANK0   00069
LCD_FillRectangle@i               cstackBANK0   00075
LCD_FillRectangle@j               cstackBANK0   00076
LCD_FillRectangle@pColour         cstackBANK0   00069
LCD_FillRectangle@pPoint          cstackBANK0   0006B
LCD_FillRectangle@pSize           cstackBANK0   0006F
LCD_Init@i                        cstackBANK0   00097
LCD_Word_Write@value              cstackBANK0   00065
LCD_Write@mode                    cstackBANK0   00063
LCD_Write@value                   cstackBANK0   00064
LED_Init@pLED                     cstackBANK0   0008D
LED_Set@pLED                      cstackBANK0   00075
LED_Set@pValue                    cstackBANK0   00074
LED_Toggle@pLED                   cstackBANK0   00078
MXK_BlockSwitchTo@CUR             cstackBANK0   00066
MXK_BlockSwitchTo@pModule         cstackBANK0   00067
MXK_Queue@pCallback               cstackBANK0   00060
MXK_SwitchTo@CUR                  cstackBANK0   00066
MXK_SwitchTo@pModule              cstackBANK0   00067
Mode_Set@pMode                    cstackBANK0   00060
Motor_Init@pAddress               cstackBANK0   0008F
Motor_Init@pMotor                 cstackBANK0   0008D
Motor_Move@pDelta                 cstackBANK0   00065
Motor_Move@pMotor                 cstackBANK0   00063
Motor_Speed@pFrequency            cstackBANK0   0007D
Motor_Speed@pMotor                cstackBANK0   0007B
OutSeg@a                          bssCOMRAM     00037
OutSeg@cur                        bssCOMRAM     00039
OutSeg@out                        cstackBANK0   00067
OutSeg@pInput                     cstackBANK0   00066
OutSeg@pSegment                   cstackBANK0   00063
OutSeg@segset                     bssCOMRAM     00038
PortProperty_Valid@Errors         cstackBANK0   00075
PortProperty_Valid@F6830          mediumconst   0FCAF
PortProperty_Valid@Pair           cstackBANK0   00085
PortProperty_Valid@pInput         cstackBANK0   0006F
PortProperty_Valid@pPin           cstackBANK0   00072
PortProperty_Valid@pPinDrive      cstackBANK0   00071
Port_CheckPairType@Output         cstackBANK0   0008C
Port_CheckPairType@Pin1           cstackBANK0   0008A
Port_CheckPairType@Pin2           cstackBANK0   0008B
Port_CheckPairType@Props          cstackBANK0   0008D
Port_CheckPairType@pDrive         cstackBANK0   00089
Port_CheckPairType@pInput         cstackBANK0   00086
Port_CheckPairType@pPair          cstackBANK0   00088
Port_CheckPortType@Output         cstackBANK0   00099
Port_CheckPortType@pDrive         cstackBANK0   00098
Port_CheckPortType@pInput         cstackBANK0   00096
Port_CheckQuadType@Output         cstackBANK0   00095
Port_CheckQuadType@Pair1          cstackBANK0   00093
Port_CheckQuadType@Pair2          cstackBANK0   00094
Port_CheckQuadType@pDrive         cstackBANK0   00092
Port_CheckQuadType@pInput         cstackBANK0   0008F
Port_CheckQuadType@pQuad          cstackBANK0   00091
Port_GetPin@Output                cstackBANK0   00065
Port_GetPin@pInput                cstackBANK0   00060
Port_GetPin@pPin                  cstackBANK0   00062
Port_GetQuad@Output               cstackBANK0   00065
Port_GetQuad@pInput               cstackBANK0   00060
Port_GetQuad@pQuad                cstackBANK0   00062
Port_Init@i                       cstackBANK0   000A5
Port_Init@pInput                  cstackBANK0   000A0
Port_Init@pPort                   cstackBANK0   000A2
Port_Set@Type                     cstackBANK0   00086
Port_Set@TypeActual               cstackBANK0   00084
Port_Set@TypeRequired             cstackBANK0   00082
Port_Set@pInput                   cstackBANK0   0006F
Port_Set@pValue                   cstackBANK0   00071
Port_SetPin@Type                  cstackBANK0   00073
Port_SetPin@pInput                cstackBANK0   0006F
Port_SetPin@pPin                  cstackBANK0   00071
Port_SetPin@pValue                cstackBANK0   00072
Port_SetPinType@Output            cstackBANK0   0008A
Port_SetPinType@Props             cstackBANK0   0008B
Port_SetPinType@pInput            cstackBANK0   00086
Port_SetPinType@pPin              cstackBANK0   00088
Port_SetPinType@pType             cstackBANK0   00089
Port_SetQuadType@Output           cstackBANK0   0009A
Port_SetQuadType@pInput           cstackBANK0   00096
Port_SetQuadType@pQuad            cstackBANK0   00098
Port_SetQuadType@pType            cstackBANK0   00099
Port_SetType@Output               cstackBANK0   0009F
Port_SetType@pInput               cstackBANK0   0009A
Port_SetType@pType                cstackBANK0   0009C
Port_TogglePin@Value              cstackBANK0   00077
Port_TogglePin@pInput             cstackBANK0   00074
Port_TogglePin@pPin               cstackBANK0   00076
SPI_DCS@pInput                    cstackBANK0   00060
SPI_DisableISR@pInput             cstackBANK0   00060
SPI_Init@pChannel                 cstackBANK0   00091
SPI_Init@pClock                   cstackBANK0   0008D
SPI_Init@pInput                   cstackBANK0   00093
SPI_Init@pMode                    cstackBANK0   00092
SPI_MaxSpeed@pInput               cstackBANK0   0006F
SPI_MinSpeed@pInput               cstackBANK0   0006F
SPI_Send9@dat                     bssBANK1      00125
SPI_Send@pData                    cstackBANK0   00062
SPI_Send@pInput                   cstackBANK0   00060
Set_Addr_Window@xe                cstackBANK0   00066
Set_Addr_Window@xs                cstackBANK0   00068
Set_Addr_Window@ye                cstackBANK0   00067
Set_Addr_Window@ys                cstackBANK0   00065
Set_Rotation@m                    cstackBANK0   00065
Set_Rotation@rotation             cstackBANK0   00066
Timer0_Init@DIV                   bssBANK1      00108
Timer0_Init@DIVIDE                cstackBANK0   00077
Timer0_Init@PRE                   bssBANK0      000F7
Timer0_Init@PRESCALE              mediumconst   0FC9F
Timer0_Init@pCPUClock             cstackBANK0   00073
Timer0_Init@pFrequency            cstackBANK0   0006D
Timer0_Start@pFunction            cstackBANK0   00060
Timer2_Init@DIV                   bssBANK1      00104
Timer2_Init@DIVIDE                cstackBANK0   0007A
Timer2_Init@INDEX                 bssBANK0      000F6
Timer2_Init@PRE                   bssBANK0      000F5
Timer2_Init@PRESCALE              mediumconst   0FCCC
Timer2_Init@RDIV                  cstackBANK0   00072
Timer2_Init@pCPUClock             cstackBANK0   00076
Timer2_Init@pFrequency            cstackBANK0   0006D
ToSegment@pCHR                    cstackBANK0   00060
Word_GetPair@pInput               cstackBANK0   0006C
Word_GetPair@pPair                cstackBANK0   0006E
Word_SetPair@pInput               cstackBANK0   0006F
Word_SetPair@pPair                cstackBANK0   00071
Word_SetPair@pValue               cstackBANK0   00072
_ADCON0bits                       (abs)         00FC2
_ADCON1bits                       (abs)         00FC1
_ADCVoltage                       bssBANK1      00100
_ADC_AN0                          bssBANK1      001DD
_ADC_AN1                          bssBANK1      001D8
_ADC_AN2                          bssBANK1      001D3
_ADC_AN3                          bssBANK1      001CE
_ADC_Calibrate                    text98        17F8E
_ADC_ClockDivision                text97        1685E
_ADC_ConversionTime               text96        1769E
_ADC_Init                         text93        16B7E
_ADC_Initialised                  bssCOMRAM     00036
_ADC_Off                          text100       18062
_ADC_On                           text99        1807C
_ADC_Sequence                     text92        177BA
_ADC_SetChannel                   text95        17EB0
_ADC_SetupIO                      text94        17B4A
_ADC_Start                        text29        169FC
_ADC_Voltage                      text114       1538E
_ADRESH                           (abs)         00FC4
_ADRESL                           (abs)         00FC3
_ANCON0                           (abs)         00FC1
_Bus_State                        dataCOMRAM    0004B
_Button_Init                      text74        15466
_Button_Poll                      text6         146DA
_Byte_GetBit                      text161       17B16
_Byte_GetPair                     text87        17E3A
_Byte_GetZone                     text88        16572
_Byte_SetBit                      text79        171A0
_Byte_SetByte                     text37        17FD6
_Byte_SetPair                     text82        17D3C
_Byte_SetQuad                     text89        17D5E
_Byte_SetZone                     text90        15C28
_COUNTER                          bssCOMRAM     0002E
_Configure_GPIOs                  text55        16EB6
_Console_Backspace                text127       17324
_Console_ClearCursor              text128       17884
_Console_FormFeed                 text125       167D0
_Console_IncrementCursor          text123       1713A
_Console_Init                     text101       168E8
_Console_MakeField                text160       1560A
_Console_MakeField$10974          cstackBANK0   0006E
_Console_NewLine                  text124       1642E
_Console_PrintChar                text121       138EE
_Console_Render                   text151       12F56
_Console_ResetCursor              text126       17E58
_Console_SetForecolour            text105       18050
_Console_Tab                      text122       15932
_DIPSwitch                        bssBANK1      00177
_Event_DIPSwitch                  text15        17C3E
_Event_NULL                       text16        18092
_Event_TestButton                 text17        179FC
_Font5x7                          mediumconst   0FCCF
_FunctADC                         text28        17FA2
_FunctInitADC                     text91        15E48
_FunctInitButton                  text73        1638C
_GetPortPORT                      text40        16242
_GetPortProperties                text39        1619C
_GetPortTRIS                      text38        160F6
_HMIBoard                         bssBANK1      00127
_HMI_DIPSwitch                    text8         17EFE
_HMI_DownSwitch                   text9         17F16
_HMI_GetBar                       text27        1806A
_HMI_Init                         text66        13366
_HMI_InitButtons                  text76        18076
_HMI_LeftSwitch                   text12        17F5E
_HMI_Poll                         text5         16CE6
_HMI_Render                       text149       179BE
_HMI_RightSwitch                  text11        17F46
_HMI_SetBar                       text26        1803C
_HMI_SetButton                    text25        16740
_HMI_SetNumber                    text18        17C9A
_HMI_SetSegments                  text23        15B6E
_HMI_UpSwitch                     text10        17F2E
_I2C1T                            bssCOMRAM     0003A
_I2C1_Done                        bssBANK1      00118
_I2C1_More                        bssBANK1      00112
_I2C2T                            bssBANK1      001C7
_I2C2_Done                        bssBANK1      00115
_I2C2_More                        bssBANK1      0010F
_INDEX                            bssBANK0      000F8
_INTCONbits                       (abs)         00FF2
_IPR1bits                         (abs)         00F9F
_IPR3bits                         (abs)         00FA5
_IRDistance                       bssBANK1      00121
_ISR_Enable                       text65        18046
_ISR_Function                     intcode       01408
_InitList                         mediumconst   0FB5D
_LATA                             (abs)         00F89
_LATB                             (abs)         00F8A
_LATC                             (abs)         00F8B
_LATD                             (abs)         00F8C
_LATE                             (abs)         00F8D
_LATF                             (abs)         00F8E
_LATG                             (abs)         00F8F
_LCD_DrawField                    text153       162E8
_LCD_Fill                         text54        173DA
_LCD_FillRectangle                text152       16E42
_LCD_Init                         text52        14568
_LCD_Reset                        text57        17528
_LCD_Word_Write                   text156       17E76
_LCD_Write                        text157       17D80
_LED_Init                         text41        17266
_LED_Set                          text42        174D8
_LED_Toggle                       text61        17656
_MASKS                            mediumconst   0FCBF
_MXK_BlockSwitchTo                text50        17942
_MXK_DIPSwitch                    text7         17EE6
_MXK_Dequeue                      text43        17904
_MXK_Init                         text32        143E8
_MXK_InitDIPSwitch                text75        17DFE
_MXK_InitTestButton               text77        17E1C
_MXK_Queue                        text49        17FE4
_MXK_Release                      text48        17E94
_MXK_SwitchTo                     text47        17800
_MXK_TestButton                   text13        17F76
_Mode_Set                         text159       17FB4
_Motor_Init                       text31        1553A
_Motor_Move                       text147       17A38
_Motor_Speed                      text143       17CC4
_Motor_Step                       text44        14B00
_Motor_Step$intlevel0             text44        14B06
_OSCTUNEbits                      (abs)         00F9B
_OutSeg                           text150       16A80
_PIE1bits                         (abs)         00F9D
_PIE3bits                         (abs)         00FA3
_PIR1                             (abs)         00F9E
_PIR1bits                         (abs)         00F9E
_PIR2                             (abs)         00FA1
_PIR3                             (abs)         00FA4
_PIR3bits                         (abs)         00FA4
_PORTA                            (abs)         00F80
_PORTB                            (abs)         00F81
_PORTC                            (abs)         00F82
_PORTD                            (abs)         00F83
_PORTE                            (abs)         00F84
_PORTF                            (abs)         00F85
_PORTFbits                        (abs)         00F85
_PORTG                            (abs)         00F86
_PR2                              (abs)         00FCB
_PortA                            bssBANK2      00264
_PortA_Property                   mediumconst   0FF07
_PortB                            bssBANK1      001A9
_PortB_Property                   mediumconst   0FF05
_PortC                            bssBANK1      001B3
_PortC_Property                   mediumconst   0FF03
_PortD                            bssBANK1      0019F
_PortD_Property                   mediumconst   0FF01
_PortE                            bssBANK1      00195
_PortE_Property                   mediumconst   0FEFF
_PortF                            bssBANK1      001BD
_PortF_Property                   mediumconst   0FEFD
_PortG                            bssBANK1      0018B
_PortG_Property                   mediumconst   0FEFB
_PortProperty_Valid               text85        16B02
_Port_CheckPairType               text84        17068
_Port_CheckPortType               text35        1760E
_Port_CheckQuadType               text83        17380
_Port_GetPin                      text64        1772E
_Port_GetQuad                     text14        175C4
_Port_Init                        text33        13C2A
_Port_Set                         text36        11EF8
_Port_SetPin                      text63        1586E
_Port_SetPinType                  text78        1372E
_Port_SetQuadType                 text80        12AD6
_Port_SetType                     text34        12D2C
_Port_TogglePin                   text62        17BAE
_RCONbits                         (abs)         00FD0
_Reset_High                       text60        17DE0
_Reset_Low                        text59        17DC2
_SPI1                             bssBANK1      00161
_SPI2                             bssBANK1      0016C
_SPI_DCS                          text72        17BDE
_SPI_DisableISR                   text71        17CEE
_SPI_Init                         text68        1171A
_SPI_MaxSpeed                     text56        16D5A
_SPI_MinSpeed                     text67        16DCE
_SPI_Send                         text158       16F92
_SSP1ADD                          (abs)         00FC8
_SSP1BUF                          (abs)         00FC9
_SSP1CON1                         (abs)         00FC6
_SSP1CON1bits                     (abs)         00FC6
_SSP1CON2                         (abs)         00FC5
_SSP1CON2bits                     (abs)         00FC5
_SSP1STAT                         (abs)         00FC7
_SSP1STATbits                     (abs)         00FC7
_SSP2BUF                          (abs)         00F6F
_SSP2CON1                         (abs)         00F6C
_SSP2CON1bits                     (abs)         00F6C
_SSP2CON2                         (abs)         00F6B
_SSP2CON2bits                     (abs)         00F6B
_SSP2STAT                         (abs)         00F6D
_SSP2STATbits                     (abs)         00F6D
_Set_Addr_Window                  text155       15FA2
_Set_Rotation                     text53        166A8
_Stepper                          bssCOMRAM     00041
_T0CONbits                        (abs)         00FD5
_T2CONbits                        (abs)         00FCA
_TMR0                             (abs)         00FD6
_TRISA                            (abs)         00F92
_TRISB                            (abs)         00F93
_TRISC                            (abs)         00F94
_TRISD                            (abs)         00F95
_TRISE                            (abs)         00F96
_TRISF                            (abs)         00F97
_TRISG                            (abs)         00F98
_TestButton                       bssBANK1      00181
_Timer0_Clear                     text146       1801A
_Timer0_ISR                       text163       17C6C
_Timer0_Init                      text144       149A0
_Timer0_Restart                   text46        1800E
_Timer0_Start                     text148       17D16
_Timer0_Stop                      text45        18070
_Timer2_Clear                     text70        1805A
_Timer2_Init                      text69        14840
_ToSegment                        text24        12852
_Word_GetPair                     text86        17980
_Word_SetPair                     text81        17774
__CFG_CCP2MX$DEFAULT              (abs)         00000
__CFG_CPUDIV$OSC1                 (abs)         00000
__CFG_FCMEN$OFF                   (abs)         00000
__CFG_FOSC$HSPLL                  (abs)         00000
__CFG_IESO$OFF                    (abs)         00000
__CFG_MSSPMSK$MSK5                (abs)         00000
__CFG_PLLDIV$3                    (abs)         00000
__CFG_STVREN$ON                   (abs)         00000
__CFG_WDTEN$OFF                   (abs)         00000
__CFG_WDTPS$32768                 (abs)         00000
__CFG_XINST$OFF                   (abs)         00000
__HRAM                            (abs)         00000
__Habs1                           abs1          00000
__Hbank0                          bank0         00000
__Hbank1                          bank1         00000
__Hbank10                         bank10        00000
__Hbank11                         bank11        00000
__Hbank12                         bank12        00000
__Hbank13                         bank13        00000
__Hbank14                         bank14        00000
__Hbank15                         bank15        00000
__Hbank2                          bank2         00000
__Hbank3                          bank3         00000
__Hbank4                          bank4         00000
__Hbank5                          bank5         00000
__Hbank6                          bank6         00000
__Hbank7                          bank7         00000
__Hbank8                          bank8         00000
__Hbank9                          bank9         00000
__Hbigbss                         bigbss        00000
__Hbigdata                        bigdata       00000
__Hbigram                         bigram        00000
__Hbss                            bss           00000
__HbssBANK0                       bssBANK0      00000
__HbssBANK1                       bssBANK1      00000
__HbssBANK2                       bssBANK2      00000
__HbssBIGRAM                      bssBIGRAM     00000
__HbssCOMRAM                      bssCOMRAM     00000
__Hcinit                          cinit         00000
__Hclrtext                        clrtext       00000
__Hcomram                         comram        00000
__Hconfig                         config        1FFFE
__Hconst                          const         00000
__HcstackBANK0                    cstackBANK0   00000
__HcstackBANK1                    cstackBANK1   00000
__HcstackBANK2                    cstackBANK2   00000
__HcstackCOMRAM                   cstackCOMRAM  00000
__Hdata                           data          00000
__HdataBANK0                      dataBANK0     00000
__HdataBANK1                      dataBANK1     00000
__HdataCOMRAM                     dataCOMRAM    00000
__Hfarbss                         farbss        00000
__Hfardata                        fardata       00000
__Hibigdata                       ibigdata      00000
__Hidata                          idata         00000
__HidataBANK0                     idataBANK0    00000
__HidataBANK1                     idataBANK1    00000
__HidataCOMRAM                    idataCOMRAM   00000
__Hidloc                          idloc         00000
__Hifardata                       ifardata      00000
__Hinit                           init          014AE
__Hintcode                        intcode       014AA
__Hintcode_body                   intcode_body  00000
__Hintcodelo                      intcodelo     014AA
__Hintentry                       intentry      00000
__Hintret                         intret        00000
__Hintsave_regs                   intsave_regs  00000
__Hirdata                         irdata        00000
__Hjflash_buffer                  jflash_buffer 1F800
__Hmediumconst                    mediumconst   10000
__HnvFARRAM                       nvFARRAM      00000
__Hnvbit                          nvbit         00000
__Hnvrram                         nvrram        00000
__Hparam                          rparam        00000
__Hpowerup                        powerup       014AA
__Hram                            ram           00000
__Hramtop                         ramtop        01000
__Hrbit                           rbit          00000
__Hrbss                           rbss          00000
__Hrdata                          rdata         00000
__Hreset_vec                      reset_vec     01404
__Hrparam                         rparam        00000
__Hsfr                            sfr           00000
__Hsmallconst                     smallconst    00000
__Hspace_0                        (abs)         1FFFE
__Hspace_1                        (abs)         003A7
__Hspace_2                        (abs)         00000
__Hstack                          stack         00000
__Hstruct                         struct        00000
__Htemp                           temp          00052
__Htext                           text          00000
__Htext0                          text0         00000
__Htext1                          text1         00000
__Htext10                         text10        00000
__Htext100                        text100       00000
__Htext101                        text101       00000
__Htext102                        text102       00000
__Htext103                        text103       00000
__Htext104                        text104       00000
__Htext105                        text105       00000
__Htext106                        text106       00000
__Htext107                        text107       00000
__Htext108                        text108       00000
__Htext109                        text109       00000
__Htext11                         text11        00000
__Htext110                        text110       00000
__Htext111                        text111       00000
__Htext112                        text112       00000
__Htext113                        text113       00000
__Htext114                        text114       00000
__Htext115                        text115       00000
__Htext116                        text116       00000
__Htext117                        text117       00000
__Htext118                        text118       00000
__Htext119                        text119       00000
__Htext12                         text12        00000
__Htext120                        text120       00000
__Htext121                        text121       00000
__Htext122                        text122       00000
__Htext123                        text123       00000
__Htext124                        text124       00000
__Htext125                        text125       00000
__Htext126                        text126       00000
__Htext127                        text127       00000
__Htext128                        text128       00000
__Htext129                        text129       00000
__Htext13                         text13        00000
__Htext130                        text130       00000
__Htext131                        text131       00000
__Htext132                        text132       00000
__Htext133                        text133       00000
__Htext134                        text134       00000
__Htext135                        text135       00000
__Htext136                        text136       00000
__Htext137                        text137       00000
__Htext138                        text138       00000
__Htext139                        text139       00000
__Htext14                         text14        00000
__Htext140                        text140       00000
__Htext141                        text141       00000
__Htext142                        text142       00000
__Htext143                        text143       00000
__Htext144                        text144       00000
__Htext145                        text145       00000
__Htext146                        text146       00000
__Htext147                        text147       00000
__Htext148                        text148       00000
__Htext149                        text149       00000
__Htext15                         text15        00000
__Htext150                        text150       00000
__Htext151                        text151       00000
__Htext152                        text152       00000
__Htext153                        text153       00000
__Htext154                        text154       00000
__Htext155                        text155       00000
__Htext156                        text156       00000
__Htext157                        text157       00000
__Htext158                        text158       00000
__Htext159                        text159       00000
__Htext16                         text16        00000
__Htext160                        text160       00000
__Htext161                        text161       00000
__Htext163                        text163       00000
__Htext164                        text164       00000
__Htext165                        text165       00000
__Htext166                        text166       00000
__Htext167                        text167       00000
__Htext168                        text168       00000
__Htext169                        text169       00000
__Htext17                         text17        00000
__Htext170                        text170       00000
__Htext171                        text171       00000
__Htext172                        text172       00000
__Htext173                        text173       00000
__Htext174                        text174       00000
__Htext175                        text175       00000
__Htext176                        text176       00000
__Htext18                         text18        00000
__Htext19                         text19        00000
__Htext2                          text2         00000
__Htext20                         text20        00000
__Htext21                         text21        00000
__Htext22                         text22        00000
__Htext23                         text23        00000
__Htext24                         text24        00000
__Htext25                         text25        00000
__Htext26                         text26        00000
__Htext27                         text27        00000
__Htext28                         text28        00000
__Htext29                         text29        00000
__Htext3                          text3         00000
__Htext30                         text30        00000
__Htext31                         text31        00000
__Htext32                         text32        00000
__Htext33                         text33        00000
__Htext34                         text34        00000
__Htext35                         text35        00000
__Htext36                         text36        00000
__Htext37                         text37        00000
__Htext38                         text38        00000
__Htext39                         text39        00000
__Htext4                          text4         00000
__Htext40                         text40        00000
__Htext41                         text41        00000
__Htext42                         text42        00000
__Htext43                         text43        00000
__Htext44                         text44        00000
__Htext45                         text45        00000
__Htext46                         text46        00000
__Htext47                         text47        00000
__Htext48                         text48        00000
__Htext49                         text49        00000
__Htext5                          text5         00000
__Htext50                         text50        00000
__Htext51                         text51        00000
__Htext52                         text52        00000
__Htext53                         text53        00000
__Htext54                         text54        00000
__Htext55                         text55        00000
__Htext56                         text56        00000
__Htext57                         text57        00000
__Htext58                         text58        00000
__Htext59                         text59        00000
__Htext6                          text6         00000
__Htext60                         text60        00000
__Htext61                         text61        00000
__Htext62                         text62        00000
__Htext63                         text63        00000
__Htext64                         text64        00000
__Htext65                         text65        00000
__Htext66                         text66        00000
__Htext67                         text67        00000
__Htext68                         text68        00000
__Htext69                         text69        00000
__Htext7                          text7         00000
__Htext70                         text70        00000
__Htext71                         text71        00000
__Htext72                         text72        00000
__Htext73                         text73        00000
__Htext74                         text74        00000
__Htext75                         text75        00000
__Htext76                         text76        00000
__Htext77                         text77        00000
__Htext78                         text78        00000
__Htext79                         text79        00000
__Htext8                          text8         00000
[...]


 *************** function i2_MXK_SwitchTo *****************
 Defined at:
		line 105 in file "Library/MXK.c"
 Parameters:    Size  Location     Type
  pModule         1    wreg     enum E6927
 Auto vars:     Size  Location     Type
  pModule         1    7[COMRAM] enum E6927
  MXK_SwitchTo    1    6[COMRAM] unsigned char 
 Return value:  Size  Location     Type
                  1    wreg      unsigned char 
 Registers used:
		wreg, status,2, status,0, cstack
 Tracked objects:
		On entry : 
		On exit  : 
		Unchanged: 
 Data sizes:     COMRAM   BANK0   BANK1   BANK2   BANK3   BANK4   BANK5   BANK6   BANK7   BANK8   BANK9  BANK10  BANK11  BANK12  BANK13  BANK14  BANK15
      Params:         0       0       0       0       0       0       0       0       0       0       0       0       0       0       0       0       0
      Locals:         2       0       0       0       0       0       0       0       0       0       0       0       0       0       0       0       0
      Temps:          0       0       0       0       0       0       0       0       0       0       0       0       0       0       0       0       0
      Totals:         2       0       0       0       0       0       0       0       0       0       0       0       0       0       0       0       0
Total ram usage:        2 bytes
 Hardware stack levels used:    1
 Hardware stack levels required when called:    1
 This function calls:
		i2_delay_us
 This function is called by:
		i2_Motor_Step
 This function uses a non-reentrant model


 *************** function i2_delay_us *****************
 Defined at:
		line 255 in file "Library/Types.c"
 Parameters:    Size  Location     Type
  us              2    0[COMRAM] unsigned short 
 Auto vars:     Size  Location     Type
  delay_us        4    2[COMRAM] unsigned long 
 Return value:  Size  Location     Type
                  1    wreg      void 
 Registers used:
		wreg, status,2, status,0
 Tracked objects:
		On entry : 
		On exit  : 
		Unchanged: 
 Data sizes:     COMRAM   BANK0   BANK1   BANK2   BANK3   BANK4   BANK5   BANK6   BANK7   BANK8   BANK9  BANK10  BANK11  BANK12  BANK13  BANK14  BANK15
      Params:         2       0       0       0       0       0       0       0       0       0       0       0       0       0       0       0       0
      Locals:         4       0       0       0       0       0       0       0       0       0       0       0       0       0       0       0       0
      Temps:          0       0       0       0       0       0       0       0       0       0       0       0       0       0       0       0       0
      Totals:         6       0       0       0       0       0       0       0       0       0       0       0       0       0       0       0       0
Total ram usage:        6 bytes
 Hardware stack levels used:    1
 This function calls:
		Nothing
 This function is called by:
		i2_MXK_SwitchTo
 This function uses a non-reentrant model


 *************** function i2_MXK_Release *****************
 Defined at:
		line 130 in file "Library/MXK.c"
 Parameters:    Size  Location     Type
		None
 Auto vars:     Size  Location     Type
		None
 Return value:  Size  Location     Type
                  1    wreg      unsigned char 
 Registers used:
		wreg, status,2, status,0
 Tracked objects:
		On entry : 
		On exit  : 
		Unchanged: 
 Data sizes:     COMRAM   BANK0   BANK1   BANK2   BANK3   BANK4   BANK5   BANK6   BANK7   BANK8   BANK9  BANK10  BANK11  BANK12  BANK13  BANK14  BANK15
      Params:         0       0       0       0       0       0       0       0       0       0       0       0       0       0       0       0       0
      Locals:         0       0       0       0       0       0       0       0       0       0       0       0       0       0       0       0       0
      Temps:          0       0       0       0       0       0       0       0       0       0       0       0       0       0       0       0       0
      Totals:         0       0       0       0       0       0       0       0       0       0       0       0       0       0       0       0       0
Total ram usage:        0 bytes
 Hardware stack levels used:    1
 This function calls:
		Nothing
 This function is called by:
		i2_Motor_Step
 This function uses a non-reentrant model


 *************** function i2_MXK_Queue *****************
 Defined at:
		line 144 in file "Library/MXK.c"
 Parameters:    Size  Location     Type
  pCallback       3    0[COMRAM] PTR FTN()void 
		 -> Absolute function(1), Motor_Step(1), 
 Auto vars:     Size  Location     Type
		None
 Return value:  Size  Location     Type
                  1    wreg      void 
 Registers used:
		wreg, status,2, status,0
 Tracked objects:
		On entry : 
		On exit  : 
		Unchanged: 
 Data sizes:     COMRAM   BANK0   BANK1   BANK2   BANK3   BANK4   BANK5   BANK6   BANK7   BANK8   BANK9  BANK10  BANK11  BANK12  BANK13  BANK14  BANK15
      Params:         3       0       0       0       0       0       0       0       0       0       0       0       0       0       0       0       0
      Locals:         0       0       0       0       0       0       0       0       0       0       0       0       0       0       0       0       0
      Temps:          0       0       0       0       0       0       0       0       0       0       0       0       0       0       0       0       0
      Totals:         3       0       0       0       0       0       0       0       0       0       0       0       0       0       0       0       0
Total ram usage:        3 bytes
 Hardware stack levels used:    1
 This function calls:
		Nothing
 This function is called by:
		i2_Motor_Step
 This function uses a non-reentrant model



MODULE INFORMATION

Module		Function		Class		Link	Load	Size
C:\Program Files (x86)\Microchip\xc8\v1.43\sources\common\flge.c
		___flge        		CODE           	13DBC	0000	401

C:\Program Files (x86)\Microchip\xc8\v1.43\sources\common\flge.c estimated size: 401

Library/LCD.c
		_LCD_Init      		CODE           	14568	0000	371
		_LCD_FillRectangle		CODE           	16E42	0000	117
		_Configure_GPIOs		CODE           	16EB6	0000	113
		_LCD_DrawField 		CODE           	162E8	0000	165
		_Set_Addr_Window		CODE           	15FA2	0000	171
		_LCD_Word_Write		CODE           	17E76	0000	31
		_LCD_Reset     		CODE           	17528	0000	81
		_Set_Rotation  		CODE           	166A8	0000	153
		_Mode_Set      		CODE           	17FB4	0000	19
		_Reset_Low     		CODE           	17DC2	0000	31
		_LCD_Write     		CODE           	17D80	0000	35
		_LCD_Fill      		CODE           	173DA	0000	89
		_Reset_High    		CODE           	17DE0	0000	31

Library/LCD.c estimated size: 1407

C:\Program Files (x86)\Microchip\xc8\v1.43\sources\common\frexp.c
		_ldexp         		CODE           	14D4A	0000	293
		_frexp         		CODE           	15CDE	0000	183

C:\Program Files (x86)\Microchip\xc8\v1.43\sources\common\frexp.c estimated size: 476

Library/MXK.c
		_MXK_InitDIPSwitch		CODE           	17DFE	0000	31
		_MXK_DIPSwitch 		CODE           	17EE6	0000	25
		_MXK_BlockSwitchTo		CODE           	17942	0000	63
		_MXK_Release   		CODE           	17E94	0000	29
		_MXK_Dequeue   		CODE           	17904	0000	63
		_MXK_InitTestButton		CODE           	17E1C	0000	31
		_MXK_SwitchTo  		CODE           	17800	0000	67
		_MXK_TestButton		CODE           	17F76	0000	25
		_MXK_Init      		CODE           	143E8	0000	385
		_MXK_Queue     		CODE           	17FE4	0000	15

Library/MXK.c estimated size: 734

C:\Program Files (x86)\Microchip\xc8\v1.43\sources\common\floor.c
		_floor         		CODE           	14E6E	0000	293

C:\Program Files (x86)\Microchip\xc8\v1.43\sources\common\floor.c estimated size: 293

C:\Program Files (x86)\Microchip\xc8\v1.43\sources\common\fldivl.c
		__div_to_l_    		CODE           	14260	0000	393

C:\Program Files (x86)\Microchip\xc8\v1.43\sources\common\fldivl.c estimated size: 393

C:\Program Files (x86)\Microchip\xc8\v1.43\sources\common\log.c
		_log           		CODE           	140D6	0000	395

C:\Program Files (x86)\Microchip\xc8\v1.43\sources\common\log.c estimated size: 395

C:\Program Files (x86)\Microchip\xc8\v1.43\sources\common\sprcadd.c
		___flsub       		CODE           	176E6	0000	73
		___fladd       		CODE           	10DCC	0000	1193

C:\Program Files (x86)\Microchip\xc8\v1.43\sources\common\sprcadd.c estimated size: 1266

Library/Port.c
		_GetPortTRIS   		CODE           	160F6	0000	167
		_GetPortPORT   		CODE           	16242	0000	167
		_Port_TogglePin		CODE           	17BAE	0000	49
		_Port_SetPinType		CODE           	1372E	0000	449
		_Port_Init     		CODE           	13C2A	0000	403
		_GetPortProperties		CODE           	1619C	0000	167
		_Port_GetPin   		CODE           	1772E	0000	71
		_Port_GetQuad  		CODE           	175C4	0000	75
		_Port_Set      		CODE           	11EF8	0000	955
		_Port_SetPin   		CODE           	1586E	0000	197
		_Port_SetType  		CODE           	12D2C	0000	555
		_Port_CheckQuadType		CODE           	17380	0000	91
		_Port_CheckPairType		CODE           	17068	0000	107
		_Port_CheckPortType		CODE           	1760E	0000	73
		_Port_SetQuadType		CODE           	12AD6	0000	599

Library/Port.c estimated size: 4125

C:\Program Files (x86)\Microchip\xc8\v1.43\sources\common\xxtofl.c
		___xxtofl      		CODE           	13560	0000	463

C:\Program Files (x86)\Microchip\xc8\v1.43\sources\common\xxtofl.c estimated size: 463

Library/LED.c
		_LED_Init      		CODE           	17266	0000	99
		_LED_Set       		CODE           	174D8	0000	81
		_LED_Toggle    		CODE           	17656	0000	73

Library/LED.c estimated size: 253

C:\Program Files (x86)\Microchip\xc8\v1.43\sources\common\lwdiv.c
		___lwdiv       		CODE           	16BF8	0000	121

C:\Program Files (x86)\Microchip\xc8\v1.43\sources\common\lwdiv.c estimated size: 121

Library/Motor.c
		_Motor_Move    		CODE           	17A38	0000	59
		_Motor_Step    		CODE           	14B00	0000	295
		_Motor_Speed   		CODE           	17CC4	0000	43
		_Motor_Init    		CODE           	1553A	0000	209

Library/Motor.c estimated size: 606

C:\Program Files (x86)\Microchip\xc8\v1.43\sources\common\awdiv.c
		___awdiv       		CODE           	159F4	0000	191

C:\Program Files (x86)\Microchip\xc8\v1.43\sources\common\awdiv.c estimated size: 191

C:\Program Files (x86)\Microchip\xc8\v1.43\sources\common\fltol.c
		___fltol       		CODE           	150AA	0000	269

C:\Program Files (x86)\Microchip\xc8\v1.43\sources\common\fltol.c estimated size: 269

C:\Program Files (x86)\Microchip\xc8\v1.43\sources\common\pow.c
		_pow           		CODE           	13166	0000	513

C:\Program Files (x86)\Microchip\xc8\v1.43\sources\common\pow.c estimated size: 513

C:\Program Files (x86)\Microchip\xc8\v1.43\sources\common\lldiv.c
		___lldiv       		CODE           	15AB2	0000	189

C:\Program Files (x86)\Microchip\xc8\v1.43\sources\common\lldiv.c estimated size: 189

Events.c
		_Event_DIPSwitch		CODE           	17C3E	0000	47
		_Event_NULL    		CODE           	18092	0000	3
		_Event_TestButton		CODE           	179FC	0000	61

Events.c estimated size: 111

C:\Program Files (x86)\Microchip\xc8\v1.43\sources\common\evalpoly.c
		_eval_poly     		CODE           	14F92	0000	281

C:\Program Files (x86)\Microchip\xc8\v1.43\sources\common\evalpoly.c estimated size: 281

C:\Program Files (x86)\Microchip\xc8\v1.43\sources\common\doprnt.c
		_scale         		CODE           	10892	0000	1339
		_printf        		CODE           	10000	0000	2195
		_fround        		CODE           	122B2	0000	775

C:\Program Files (x86)\Microchip\xc8\v1.43\sources\common\doprnt.c estimated size: 4309

Functions.c
		_FunctInitADC  		CODE           	15E48	0000	175
		_FunctADC      		CODE           	17FA2	0000	19
		_FunctInitButton		CODE           	1638C	0000	163

Functions.c estimated size: 357

HMI.c
		_HMI_InitButtons		CODE           	18076	0000	7
		_HMI_Poll      		CODE           	16CE6	0000	117
		_HMI_LeftSwitch		CODE           	17F5E	0000	25
		_HMI_UpSwitch  		CODE           	17F2E	0000	25
		_HMI_SetSegments		CODE           	15B6E	0000	187
		_HMI_Render    		CODE           	179BE	0000	63
		_OutSeg        		CODE           	16A80	0000	131
		_HMI_Init      		CODE           	13366	0000	507
		_HMI_RightSwitch		CODE           	17F46	0000	25
		_HMI_GetBar    		CODE           	1806A	0000	7
		_HMI_SetBar    		CODE           	1803C	0000	11
		_HMI_SetNumber 		CODE           	17C9A	0000	43
		_HMI_SetButton 		CODE           	16740	0000	145
		_HMI_DIPSwitch 		CODE           	17EFE	0000	25
		_HMI_DownSwitch		CODE           	17F16	0000	25

HMI.c estimated size: 1343

shared
		_InitList      		MEDIUMCONST    	FB5D	0000	179
		exp@coeff      		MEDIUMCONST    	FEAF	0000	41
		_PortE_Property		MEDIUMCONST    	FEFF	0000	3
		i2_Byte_SetBit 		CODE           	17578	0000	77
		_Font5x7       		MEDIUMCONST    	FCCF	0000	481
		i2_Motor_Step  		CODE           	151B6	0000	257
		__powers_      		MEDIUMCONST    	FC0F	0000	53
		Timer2_Init@PRESCALE		MEDIUMCONST    	FCCC	0000	4
		_PortF_Property		MEDIUMCONST    	FEFD	0000	3
		_dpowers       		MEDIUMCONST    	FC77	0000	41
		i2_Byte_GetZone		CODE           	16C70	0000	119
		i2_Byte_GetPair		CODE           	17ECC	0000	27
		_PortA_Property		MEDIUMCONST    	FF07	0000	3
		i2_Timer0_Stop 		CODE           	18082	0000	7
		_PortG_Property		MEDIUMCONST    	FEFB	0000	3
		__npowers_     		MEDIUMCONST    	FC43	0000	53
		i2_Timer0_Restart		CODE           	18026	0000	13
		HMI_SetButton@F7213		MEDIUMCONST    	FCC8	0000	5
		__initialization		CODE           	15EF6	0000	163
		i2_MXK_SwitchTo		CODE           	17AE0	0000	55
		_PortB_Property		MEDIUMCONST    	FF05	0000	3
		_MASKS         		MEDIUMCONST    	FCBF	0000	10
		i2_Word_GetPair		CODE           	17C0E	0000	49
		i2_Port_SetPin 		CODE           	1604C	0000	171
		i2_MXK_Release 		CODE           	18088	0000	7
		_PortC_Property		MEDIUMCONST    	FF03	0000	3
		PortProperty_Valid@F6830		MEDIUMCONST    	FCAF	0000	17
		log@coeff      		MEDIUMCONST    	FED7	0000	37
		Timer0_Init@PRESCALE		MEDIUMCONST    	FC9F	0000	17
		i2_delay_us    		CODE           	178C4	0000	65
		_PortD_Property		MEDIUMCONST    	FF01	0000	3
		i2_MXK_Queue   		CODE           	18000	0000	15

shared estimated size: 1984

C:\Program Files (x86)\Microchip\xc8\v1.43\sources\common\flneg.c
		___flneg       		CODE           	17A72	0000	57

C:\Program Files (x86)\Microchip\xc8\v1.43\sources\common\flneg.c estimated size: 57

Library/Button.c
		_Button_Poll   		CODE           	146DA	0000	359
		_Button_Init   		CODE           	15466	0000	213

Library/Button.c estimated size: 572

Library/ADC.c
		_ADC_ConversionTime		CODE           	1769E	0000	73
		_ADC_Sequence  		CODE           	177BA	0000	71
		_ADC_Off       		CODE           	18062	0000	9
		_ADC_SetupIO   		CODE           	17B4A	0000	51
		_ADC_Start     		CODE           	169FC	0000	133
		_ADC_SetChannel		CODE           	17EB0	0000	29
		_ADC_Voltage   		CODE           	1538E	0000	217
		_ADC_Calibrate 		CODE           	17F8E	0000	21
		_ADC_ClockDivision		CODE           	1685E	0000	139
		_ADC_On        		CODE           	1807C	0000	7
		_ADC_Init      		CODE           	16B7E	0000	123

Library/ADC.c estimated size: 873

C:\Program Files (x86)\Microchip\xc8\v1.43\sources\common\ftdivl.c
		__tdiv_to_l_   		CODE           	13A8C	0000	415

C:\Program Files (x86)\Microchip\xc8\v1.43\sources\common\ftdivl.c estimated size: 415

C:\Program Files (x86)\Microchip\xc8\v1.43\sources\common\sprcmul.c
		___flmul       		CODE           	11274	0000	1191

C:\Program Files (x86)\Microchip\xc8\v1.43\sources\common\sprcmul.c estimated size: 1191

C:\Program Files (x86)\Microchip\xc8\v1.43\sources\common\Umul16.c
		___wmul        		CODE           	17AAA	0000	55

C:\Program Files (x86)\Microchip\xc8\v1.43\sources\common\Umul16.c estimated size: 55

C:\Program Files (x86)\Microchip\xc8\v1.43\sources\common\sprcdiv.c
		___fldiv       		CODE           	11B38	0000	961

C:\Program Files (x86)\Microchip\xc8\v1.43\sources\common\sprcdiv.c estimated size: 961

Library/ISR.c
		_ISR_Function  		CODE           	1408	0000	163
		_ISR_Enable    		CODE           	18046	0000	11

Library/ISR.c estimated size: 174

Library/SPI.c
		_SPI_MinSpeed  		CODE           	16DCE	0000	117
		_SPI_DisableISR		CODE           	17CEE	0000	41
		_SPI_MaxSpeed  		CODE           	16D5A	0000	117
		_SPI_Init      		CODE           	1171A	0000	1055
		_SPI_Send      		CODE           	16F92	0000	109
		_SPI_DCS       		CODE           	17BDE	0000	49

Library/SPI.c estimated size: 1488

C:\Program Files (x86)\Microchip\xc8\v1.43\sources\common\exp.c
		_exp           		CODE           	125B8	0000	667

C:\Program Files (x86)\Microchip\xc8\v1.43\sources\common\exp.c estimated size: 667

C:\Program Files (x86)\Microchip\xc8\v1.43\sources\common\lwmod.c
		___lwmod       		CODE           	17204	0000	99

C:\Program Files (x86)\Microchip\xc8\v1.43\sources\common\lwmod.c estimated size: 99

main.c
		_displayContinuousMode		CODE           	156DA	0000	205
		_positionMode  		CODE           	157A6	0000	201
		_displaySID    		CODE           	17DA2	0000	33
		_main          		CODE           	14C26	0000	293
		_displayNullMode		CODE           	17842	0000	67
		_displayStepMode		CODE           	16972	0000	139
		_inputVar      		CODE           	15D94	0000	181
		_initialise    		CODE           	170D2	0000	105
		_displayPositionMode		CODE           	13F4C	0000	395
		_continuousMode		CODE           	17B7C	0000	51
		_nullMode      		CODE           	1404	0000	3
		_getMode       		CODE           	17432	0000	85
		_stepMode      		CODE           	172C8	0000	93

main.c estimated size: 1851

Library/Console.c
		_Console_NewLine		CODE           	1642E	0000	163
		_putch         		CODE           	17FF2	0000	15
		_Console_ClearCursor		CODE           	17884	0000	65
		_Console_ResetCursor		CODE           	17E58	0000	31
		_Console_Tab   		CODE           	15932	0000	195
		_Console_SetForecolour		CODE           	18050	0000	11
		_Console_IncrementCursor		CODE           	1713A	0000	103
		_Console_FormFeed		CODE           	167D0	0000	143
		_Console_Init  		CODE           	168E8	0000	139
		_Console_Backspace		CODE           	17324	0000	93
		_Console_MakeField		CODE           	1560A	0000	209
		_Console_PrintChar		CODE           	138EE	0000	415
		_Console_Render		CODE           	12F56	0000	529

Library/Console.c estimated size: 2111

C:\Program Files (x86)\Microchip\xc8\v1.43\sources\common\awmod.c
		___awmod       		CODE           	164D0	0000	163

C:\Program Files (x86)\Microchip\xc8\v1.43\sources\common\awmod.c estimated size: 163

Library/Timer2.c
		_Timer2_Init   		CODE           	14840	0000	353
		_Timer2_Clear  		CODE           	1805A	0000	9

Library/Timer2.c estimated size: 362

C:\Program Files (x86)\Microchip\xc8\v1.43\sources\common\llmod.c
		___llmod       		CODE           	1660E	0000	155

C:\Program Files (x86)\Microchip\xc8\v1.43\sources\common\llmod.c estimated size: 155

Library/Types.c
		_Word_GetPair  		CODE           	17980	0000	63
		_delay_us      		CODE           	17486	0000	83
		_ToSegment     		CODE           	12852	0000	645
		_Byte_GetBit   		CODE           	17B16	0000	53
		_Word_SetPair  		CODE           	17774	0000	71
		_itos          		CODE           	152B6	0000	217
		_Byte_GetZone  		CODE           	16572	0000	157
		_Byte_GetPair  		CODE           	17E3A	0000	31
		_Byte_SetBit   		CODE           	171A0	0000	101
		_Byte_SetQuad  		CODE           	17D5E	0000	35
		_Byte_SetZone  		CODE           	15C28	0000	183
		_Byte_SetByte  		CODE           	17FD6	0000	15
		_Byte_SetPair  		CODE           	17D3C	0000	35
		_delay_ms      		CODE           	16FFE	0000	107
		_reverse       		CODE           	16F26	0000	109
		_PortProperty_Valid		CODE           	16B02	0000	125

Library/Types.c estimated size: 2030

Library/Timer0.c
		_Timer0_ISR    		CODE           	17C6C	0000	47
		_Timer0_Init   		CODE           	149A0	0000	353
		_Timer0_Stop   		CODE           	18070	0000	7
		_Timer0_Clear  		CODE           	1801A	0000	13
		_Timer0_Start  		CODE           	17D16	0000	39
		_Timer0_Restart		CODE           	1800E	0000	13

Library/Timer0.c estimated size: 472

